2026-09-10 10:49:36 host gpu02.cluster job 3252560 task 0 stage train
GPU 0: NVIDIA H100 NVL (UUID: GPU-8e413919-ea16-cb0a-3a38-410620ba1bbd)
  MIG 2g.24gb     Device  0: (UUID: MIG-281c0c74-ddae-5f82-9b91-3e7d8a855877)
GPU 1: NVIDIA H100 NVL (UUID: GPU-6525825b-42ba-d600-6e82-921c05f7390b)
GPU 2: NVIDIA H100 NVL (UUID: GPU-64ef941c-2af9-b1a4-b0f1-3dea68d79f02)
GPU 3: NVIDIA H100 NVL (UUID: GPU-daac2482-6ad0-32bd-5511-a75765fd3610)
   8      5   0.0126   0.0280   0.0061  0.9984
SELECTED rank 8 (NONE meets first<=0.01 wash<=0.01; fallback=max)
   8      5   0.0119   0.0264   0.0057  0.9986
SELECTED rank 8 (NONE meets first<=0.01 wash<=0.01; fallback=max)
Submitted batch job 3252562
eval chained afterany 3252558
device=cuda
model=wire_ff_tofts h512 d12 w062 | FF k256/2.5 t32/1.5 | dcf_pow 0 env 0.75 | 3000 steps, batch 65536, split 0.7
    explicit heldout: 123 VAL spokes
    spoke-reduction: 488 acquired spokes, 1499136 samples, heldout=yes (same input as CS)
wandb: [wandb.login()] Loaded credentials for https://api.wandb.ai from /home/P101440/.netrc.
wandb: Currently logged in as: spshenov (spshenov-university-of-amsterdam) to https://api.wandb.ai. Use `wandb login --relogin` to force relogin
wandb: setting up run kacnbjet
wandb: Tracking run with wandb version 0.25.0
wandb: Run data is saved locally in results/tofts_vs_patlak/invivo/tofts8_sl18_s0/wandb_runs/wandb/run-20260910_104943-kacnbjet
wandb: Run `wandb offline` to turn off syncing.
wandb: Syncing run gnik_tofts8_sl18_s0_s18
wandb: ⭐️ View project at https://wandb.ai/spshenov-university-of-amsterdam/DCE_NIK
wandb: 🚀 View run at https://wandb.ai/spshenov-university-of-amsterdam/DCE_NIK/runs/kacnbjet
[wandb] gnik_tofts8_sl18_s0_s18: mode online
/net/beegfs/users/P101440/DCE_NIK/train_grasp_nik.py:346: UserWarning: Converting a tensor with requires_grad=True to a scalar may lead to unexpected behavior.
Consider using tensor.detach() first. (Triggered internally at /pytorch/torch/csrc/autograd/generated/python_variable_methods.cpp:836.)
  run.log(dict(loss=float(loss), heldout_mse=hl, val_knmse=hl / yhe_energy, best_heldout_mse=best_heldout,
    step   1000  train 8.782e-01  heldout 5.892e-01
    step   2000  train 6.469e-01  heldout 5.775e-01
    step   3000  train 5.650e-01  heldout 5.976e-01
    restored best (heldout 5.775e-01)
    RESOURCES slice 18: peak_gpu_MB 12349 params 5531216 best_heldout 5.7753e-01
wandb: updating run metadata
wandb: uploading history steps 2-2, summary, console lines 8-8
wandb: 
wandb: Run history:
wandb: best_heldout_mse  ▁▁
wandb:        best_step ▁██
wandb:      heldout_mse ▅▁█
wandb:             loss █▃▁
wandb:               lr ▁▁▁
wandb:      peak_gpu_mb ▁██
wandb:        val_knmse ▅▁█
wandb:           wall_s ▁▅█
wandb: 
wandb: Run summary:
wandb: best_heldout_mse 0.57753
wandb:        best_step 2000
wandb:      heldout_mse 0.5976
wandb:             loss 0.56499
wandb:               lr 1e-05
wandb:           params 5531216
wandb:      peak_gpu_mb 12349.33008
wandb:        val_knmse 0.74621
wandb:           wall_s 570.98978
wandb:     wall_total_s 1003.89211
wandb: 
wandb: 🚀 View run gnik_tofts8_sl18_s0_s18 at: https://wandb.ai/spshenov-university-of-amsterdam/DCE_NIK/runs/kacnbjet
wandb: ⭐️ View project at: https://wandb.ai/spshenov-university-of-amsterdam/DCE_NIK
wandb: Synced 5 W&B file(s), 0 media file(s), 0 artifact file(s) and 0 other file(s)
wandb: Find logs at: results/tofts_vs_patlak/invivo/tofts8_sl18_s0/wandb_runs/wandb/run-20260910_104943-kacnbjet/logs
slice 18  nik (192, 192, 342)  (1006s)  vs CS: corr 0.958  nrmse 0.216
done 1006s -> results/tofts_vs_patlak/invivo/tofts8_sl18_s0
[W910 11:06:28.041622444 AllocatorConfig.cpp:28] Warning: PYTORCH_CUDA_ALLOC_CONF is deprecated, use PYTORCH_ALLOC_CONF instead (function operator())
2026-09-10 11:06:28 TRAIN_DONE sl18 s0 exit 0
