2026-09-10 14:24:22 host gpu03.cluster job 3252786 task 3 stage train
GPU 0: NVIDIA H100 NVL (UUID: GPU-ba65053c-72ed-1c58-80be-07549e6f1e8a)
GPU 1: NVIDIA H100 NVL (UUID: GPU-eaa03982-4105-4fd4-05b4-dfe14a5475f9)
GPU 2: NVIDIA H100 NVL (UUID: GPU-c8d1c94c-c938-e03b-b589-eac076bd5f3f)
  MIG 2g.24gb     Device  0: (UUID: MIG-948aed47-08e2-5a84-b591-4931722e2aa0)
GPU 3: NVIDIA H100 NVL (UUID: GPU-11c2853b-6154-8665-333f-81dc10b2382c)
slice 18 arm tofts seed 0 -> results/tofts_vs_patlak/invivo_k80/tofts_sl18_s0
device=cuda
model=wire_ff_tofts h512 d12 w062 | FF k256/2.5 t32/1.5 | dcf_pow 0 env 0.75 | 3000 steps, batch 65536, split 0.7
    explicit heldout: 170 VAL spokes
    spoke-reduction: 1368 acquired spokes, 4202496 samples, heldout=yes (same input as CS)
wandb: [wandb.login()] Loaded credentials for https://api.wandb.ai from /home/P101440/.netrc.
wandb: Currently logged in as: spshenov (spshenov-university-of-amsterdam) to https://api.wandb.ai. Use `wandb login --relogin` to force relogin
wandb: setting up run np8skvba
wandb: Tracking run with wandb version 0.25.0
wandb: Run data is saved locally in results/tofts_vs_patlak/invivo_k80/tofts_sl18_s0/wandb_runs/wandb/run-20260910_142426-np8skvba
wandb: Run `wandb offline` to turn off syncing.
wandb: Syncing run gnik_tofts_sl18_s0_s18
wandb: ⭐️ View project at https://wandb.ai/spshenov-university-of-amsterdam/DCE_NIK
wandb: 🚀 View run at https://wandb.ai/spshenov-university-of-amsterdam/DCE_NIK/runs/np8skvba
[wandb] gnik_tofts_sl18_s0_s18: mode online
/net/beegfs/users/P101440/DCE_NIK/train_grasp_nik.py:346: UserWarning: Converting a tensor with requires_grad=True to a scalar may lead to unexpected behavior.
Consider using tensor.detach() first. (Triggered internally at /pytorch/torch/csrc/autograd/generated/python_variable_methods.cpp:836.)
  run.log(dict(loss=float(loss), heldout_mse=hl, val_knmse=hl / yhe_energy, best_heldout_mse=best_heldout,
    step   1000  train 1.040e+00  heldout 5.501e-01
    step   2000  train 8.931e-01  heldout 4.892e-01
    step   3000  train 8.317e-01  heldout 4.743e-01
    restored best (heldout 4.743e-01)
    RESOURCES slice 18: peak_gpu_MB 12459 params 5539416 best_heldout 4.7426e-01
wandb: updating run metadata
wandb: uploading history steps 2-2, summary, console lines 8-8
wandb: uploading data
wandb: 
wandb: Run history:
wandb: best_heldout_mse  █▁
wandb:        best_step ▁▆█
wandb:      heldout_mse █▂▁
wandb:             loss █▃▁
wandb:               lr ▁▁▁
wandb:      peak_gpu_mb ▁██
wandb:        val_knmse █▂▁
wandb:           wall_s ▁▄█
wandb: 
wandb: Run summary:
wandb: best_heldout_mse 0.47426
wandb:        best_step 3000
wandb:      heldout_mse 0.47426
wandb:             loss 0.83166
wandb:               lr 1e-05
wandb:           params 5539416
wandb:      peak_gpu_mb 12458.62012
wandb:        val_knmse 0.61012
wandb:           wall_s 564.8447
wandb:     wall_total_s 1066.74956
wandb: 
wandb: 🚀 View run gnik_tofts_sl18_s0_s18 at: https://wandb.ai/spshenov-university-of-amsterdam/DCE_NIK/runs/np8skvba
wandb: ⭐️ View project at: https://wandb.ai/spshenov-university-of-amsterdam/DCE_NIK
wandb: Synced 5 W&B file(s), 0 media file(s), 0 artifact file(s) and 0 other file(s)
wandb: Find logs at: results/tofts_vs_patlak/invivo_k80/tofts_sl18_s0/wandb_runs/wandb/run-20260910_142426-np8skvba/logs
slice 18  nik (192, 192, 342)  (1069s)  vs CS: corr 0.968  nrmse 0.190
done 1069s -> results/tofts_vs_patlak/invivo_k80/tofts_sl18_s0
[W910 14:42:13.100061643 AllocatorConfig.cpp:28] Warning: PYTORCH_CUDA_ALLOC_CONF is deprecated, use PYTORCH_ALLOC_CONF instead (function operator())
2026-09-10 14:42:14 TRAIN_DONE tofts sl18 s0 exit 0
