2026-09-10 14:42:18 host gpu02.cluster job 3252792 task 5 stage train
GPU 0: NVIDIA H100 NVL (UUID: GPU-8e413919-ea16-cb0a-3a38-410620ba1bbd)
GPU 1: NVIDIA H100 NVL (UUID: GPU-6525825b-42ba-d600-6e82-921c05f7390b)
  MIG 2g.24gb     Device  0: (UUID: MIG-5fbcb857-7ec1-52fa-967f-a37150159422)
GPU 2: NVIDIA H100 NVL (UUID: GPU-64ef941c-2af9-b1a4-b0f1-3dea68d79f02)
GPU 3: NVIDIA H100 NVL (UUID: GPU-daac2482-6ad0-32bd-5511-a75765fd3610)
slice 18 arm tofts seed 2 -> results/tofts_vs_patlak/invivo_k80/tofts_sl18_s2
device=cuda
model=wire_ff_tofts h512 d12 w062 | FF k256/2.5 t32/1.5 | dcf_pow 0 env 0.75 | 3000 steps, batch 65536, split 0.7
    explicit heldout: 170 VAL spokes
    spoke-reduction: 1368 acquired spokes, 4202496 samples, heldout=yes (same input as CS)
wandb: [wandb.login()] Loaded credentials for https://api.wandb.ai from /home/P101440/.netrc.
wandb: Currently logged in as: spshenov (spshenov-university-of-amsterdam) to https://api.wandb.ai. Use `wandb login --relogin` to force relogin
wandb: setting up run y6x2wqhi
wandb: Tracking run with wandb version 0.25.0
wandb: Run data is saved locally in results/tofts_vs_patlak/invivo_k80/tofts_sl18_s2/wandb_runs/wandb/run-20260910_144221-y6x2wqhi
wandb: Run `wandb offline` to turn off syncing.
wandb: Syncing run gnik_tofts_sl18_s2_s18
wandb: ⭐️ View project at https://wandb.ai/spshenov-university-of-amsterdam/DCE_NIK
wandb: 🚀 View run at https://wandb.ai/spshenov-university-of-amsterdam/DCE_NIK/runs/y6x2wqhi
[wandb] gnik_tofts_sl18_s2_s18: mode online
/net/beegfs/users/P101440/DCE_NIK/train_grasp_nik.py:346: UserWarning: Converting a tensor with requires_grad=True to a scalar may lead to unexpected behavior.
Consider using tensor.detach() first. (Triggered internally at /pytorch/torch/csrc/autograd/generated/python_variable_methods.cpp:836.)
  run.log(dict(loss=float(loss), heldout_mse=hl, val_knmse=hl / yhe_energy, best_heldout_mse=best_heldout,
    step   1000  train 1.008e+00  heldout 5.431e-01
    step   2000  train 8.738e-01  heldout 4.861e-01
    step   3000  train 8.213e-01  heldout 4.741e-01
    restored best (heldout 4.741e-01)
    RESOURCES slice 18: peak_gpu_MB 12459 params 5539416 best_heldout 4.7405e-01
wandb: updating run metadata
wandb: uploading output.log; uploading wandb-summary.json; uploading config.yaml; uploading history steps 2-2, summary, console lines 8-8
wandb: 
wandb: Run history:
wandb: best_heldout_mse  █▁
wandb:        best_step ▁▆█
wandb:      heldout_mse █▂▁
wandb:             loss █▃▁
wandb:               lr ▁▁▁
wandb:      peak_gpu_mb ▁██
wandb:        val_knmse █▂▁
wandb:           wall_s ▁▅█
wandb: 
wandb: Run summary:
wandb: best_heldout_mse 0.47405
wandb:        best_step 3000
wandb:      heldout_mse 0.47405
wandb:             loss 0.82128
wandb:               lr 1e-05
wandb:           params 5539416
wandb:      peak_gpu_mb 12458.62012
wandb:        val_knmse 0.60985
wandb:           wall_s 565.68528
wandb:     wall_total_s 976.55448
wandb: 
wandb: 🚀 View run gnik_tofts_sl18_s2_s18 at: https://wandb.ai/spshenov-university-of-amsterdam/DCE_NIK/runs/y6x2wqhi
wandb: ⭐️ View project at: https://wandb.ai/spshenov-university-of-amsterdam/DCE_NIK
wandb: Synced 5 W&B file(s), 0 media file(s), 0 artifact file(s) and 0 other file(s)
wandb: Find logs at: results/tofts_vs_patlak/invivo_k80/tofts_sl18_s2/wandb_runs/wandb/run-20260910_144221-y6x2wqhi/logs
slice 18  nik (192, 192, 342)  (978s)  vs CS: corr 0.967  nrmse 0.193
done 979s -> results/tofts_vs_patlak/invivo_k80/tofts_sl18_s2
[W910 14:58:39.273749563 AllocatorConfig.cpp:28] Warning: PYTORCH_CUDA_ALLOC_CONF is deprecated, use PYTORCH_ALLOC_CONF instead (function operator())
2026-09-10 14:58:39 TRAIN_DONE tofts sl18 s2 exit 0
