2026-09-10 14:57:15 host gpu02.cluster job 3252828 task 6 stage train
GPU 0: NVIDIA H100 NVL (UUID: GPU-8e413919-ea16-cb0a-3a38-410620ba1bbd)
  MIG 2g.24gb     Device  0: (UUID: MIG-281c0c74-ddae-5f82-9b91-3e7d8a855877)
GPU 1: NVIDIA H100 NVL (UUID: GPU-6525825b-42ba-d600-6e82-921c05f7390b)
GPU 2: NVIDIA H100 NVL (UUID: GPU-64ef941c-2af9-b1a4-b0f1-3dea68d79f02)
GPU 3: NVIDIA H100 NVL (UUID: GPU-daac2482-6ad0-32bd-5511-a75765fd3610)
slice 18 arm tofts8 seed 0 -> results/tofts_vs_patlak/invivo_k80/tofts8_sl18_s0
device=cuda
model=wire_ff_tofts h512 d12 w062 | FF k256/2.5 t32/1.5 | dcf_pow 0 env 0.75 | 3000 steps, batch 65536, split 0.7
    explicit heldout: 170 VAL spokes
    spoke-reduction: 1368 acquired spokes, 4202496 samples, heldout=yes (same input as CS)
wandb: [wandb.login()] Loaded credentials for https://api.wandb.ai from /home/P101440/.netrc.
wandb: Currently logged in as: spshenov (spshenov-university-of-amsterdam) to https://api.wandb.ai. Use `wandb login --relogin` to force relogin
wandb: setting up run o6m50reh
wandb: Tracking run with wandb version 0.25.0
wandb: Run data is saved locally in results/tofts_vs_patlak/invivo_k80/tofts8_sl18_s0/wandb_runs/wandb/run-20260910_145719-o6m50reh
wandb: Run `wandb offline` to turn off syncing.
wandb: Syncing run gnik_tofts8_sl18_s0_s18
wandb: ⭐️ View project at https://wandb.ai/spshenov-university-of-amsterdam/DCE_NIK
wandb: 🚀 View run at https://wandb.ai/spshenov-university-of-amsterdam/DCE_NIK/runs/o6m50reh
[wandb] gnik_tofts8_sl18_s0_s18: mode online
/net/beegfs/users/P101440/DCE_NIK/train_grasp_nik.py:346: UserWarning: Converting a tensor with requires_grad=True to a scalar may lead to unexpected behavior.
Consider using tensor.detach() first. (Triggered internally at /pytorch/torch/csrc/autograd/generated/python_variable_methods.cpp:836.)
  run.log(dict(loss=float(loss), heldout_mse=hl, val_knmse=hl / yhe_energy, best_heldout_mse=best_heldout,
    step   1000  train 1.012e+00  heldout 5.338e-01
    step   2000  train 8.952e-01  heldout 4.863e-01
    step   3000  train 8.484e-01  heldout 4.757e-01
    restored best (heldout 4.757e-01)
    RESOURCES slice 18: peak_gpu_MB 12459 params 5531216 best_heldout 4.7569e-01
wandb: updating run metadata
wandb: uploading output.log; uploading wandb-summary.json; uploading config.yaml
wandb: 
wandb: Run history:
wandb: best_heldout_mse  █▁
wandb:        best_step ▁▆█
wandb:      heldout_mse █▂▁
wandb:             loss █▃▁
wandb:               lr ▁▁▁
wandb:      peak_gpu_mb ▁██
wandb:        val_knmse █▂▁
wandb:           wall_s ▁▄█
wandb: 
wandb: Run summary:
wandb: best_heldout_mse 0.47569
wandb:        best_step 3000
wandb:      heldout_mse 0.47569
wandb:             loss 0.8484
wandb:               lr 1e-05
wandb:           params 5531216
wandb:      peak_gpu_mb 12458.521
wandb:        val_knmse 0.61196
wandb:           wall_s 572.94896
wandb:     wall_total_s 986.61527
wandb: 
wandb: 🚀 View run gnik_tofts8_sl18_s0_s18 at: https://wandb.ai/spshenov-university-of-amsterdam/DCE_NIK/runs/o6m50reh
wandb: ⭐️ View project at: https://wandb.ai/spshenov-university-of-amsterdam/DCE_NIK
wandb: Synced 5 W&B file(s), 0 media file(s), 0 artifact file(s) and 0 other file(s)
wandb: Find logs at: results/tofts_vs_patlak/invivo_k80/tofts8_sl18_s0/wandb_runs/wandb/run-20260910_145719-o6m50reh/logs
slice 18  nik (192, 192, 342)  (989s)  vs CS: corr 0.969  nrmse 0.188
done 989s -> results/tofts_vs_patlak/invivo_k80/tofts8_sl18_s0
[W910 15:13:46.612974038 AllocatorConfig.cpp:28] Warning: PYTORCH_CUDA_ALLOC_CONF is deprecated, use PYTORCH_ALLOC_CONF instead (function operator())
2026-09-10 15:13:46 TRAIN_DONE tofts8 sl18 s0 exit 0
