saved /net/beegfs/users/P101440/DCE_NIK/results/realdata_nik_vs_cs_figures/figures/roi_check_k80_sl21.png
missing /net/beegfs/users/P101440/DCE_NIK/results_sl18_k80/nik_slice_18.npy
missing /net/beegfs/users/P101440/DCE_NIK/results/realdata_nik_vs_cs_figures/outcoil_subspace_output_slice18.npy
saved /net/beegfs/users/P101440/DCE_NIK/results/realdata_nik_vs_cs_figures/figures/roi_check_k80_sl18.png
missing /net/beegfs/users/P101440/DCE_NIK/results_sl19_k80/nik_slice_19.npy
missing /net/beegfs/users/P101440/DCE_NIK/results/realdata_nik_vs_cs_figures/outcoil_subspace_output_slice19.npy
saved /net/beegfs/users/P101440/DCE_NIK/results/realdata_nik_vs_cs_figures/figures/roi_check_k80_sl19.png
# roi check, in vivo k80 (masks from consolidated.slice_ctx: grasp-pro 100% anatomy, identical for every method)

| slice | aorta px | cortex px | medulla px | liver px | cortex/medulla centroid (row, col) | aorta centroid |
|---|---|---|---|---|---|---|
| 21 | 29 | 473 | 421 | 1974 | (119, 94) / (117, 90) | (94, 95) |
| 18 | 45 | 643 | 479 | 1633 | (119, 103) / (120, 87) | (97, 96) |
| 19 | 36 | 496 | 434 | 1684 | (119, 96) / (119, 90) | (96, 95) |
ROI_CHECK_DONE
ROI exit 0
# tofts basis span vs trained arms, in vivo slice 21, k80 (reference = model-free 31-spoke nufft, roi enhancement, baseline subtracted)

ratios are amplitude relative to the model-free curve: first-pass peak (20 to 210 s) and washout mean (t > 200 s). projection = least squares of the model-free curve onto the first R atoms at the frame times (what a perfect fit inside the span could reach).

| curve | aorta peak / washout | cortex peak / washout | medulla peak / washout | liver peak / washout | body voxel err (all / dynamic part) |
|---|---|---|---|---|---|
| projection rank 3 | 0.99 / 1.02 | 1.00 / 0.90 | 0.73 / 0.93 | 0.68 / 0.94 | 0.264 / 0.604 |
| projection rank 5 | 1.00 / 1.02 | 1.00 / 1.01 | 0.83 / 1.00 | 0.77 / 0.99 | 0.251 / 0.572 |
| projection rank 8 | 1.00 / 1.02 | 0.96 / 1.00 | 0.93 / 1.00 | 0.81 / 0.99 | 0.244 / 0.554 |
| projection rank 12 | 1.00 / 0.99 | 0.97 / 1.00 | 0.94 / 1.00 | 0.81 / 0.98 | 0.238 / 0.542 |
| NIK-tofts (trained) | 0.64 / 0.82 | 0.48 / 0.68 | 0.65 / 0.71 | 1.60 / 1.64 | |
| NIK-tofts8 (trained) | 0.76 / 0.96 | 0.54 / 0.73 | 0.67 / 0.75 | 1.31 / 1.46 | |
| NIK-patlak (trained) | 0.99 / 1.02 | 0.81 / 0.84 | 0.69 / 0.90 | 0.79 / 1.11 | |

basis aif vs model-free aorta: time to peak 63.8 s vs 63.2 s; plateau / peak 0.23 vs 0.23
SPAN_DIAG_DONE
# tofts basis span vs trained arms, in vivo slice 18, k80 (reference = model-free 31-spoke nufft, roi enhancement, baseline subtracted)

ratios are amplitude relative to the model-free curve: first-pass peak (20 to 210 s) and washout mean (t > 200 s). projection = least squares of the model-free curve onto the first R atoms at the frame times (what a perfect fit inside the span could reach).

| curve | aorta peak / washout | cortex peak / washout | medulla peak / washout | liver peak / washout | body voxel err (all / dynamic part) |
|---|---|---|---|---|---|
| projection rank 3 | 0.98 / 1.03 | 0.99 / 0.90 | 0.88 / 0.93 | 0.68 / 0.94 | 0.246 / 0.558 |
| projection rank 5 | 0.99 / 1.03 | 1.02 / 1.01 | 0.94 / 1.00 | 0.79 / 1.00 | 0.231 / 0.524 |
| projection rank 8 | 0.99 / 1.03 | 0.95 / 1.00 | 0.99 / 1.00 | 0.82 / 0.99 | 0.225 / 0.508 |
| projection rank 12 | 1.01 / 1.00 | 0.96 / 1.01 | 0.99 / 1.00 | 0.82 / 1.00 | 0.221 / 0.498 |
| NIK-tofts (trained) | 0.65 / 0.86 | 0.53 / 0.71 | 0.63 / 0.63 | 1.32 / 1.51 | |
| NIK-tofts8 (trained) | 0.71 / 0.88 | 0.57 / 0.74 | 0.65 / 0.66 | 1.30 / 1.49 | |
| NIK-patlak (trained) | 0.95 / 0.99 | 0.88 / 0.85 | 0.83 / 0.85 | 0.82 / 1.12 | |

basis aif vs model-free aorta: time to peak 63.8 s vs 63.2 s; plateau / peak 0.23 vs 0.23
SPAN_DIAG_DONE
# tofts basis span vs trained arms, in vivo slice 19, k80 (reference = model-free 31-spoke nufft, roi enhancement, baseline subtracted)

ratios are amplitude relative to the model-free curve: first-pass peak (20 to 210 s) and washout mean (t > 200 s). projection = least squares of the model-free curve onto the first R atoms at the frame times (what a perfect fit inside the span could reach).

| curve | aorta peak / washout | cortex peak / washout | medulla peak / washout | liver peak / washout | body voxel err (all / dynamic part) |
|---|---|---|---|---|---|
| projection rank 3 | 0.99 / 1.02 | 1.02 / 0.90 | 0.93 / 0.92 | 0.67 / 0.94 | 0.255 / 0.577 |
| projection rank 5 | 0.99 / 1.02 | 1.01 / 1.01 | 0.99 / 1.00 | 0.76 / 0.99 | 0.240 / 0.544 |
| projection rank 8 | 0.99 / 1.02 | 0.97 / 1.00 | 0.99 / 0.99 | 0.79 / 0.98 | 0.234 / 0.528 |
| projection rank 12 | 1.01 / 1.00 | 0.97 / 1.01 | 0.99 / 1.00 | 0.79 / 0.99 | 0.230 / 0.517 |
| NIK-tofts (trained) | 0.67 / 0.79 | 0.50 / 0.67 | 0.61 / 0.62 | 1.25 / 1.27 | |
| NIK-tofts8 (trained) | 0.70 / 0.83 | 0.55 / 0.69 | 0.61 / 0.63 | 1.04 / 1.27 | |
| NIK-patlak (trained) | 0.97 / 1.08 | 0.85 / 0.85 | 0.89 / 0.86 | 0.87 / 1.10 | |

basis aif vs model-free aorta: time to peak 63.8 s vs 63.2 s; plateau / peak 0.23 vs 0.23
SPAN_DIAG_DONE
SPAN exit 0
saved /net/beegfs/users/P101440/DCE_NIK/results/realdata_nik_vs_cs_figures/figures/story_invivo_k80_sl21.png
saved /net/beegfs/users/P101440/DCE_NIK/results/realdata_nik_vs_cs_figures/figures/story_invivo_k80_sl21_free.png
saved /net/beegfs/users/P101440/DCE_NIK/results/realdata_nik_vs_cs_figures/figures/story_invivo_k80_sl21_sub16.png
saved /net/beegfs/users/P101440/DCE_NIK/results/realdata_nik_vs_cs_figures/figures/story_invivo_k80_sl21_patlak.png
saved /net/beegfs/users/P101440/DCE_NIK/results/realdata_nik_vs_cs_figures/figures/story_invivo_k80_sl21_tofts.png
STORY_DONE
STORY exit 0
