2026-09-15 22:15:13 host gpu02.cluster job 3297973 task 2 stage train
GPU 0: NVIDIA H100 NVL (UUID: GPU-8e413919-ea16-cb0a-3a38-410620ba1bbd)
GPU 1: NVIDIA H100 NVL (UUID: GPU-6525825b-42ba-d600-6e82-921c05f7390b)
  MIG 2g.24gb     Device  0: (UUID: MIG-5fbcb857-7ec1-52fa-967f-a37150159422)
GPU 2: NVIDIA H100 NVL (UUID: GPU-64ef941c-2af9-b1a4-b0f1-3dea68d79f02)
GPU 3: NVIDIA H100 NVL (UUID: GPU-daac2482-6ad0-32bd-5511-a75765fd3610)
variant env0 -> results/tofts_vs_patlak/amp_track/env0_sl21
device=cuda
model=wire_ff_tofts h512 d12 w062 | FF k256/2.5 t32/1.5 | dcf_pow 0 env 0 | 40000 steps, batch 65536, split 0.7
    explicit heldout: 170 VAL spokes
    spoke-reduction: 1368 acquired spokes, 4202496 samples, heldout=yes (same input as CS)
wandb: [wandb.login()] Loaded credentials for https://api.wandb.ai from /home/P101440/.netrc.
wandb: Currently logged in as: spshenov (spshenov-university-of-amsterdam) to https://api.wandb.ai. Use `wandb login --relogin` to force relogin
wandb: setting up run sid5f4ty
wandb: Tracking run with wandb version 0.25.0
wandb: Run data is saved locally in results/tofts_vs_patlak/amp_track/env0_sl21/wandb_runs/wandb/run-20260915_221525-sid5f4ty
wandb: Run `wandb offline` to turn off syncing.
wandb: Syncing run gnik_env0_sl21_s21
wandb: ⭐️ View project at https://wandb.ai/spshenov-university-of-amsterdam/DCE_NIK
wandb: 🚀 View run at https://wandb.ai/spshenov-university-of-amsterdam/DCE_NIK/runs/sid5f4ty
[wandb] gnik_env0_sl21_s21: mode online
/net/beegfs/users/P101440/DCE_NIK/train_grasp_nik.py:351: UserWarning: Converting a tensor with requires_grad=True to a scalar may lead to unexpected behavior.
Consider using tensor.detach() first. (Triggered internally at /pytorch/torch/csrc/autograd/generated/python_variable_methods.cpp:836.)
  run.log(dict(loss=float(loss), heldout_mse=hl, val_knmse=hl / yhe_energy, best_heldout_mse=best_heldout,
    step   1000  train 1.225e+01  heldout 6.610e+00
    step   2000  train 1.146e+01  heldout 5.335e+00
    step   3000  train 8.382e+00  heldout 4.647e+00
    step   4000  train 8.652e+00  heldout 4.240e+00
    step   5000  train 7.700e+00  heldout 3.975e+00
    step   6000  train 6.713e+00  heldout 3.800e+00
    step   7000  train 7.489e+00  heldout 3.693e+00
    step   8000  train 6.749e+00  heldout 3.599e+00
    step   9000  train 6.778e+00  heldout 3.585e+00
    step  10000  train 6.594e+00  heldout 3.541e+00
    step  11000  train 7.604e+00  heldout 3.511e+00
    step  12000  train 6.983e+00  heldout 3.503e+00
    step  13000  train 6.892e+00  heldout 3.470e+00
    step  14000  train 7.136e+00  heldout 3.461e+00
    step  15000  train 6.789e+00  heldout 3.444e+00
    step  16000  train 6.728e+00  heldout 3.432e+00
    step  17000  train 7.223e+00  heldout 3.423e+00
    step  18000  train 6.419e+00  heldout 3.406e+00
    step  19000  train 7.166e+00  heldout 3.424e+00
    step  20000  train 6.916e+00  heldout 3.402e+00
    step  21000  train 6.277e+00  heldout 3.403e+00
    step  22000  train 6.345e+00  heldout 3.375e+00
    step  23000  train 6.035e+00  heldout 3.373e+00
    step  24000  train 6.966e+00  heldout 3.373e+00
    step  25000  train 6.763e+00  heldout 3.357e+00
    step  26000  train 6.957e+00  heldout 3.380e+00
    step  27000  train 6.790e+00  heldout 3.356e+00
    step  28000  train 6.759e+00  heldout 3.388e+00
    step  29000  train 6.140e+00  heldout 3.367e+00
    step  30000  train 6.034e+00  heldout 3.357e+00
    step  31000  train 7.050e+00  heldout 3.358e+00
    step  32000  train 6.899e+00  heldout 3.356e+00
    step  33000  train 6.864e+00  heldout 3.366e+00
    step  34000  train 6.328e+00  heldout 3.360e+00
    step  35000  train 6.923e+00  heldout 3.355e+00
    step  36000  train 6.589e+00  heldout 3.352e+00
    step  37000  train 6.327e+00  heldout 3.357e+00
    step  38000  train 6.571e+00  heldout 3.352e+00
    step  39000  train 6.773e+00  heldout 3.338e+00
    step  40000  train 6.605e+00  heldout 3.356e+00
    final weights kept (best heldout 3.338e+00 at step 39000)
    RESOURCES slice 21: peak_gpu_MB 12459 params 5531216 best_heldout 3.3384e+00
wandb: updating run metadata
wandb: uploading config.yaml; uploading output.log; uploading wandb-summary.json
wandb: 
wandb: Run history:
wandb: best_heldout_mse  █▆▄▃▃▂▂▂▂▂▂▁▁▁▁▁▁▁▁▁▁▁▁▁▁▁▁▁▁▁▁▁▁▁▁▁▁▁▁
wandb:        best_step ▁▁▂▂▂▂▂▂▃▃▃▃▃▄▄▄▄▄▄▅▅▅▅▅▅▅▆▆▆▆▆▇▇▇▇▇▇▇██
wandb:      heldout_mse █▅▄▃▂▂▂▂▂▁▁▁▁▁▁▁▁▁▁▁▁▁▁▁▁▁▁▁▁▁▁▁▁▁▁▁▁▁▁▁
wandb:             loss █▇▄▄▃▂▃▂▂▂▃▂▂▂▂▂▂▁▂▂▁▁▁▂▂▂▂▂▁▁▂▂▂▁▂▂▁▂▂▂
wandb:               lr ▁▁▁▁▁▁▁▁▁▁▁▁▁▁▁▁▁▁▁▁▁▁▁▁▁▁▁▁▁▁▁▁▁▁▁▁▁▁▁▁
wandb:      peak_gpu_mb ▁███████████████████████████████████████
wandb:        val_knmse █▅▄▃▂▂▂▂▂▁▁▁▁▁▁▁▁▁▁▁▁▁▁▁▁▁▁▁▁▁▁▁▁▁▁▁▁▁▁▁
wandb:           wall_s ▁▁▁▂▂▂▂▂▂▃▃▃▃▃▃▄▄▄▄▄▅▅▅▅▅▆▆▆▆▆▆▇▇▇▇▇▇███
wandb: 
wandb: Run summary:
wandb: best_heldout_mse 3.33836
wandb:        best_step 39000
wandb:      heldout_mse 3.3557
wandb:             loss 6.60549
wandb:               lr 1e-05
wandb:           params 5531216
wandb:      peak_gpu_mb 12458.521
wandb:        val_knmse 0.35334
wandb:           wall_s 17046.41771
wandb:     wall_total_s 17527.53438
wandb: 
wandb: 🚀 View run gnik_env0_sl21_s21 at: https://wandb.ai/spshenov-university-of-amsterdam/DCE_NIK/runs/sid5f4ty
wandb: ⭐️ View project at: https://wandb.ai/spshenov-university-of-amsterdam/DCE_NIK
wandb: Synced 5 W&B file(s), 0 media file(s), 0 artifact file(s) and 0 other file(s)
wandb: Find logs at: results/tofts_vs_patlak/amp_track/env0_sl21/wandb_runs/wandb/run-20260915_221525-sid5f4ty/logs
slice 21  nik (192, 192, 342)  (17536s)  vs CS: corr 0.942  nrmse 0.252
done 17537s -> results/tofts_vs_patlak/amp_track/env0_sl21
[W916 03:07:34.806904230 AllocatorConfig.cpp:28] Warning: PYTORCH_CUDA_ALLOC_CONF is deprecated, use PYTORCH_ALLOC_CONF instead (function operator())
2026-09-16 03:07:35 TRAIN_DONE env0 exit 0
