2026-09-16 14:41:52 host gpu03.cluster job 3307298 task 11 stage train
GPU 0: NVIDIA H100 NVL (UUID: GPU-ba65053c-72ed-1c58-80be-07549e6f1e8a)
GPU 1: NVIDIA H100 NVL (UUID: GPU-eaa03982-4105-4fd4-05b4-dfe14a5475f9)
GPU 2: NVIDIA H100 NVL (UUID: GPU-c8d1c94c-c938-e03b-b589-eac076bd5f3f)
  MIG 2g.24gb     Device  0: (UUID: MIG-948aed47-08e2-5a84-b591-4931722e2aa0)
GPU 3: NVIDIA H100 NVL (UUID: GPU-11c2853b-6154-8665-333f-81dc10b2382c)
exists results/tofts_vs_patlak/basis_sl19_rms1.npz
exists results/tofts_vs_patlak/basis_sl19_r8_rms1.npz
slice 19 arm patlak seed 2 -> results/tofts_vs_patlak/invivo_k80_rms1/patlak_sl19_s2
device=cuda
model=wire_ff_patlak h512 d12 w062 | FF k256/2.5 t32/1.5 | dcf_pow 0 env 0.75 | 10000 steps, batch 65536, split 0.7
    explicit heldout: 170 VAL spokes
    spoke-reduction: 1368 acquired spokes, 4202496 samples, heldout=yes (same input as CS)
wandb: [wandb.login()] Loaded credentials for https://api.wandb.ai from /home/P101440/.netrc.
wandb: Currently logged in as: spshenov (spshenov-university-of-amsterdam) to https://api.wandb.ai. Use `wandb login --relogin` to force relogin
wandb: setting up run 6l2vp9hs
wandb: Tracking run with wandb version 0.25.0
wandb: Run data is saved locally in results/tofts_vs_patlak/invivo_k80_rms1/patlak_sl19_s2/wandb_runs/wandb/run-20260916_144155-6l2vp9hs
wandb: Run `wandb offline` to turn off syncing.
wandb: Syncing run gnik_patlak_sl19_s2_s19
wandb: ⭐️ View project at https://wandb.ai/spshenov-university-of-amsterdam/DCE_NIK
wandb: 🚀 View run at https://wandb.ai/spshenov-university-of-amsterdam/DCE_NIK/runs/6l2vp9hs
[wandb] gnik_patlak_sl19_s2_s19: mode online
/net/beegfs/users/P101440/DCE_NIK/train_grasp_nik.py:351: UserWarning: Converting a tensor with requires_grad=True to a scalar may lead to unexpected behavior.
Consider using tensor.detach() first. (Triggered internally at /pytorch/torch/csrc/autograd/generated/python_variable_methods.cpp:836.)
  run.log(dict(loss=float(loss), heldout_mse=hl, val_knmse=hl / yhe_energy, best_heldout_mse=best_heldout,
    step   1000  train 9.774e-01  heldout 4.845e-01
    step   2000  train 8.448e-01  heldout 4.291e-01
    step   3000  train 7.952e-01  heldout 4.215e-01
    step   4000  train 7.872e-01  heldout 4.157e-01
    step   5000  train 7.484e-01  heldout 4.131e-01
    step   6000  train 7.406e-01  heldout 4.127e-01
    step   7000  train 7.504e-01  heldout 4.141e-01
    step   8000  train 7.331e-01  heldout 4.091e-01
    step   9000  train 7.385e-01  heldout 4.115e-01
    step  10000  train 7.310e-01  heldout 4.114e-01
    final weights kept (best heldout 4.091e-01 at step 8000)
    RESOURCES slice 19: peak_gpu_MB 12458 params 5520966 best_heldout 4.0908e-01
wandb: updating run metadata
wandb: uploading output.log; uploading wandb-summary.json; uploading config.yaml
wandb: 
wandb: Run history:
wandb: best_heldout_mse  █▅▃▂▂▂▁▁▁
wandb:        best_step ▁▃▄▅▅▆▆███
wandb:      heldout_mse █▃▂▂▁▁▁▁▁▁
wandb:             loss █▄▃▃▁▁▂▁▁▁
wandb:               lr ▁▁▁▁▁▁▁▁▁▁
wandb:      peak_gpu_mb ▁█████████
wandb:        val_knmse █▃▂▂▁▁▁▁▁▁
wandb:           wall_s ▁▂▃▃▄▅▆▆▇█
wandb: 
wandb: Run summary:
wandb: best_heldout_mse 0.40908
wandb:        best_step 8000
wandb:      heldout_mse 0.41141
wandb:             loss 0.73104
wandb:               lr 1e-05
wandb:           params 5520966
wandb:      peak_gpu_mb 12458.39551
wandb:        val_knmse 0.58898
wandb:           wall_s 1888.5468
wandb:     wall_total_s 2303.42817
wandb: 
wandb: 🚀 View run gnik_patlak_sl19_s2_s19 at: https://wandb.ai/spshenov-university-of-amsterdam/DCE_NIK/runs/6l2vp9hs
wandb: ⭐️ View project at: https://wandb.ai/spshenov-university-of-amsterdam/DCE_NIK
wandb: Synced 5 W&B file(s), 0 media file(s), 0 artifact file(s) and 0 other file(s)
wandb: Find logs at: results/tofts_vs_patlak/invivo_k80_rms1/patlak_sl19_s2/wandb_runs/wandb/run-20260916_144155-6l2vp9hs/logs
slice 19  nik (192, 192, 342)  (2305s)  vs CS: corr 0.965  nrmse 0.194
done 2306s -> results/tofts_vs_patlak/invivo_k80_rms1/patlak_sl19_s2
[W916 15:20:20.544900003 AllocatorConfig.cpp:28] Warning: PYTORCH_CUDA_ALLOC_CONF is deprecated, use PYTORCH_ALLOC_CONF instead (function operator())
2026-09-16 15:20:20 TRAIN_DONE patlak sl19 s2 exit 0
