2026-09-16 17:54:51 host gpu02.cluster job 3307479 task 21 stage train
GPU 0: NVIDIA H100 NVL (UUID: GPU-8e413919-ea16-cb0a-3a38-410620ba1bbd)
GPU 1: NVIDIA H100 NVL (UUID: GPU-6525825b-42ba-d600-6e82-921c05f7390b)
  MIG 2g.24gb     Device  0: (UUID: MIG-5fbcb857-7ec1-52fa-967f-a37150159422)
GPU 2: NVIDIA H100 NVL (UUID: GPU-64ef941c-2af9-b1a4-b0f1-3dea68d79f02)
GPU 3: NVIDIA H100 NVL (UUID: GPU-daac2482-6ad0-32bd-5511-a75765fd3610)
exists results/tofts_vs_patlak/basis_sl21_rms1.npz
exists results/tofts_vs_patlak/basis_sl21_r8_rms1.npz
slice 21 arm tofts seed 0 -> results/tofts_vs_patlak/invivo_k80_rms1/tofts_sl21_s0
device=cuda
model=wire_ff_tofts h512 d12 w062 | FF k256/2.5 t32/1.5 | dcf_pow 0 env 0.75 | 10000 steps, batch 65536, split 0.7
    explicit heldout: 170 VAL spokes
    spoke-reduction: 1368 acquired spokes, 4202496 samples, heldout=yes (same input as CS)
wandb: [wandb.login()] Loaded credentials for https://api.wandb.ai from /home/P101440/.netrc.
wandb: Currently logged in as: spshenov (spshenov-university-of-amsterdam) to https://api.wandb.ai. Use `wandb login --relogin` to force relogin
wandb: setting up run wj2a9gfs
wandb: Tracking run with wandb version 0.25.0
wandb: Run data is saved locally in results/tofts_vs_patlak/invivo_k80_rms1/tofts_sl21_s0/wandb_runs/wandb/run-20260916_175455-wj2a9gfs
wandb: Run `wandb offline` to turn off syncing.
wandb: Syncing run gnik_tofts_sl21_s0_s21
wandb: ⭐️ View project at https://wandb.ai/spshenov-university-of-amsterdam/DCE_NIK
wandb: 🚀 View run at https://wandb.ai/spshenov-university-of-amsterdam/DCE_NIK/runs/wj2a9gfs
[wandb] gnik_tofts_sl21_s0_s21: mode online
/net/beegfs/users/P101440/DCE_NIK/train_grasp_nik.py:351: UserWarning: Converting a tensor with requires_grad=True to a scalar may lead to unexpected behavior.
Consider using tensor.detach() first. (Triggered internally at /pytorch/torch/csrc/autograd/generated/python_variable_methods.cpp:836.)
  run.log(dict(loss=float(loss), heldout_mse=hl, val_knmse=hl / yhe_energy, best_heldout_mse=best_heldout,
    step   1000  train 1.154e+00  heldout 7.237e-01
    step   2000  train 8.299e-01  heldout 6.196e-01
    step   3000  train 6.662e-01  heldout 6.511e-01
    step   4000  train 5.656e-01  heldout 6.774e-01
    step   5000  train 5.092e-01  heldout 7.080e-01
    step   6000  train 4.694e-01  heldout 7.130e-01
    step   7000  train 4.350e-01  heldout 7.213e-01
    step   8000  train 4.084e-01  heldout 7.231e-01
    step   9000  train 3.809e-01  heldout 7.282e-01
    step  10000  train 3.730e-01  heldout 7.210e-01
    final weights kept (best heldout 6.196e-01 at step 2000)
    RESOURCES slice 21: peak_gpu_MB 12459 params 5539416 best_heldout 6.1962e-01
wandb: updating run metadata
wandb: 
wandb: Run history:
wandb: best_heldout_mse  ▁▁▁▁▁▁▁▁▁
wandb:        best_step ▁█████████
wandb:      heldout_mse █▁▃▅▇▇████
wandb:             loss █▅▄▃▂▂▂▁▁▁
wandb:               lr ▁▁▁▁▁▁▁▁▁▁
wandb:      peak_gpu_mb ▁█████████
wandb:        val_knmse █▁▃▅▇▇████
wandb:           wall_s ▁▂▃▃▄▅▆▆▇█
wandb: 
wandb: Run summary:
wandb: best_heldout_mse 0.61962
wandb:        best_step 2000
wandb:      heldout_mse 0.72098
wandb:             loss 0.37304
wandb:               lr 1e-05
wandb:           params 5539416
wandb:      peak_gpu_mb 12458.62012
wandb:        val_knmse 0.90035
wandb:           wall_s 1881.56149
wandb:     wall_total_s 2328.34835
wandb: 
wandb: 🚀 View run gnik_tofts_sl21_s0_s21 at: https://wandb.ai/spshenov-university-of-amsterdam/DCE_NIK/runs/wj2a9gfs
wandb: ⭐️ View project at: https://wandb.ai/spshenov-university-of-amsterdam/DCE_NIK
wandb: Synced 5 W&B file(s), 0 media file(s), 0 artifact file(s) and 0 other file(s)
wandb: Find logs at: results/tofts_vs_patlak/invivo_k80_rms1/tofts_sl21_s0/wandb_runs/wandb/run-20260916_175455-wj2a9gfs/logs
slice 21  nik (192, 192, 342)  (2331s)  vs CS: corr 0.914  nrmse 0.297
done 2331s -> results/tofts_vs_patlak/invivo_k80_rms1/tofts_sl21_s0
[W916 18:33:45.046335038 AllocatorConfig.cpp:28] Warning: PYTORCH_CUDA_ALLOC_CONF is deprecated, use PYTORCH_ALLOC_CONF instead (function operator())
2026-09-16 18:33:45 TRAIN_DONE tofts sl21 s0 exit 0
