2026-09-16 11:26:23 host gpu02.cluster job 3303861 task 0 stage train
GPU 0: NVIDIA H100 NVL (UUID: GPU-8e413919-ea16-cb0a-3a38-410620ba1bbd)
GPU 1: NVIDIA H100 NVL (UUID: GPU-6525825b-42ba-d600-6e82-921c05f7390b)
  MIG 2g.24gb     Device  0: (UUID: MIG-5fbcb857-7ec1-52fa-967f-a37150159422)
GPU 2: NVIDIA H100 NVL (UUID: GPU-64ef941c-2af9-b1a4-b0f1-3dea68d79f02)
GPU 3: NVIDIA H100 NVL (UUID: GPU-daac2482-6ad0-32bd-5511-a75765fd3610)
exists results/tofts_vs_patlak/basis_sl18_rms1.npz
Traceback (most recent call last):
  File "/net/beegfs/users/P101440/DCE_NIK/basis_rms1.py", line 10, in <module>
    np.savez(dst + ".tmp.npz", **d); os.replace(dst + ".tmp.npz", dst); print("wrote", dst, "rms", float(np.sqrt((d["atoms"] ** 2).mean(0)).mean()))
                                     ^^^^^^^^^^^^^^^^^^^^^^^^^^^^^^^^^
FileNotFoundError: [Errno 2] No such file or directory: 'results/tofts_vs_patlak/basis_sl18_r8_rms1.npz.tmp.npz' -> 'results/tofts_vs_patlak/basis_sl18_r8_rms1.npz'
Submitted batch job 3303863
eval chained afterany 3303860
slice 18 arm patlak seed 0 -> results/tofts_vs_patlak/invivo_k80_rms1/patlak_sl18_s0
device=cuda
model=wire_ff_patlak h512 d12 w062 | FF k256/2.5 t32/1.5 | dcf_pow 0 env 0.75 | 10000 steps, batch 65536, split 0.7
    explicit heldout: 170 VAL spokes
    spoke-reduction: 1368 acquired spokes, 4202496 samples, heldout=yes (same input as CS)
wandb: [wandb.login()] Loaded credentials for https://api.wandb.ai from /home/P101440/.netrc.
wandb: Currently logged in as: spshenov (spshenov-university-of-amsterdam) to https://api.wandb.ai. Use `wandb login --relogin` to force relogin
wandb: setting up run 5lcz0q26
wandb: Tracking run with wandb version 0.25.0
wandb: Run data is saved locally in results/tofts_vs_patlak/invivo_k80_rms1/patlak_sl18_s0/wandb_runs/wandb/run-20260916_112628-5lcz0q26
wandb: Run `wandb offline` to turn off syncing.
wandb: Syncing run gnik_patlak_sl18_s0_s18
wandb: ⭐️ View project at https://wandb.ai/spshenov-university-of-amsterdam/DCE_NIK
wandb: 🚀 View run at https://wandb.ai/spshenov-university-of-amsterdam/DCE_NIK/runs/5lcz0q26
[wandb] gnik_patlak_sl18_s0_s18: mode online
/net/beegfs/users/P101440/DCE_NIK/train_grasp_nik.py:351: UserWarning: Converting a tensor with requires_grad=True to a scalar may lead to unexpected behavior.
Consider using tensor.detach() first. (Triggered internally at /pytorch/torch/csrc/autograd/generated/python_variable_methods.cpp:836.)
  run.log(dict(loss=float(loss), heldout_mse=hl, val_knmse=hl / yhe_energy, best_heldout_mse=best_heldout,
    step   1000  train 9.882e-01  heldout 5.154e-01
    step   2000  train 9.108e-01  heldout 4.842e-01
    step   3000  train 8.609e-01  heldout 4.776e-01
    step   4000  train 8.401e-01  heldout 4.730e-01
    step   5000  train 8.224e-01  heldout 4.725e-01
    step   6000  train 8.256e-01  heldout 4.735e-01
    step   7000  train 8.279e-01  heldout 4.750e-01
    step   8000  train 7.888e-01  heldout 4.758e-01
    step   9000  train 7.894e-01  heldout 4.780e-01
    step  10000  train 7.850e-01  heldout 4.806e-01
    final weights kept (best heldout 4.725e-01 at step 5000)
    RESOURCES slice 18: peak_gpu_MB 12458 params 5520966 best_heldout 4.7248e-01
wandb: updating run metadata
wandb: uploading output.log; uploading wandb-summary.json; uploading config.yaml
wandb: 
wandb: Run history:
wandb: best_heldout_mse  █▄▁▁▁▁▁▁▁
wandb:        best_step ▁▄▅▇██████
wandb:      heldout_mse █▃▂▁▁▁▁▂▂▂
wandb:             loss █▅▄▃▂▂▂▁▁▁
wandb:               lr ▁▁▁▁▁▁▁▁▁▁
wandb:      peak_gpu_mb ▁█████████
wandb:        val_knmse █▃▂▁▁▁▁▂▂▂
wandb:           wall_s ▁▂▃▃▄▅▆▆▇█
wandb: 
wandb: Run summary:
wandb: best_heldout_mse 0.47248
wandb:        best_step 5000
wandb:      heldout_mse 0.48059
wandb:             loss 0.78497
wandb:               lr 1e-05
wandb:           params 5520966
wandb:      peak_gpu_mb 12458.39551
wandb:        val_knmse 0.61826
wandb:           wall_s 1894.9565
wandb:     wall_total_s 2396.35714
wandb: 
wandb: 🚀 View run gnik_patlak_sl18_s0_s18 at: https://wandb.ai/spshenov-university-of-amsterdam/DCE_NIK/runs/5lcz0q26
wandb: ⭐️ View project at: https://wandb.ai/spshenov-university-of-amsterdam/DCE_NIK
wandb: Synced 5 W&B file(s), 0 media file(s), 0 artifact file(s) and 0 other file(s)
wandb: Find logs at: results/tofts_vs_patlak/invivo_k80_rms1/patlak_sl18_s0/wandb_runs/wandb/run-20260916_112628-5lcz0q26/logs
slice 18  nik (192, 192, 342)  (2399s)  vs CS: corr 0.966  nrmse 0.195
done 2403s -> results/tofts_vs_patlak/invivo_k80_rms1/patlak_sl18_s0
[W916 12:06:29.796934559 AllocatorConfig.cpp:28] Warning: PYTORCH_CUDA_ALLOC_CONF is deprecated, use PYTORCH_ALLOC_CONF instead (function operator())
2026-09-16 12:06:30 TRAIN_DONE patlak sl18 s0 exit 0
