2026-09-16 14:03:20 host gpu03.cluster job 3304786 task 9 stage train
GPU 0: NVIDIA H100 NVL (UUID: GPU-ba65053c-72ed-1c58-80be-07549e6f1e8a)
GPU 1: NVIDIA H100 NVL (UUID: GPU-eaa03982-4105-4fd4-05b4-dfe14a5475f9)
GPU 2: NVIDIA H100 NVL (UUID: GPU-c8d1c94c-c938-e03b-b589-eac076bd5f3f)
  MIG 2g.24gb     Device  0: (UUID: MIG-948aed47-08e2-5a84-b591-4931722e2aa0)
GPU 3: NVIDIA H100 NVL (UUID: GPU-11c2853b-6154-8665-333f-81dc10b2382c)
wrote results/tofts_vs_patlak/basis_sl19_rms1.npz rms 1.0
wrote results/tofts_vs_patlak/basis_sl19_r8_rms1.npz rms 1.0
slice 19 arm patlak seed 0 -> results/tofts_vs_patlak/invivo_k80_rms1/patlak_sl19_s0
device=cuda
model=wire_ff_patlak h512 d12 w062 | FF k256/2.5 t32/1.5 | dcf_pow 0 env 0.75 | 10000 steps, batch 65536, split 0.7
    explicit heldout: 170 VAL spokes
    spoke-reduction: 1368 acquired spokes, 4202496 samples, heldout=yes (same input as CS)
wandb: [wandb.login()] Loaded credentials for https://api.wandb.ai from /home/P101440/.netrc.
wandb: Currently logged in as: spshenov (spshenov-university-of-amsterdam) to https://api.wandb.ai. Use `wandb login --relogin` to force relogin
wandb: setting up run 4hwsfzx5
wandb: Tracking run with wandb version 0.25.0
wandb: Run data is saved locally in results/tofts_vs_patlak/invivo_k80_rms1/patlak_sl19_s0/wandb_runs/wandb/run-20260916_140324-4hwsfzx5
wandb: Run `wandb offline` to turn off syncing.
wandb: Syncing run gnik_patlak_sl19_s0_s19
wandb: ⭐️ View project at https://wandb.ai/spshenov-university-of-amsterdam/DCE_NIK
wandb: 🚀 View run at https://wandb.ai/spshenov-university-of-amsterdam/DCE_NIK/runs/4hwsfzx5
[wandb] gnik_patlak_sl19_s0_s19: mode online
/net/beegfs/users/P101440/DCE_NIK/train_grasp_nik.py:351: UserWarning: Converting a tensor with requires_grad=True to a scalar may lead to unexpected behavior.
Consider using tensor.detach() first. (Triggered internally at /pytorch/torch/csrc/autograd/generated/python_variable_methods.cpp:836.)
  run.log(dict(loss=float(loss), heldout_mse=hl, val_knmse=hl / yhe_energy, best_heldout_mse=best_heldout,
    step   1000  train 9.354e-01  heldout 4.619e-01
    step   2000  train 8.449e-01  heldout 4.296e-01
    step   3000  train 7.906e-01  heldout 4.202e-01
    step   4000  train 7.709e-01  heldout 4.162e-01
    step   5000  train 7.554e-01  heldout 4.154e-01
    step   6000  train 7.624e-01  heldout 4.108e-01
    step   7000  train 7.675e-01  heldout 4.125e-01
    step   8000  train 7.259e-01  heldout 4.125e-01
    step   9000  train 7.361e-01  heldout 4.129e-01
    step  10000  train 7.167e-01  heldout 4.133e-01
    final weights kept (best heldout 4.108e-01 at step 6000)
    RESOURCES slice 19: peak_gpu_MB 12458 params 5520966 best_heldout 4.1076e-01
wandb: updating run metadata
wandb: uploading output.log; uploading wandb-summary.json; uploading config.yaml
wandb: 
wandb: Run history:
wandb: best_heldout_mse  █▅▃▃▁▁▁▁▁
wandb:        best_step ▁▃▅▆▇█████
wandb:      heldout_mse █▄▂▂▂▁▁▁▁▁
wandb:             loss █▅▃▃▂▂▃▁▂▁
wandb:               lr ▁▁▁▁▁▁▁▁▁▁
wandb:      peak_gpu_mb ▁█████████
wandb:        val_knmse █▄▂▂▂▁▁▁▁▁
wandb:           wall_s ▁▂▃▃▄▅▆▆▇█
wandb: 
wandb: Run summary:
wandb: best_heldout_mse 0.41076
wandb:        best_step 6000
wandb:      heldout_mse 0.41332
wandb:             loss 0.71668
wandb:               lr 1e-05
wandb:           params 5520966
wandb:      peak_gpu_mb 12458.39551
wandb:        val_knmse 0.59173
wandb:           wall_s 1888.79981
wandb:     wall_total_s 2303.64253
wandb: 
wandb: 🚀 View run gnik_patlak_sl19_s0_s19 at: https://wandb.ai/spshenov-university-of-amsterdam/DCE_NIK/runs/4hwsfzx5
wandb: ⭐️ View project at: https://wandb.ai/spshenov-university-of-amsterdam/DCE_NIK
wandb: Synced 5 W&B file(s), 0 media file(s), 0 artifact file(s) and 0 other file(s)
wandb: Find logs at: results/tofts_vs_patlak/invivo_k80_rms1/patlak_sl19_s0/wandb_runs/wandb/run-20260916_140324-4hwsfzx5/logs
slice 19  nik (192, 192, 342)  (2307s)  vs CS: corr 0.965  nrmse 0.195
done 2307s -> results/tofts_vs_patlak/invivo_k80_rms1/patlak_sl19_s0
[W916 14:41:50.842022095 AllocatorConfig.cpp:28] Warning: PYTORCH_CUDA_ALLOC_CONF is deprecated, use PYTORCH_ALLOC_CONF instead (function operator())
2026-09-16 14:41:50 TRAIN_DONE patlak sl19 s0 exit 0
