2026-09-16 12:46:28 host gpu03.cluster job 3304030 task 5 stage train
GPU 0: NVIDIA H100 NVL (UUID: GPU-ba65053c-72ed-1c58-80be-07549e6f1e8a)
GPU 1: NVIDIA H100 NVL (UUID: GPU-eaa03982-4105-4fd4-05b4-dfe14a5475f9)
GPU 2: NVIDIA H100 NVL (UUID: GPU-c8d1c94c-c938-e03b-b589-eac076bd5f3f)
GPU 3: NVIDIA H100 NVL (UUID: GPU-11c2853b-6154-8665-333f-81dc10b2382c)
  MIG 2g.24gb     Device  0: (UUID: MIG-67844e46-9a0b-521a-af1f-c63904067058)
exists results/tofts_vs_patlak/basis_sl18_rms1.npz
exists results/tofts_vs_patlak/basis_sl18_r8_rms1.npz
slice 18 arm tofts seed 2 -> results/tofts_vs_patlak/invivo_k80_rms1/tofts_sl18_s2
device=cuda
model=wire_ff_tofts h512 d12 w062 | FF k256/2.5 t32/1.5 | dcf_pow 0 env 0.75 | 10000 steps, batch 65536, split 0.7
    explicit heldout: 170 VAL spokes
    spoke-reduction: 1368 acquired spokes, 4202496 samples, heldout=yes (same input as CS)
wandb: [wandb.login()] Loaded credentials for https://api.wandb.ai from /home/P101440/.netrc.
wandb: Currently logged in as: spshenov (spshenov-university-of-amsterdam) to https://api.wandb.ai. Use `wandb login --relogin` to force relogin
wandb: setting up run 3ib8wpu5
wandb: Tracking run with wandb version 0.25.0
wandb: Run data is saved locally in results/tofts_vs_patlak/invivo_k80_rms1/tofts_sl18_s2/wandb_runs/wandb/run-20260916_124632-3ib8wpu5
wandb: Run `wandb offline` to turn off syncing.
wandb: Syncing run gnik_tofts_sl18_s2_s18
wandb: ⭐️ View project at https://wandb.ai/spshenov-university-of-amsterdam/DCE_NIK
wandb: 🚀 View run at https://wandb.ai/spshenov-university-of-amsterdam/DCE_NIK/runs/3ib8wpu5
[wandb] gnik_tofts_sl18_s2_s18: mode online
/net/beegfs/users/P101440/DCE_NIK/train_grasp_nik.py:351: UserWarning: Converting a tensor with requires_grad=True to a scalar may lead to unexpected behavior.
Consider using tensor.detach() first. (Triggered internally at /pytorch/torch/csrc/autograd/generated/python_variable_methods.cpp:836.)
  run.log(dict(loss=float(loss), heldout_mse=hl, val_knmse=hl / yhe_energy, best_heldout_mse=best_heldout,
    step   1000  train 1.218e+00  heldout 7.136e-01
    step   2000  train 9.626e-01  heldout 5.788e-01
    step   3000  train 8.201e-01  heldout 6.004e-01
    step   4000  train 7.024e-01  heldout 6.520e-01
    step   5000  train 6.119e-01  heldout 7.187e-01
    step   6000  train 5.527e-01  heldout 7.640e-01
    step   7000  train 5.142e-01  heldout 7.752e-01
    step   8000  train 4.791e-01  heldout 7.797e-01
    step   9000  train 4.541e-01  heldout 7.721e-01
    step  10000  train 4.336e-01  heldout 7.660e-01
    final weights kept (best heldout 5.788e-01 at step 2000)
    RESOURCES slice 18: peak_gpu_MB 12459 params 5539416 best_heldout 5.7875e-01
wandb: updating run metadata
wandb: uploading output.log; uploading wandb-summary.json; uploading config.yaml
wandb: 
wandb: Run history:
wandb: best_heldout_mse  ▁▁▁▁▁▁▁▁▁
wandb:        best_step ▁█████████
wandb:      heldout_mse ▆▁▂▄▆▇████
wandb:             loss █▆▄▃▃▂▂▁▁▁
wandb:               lr ▁▁▁▁▁▁▁▁▁▁
wandb:      peak_gpu_mb ▁█████████
wandb:        val_knmse ▆▁▂▄▆▇████
wandb:           wall_s ▁▂▃▃▄▅▆▆▇█
wandb: 
wandb: Run summary:
wandb: best_heldout_mse 0.57875
wandb:        best_step 2000
wandb:      heldout_mse 0.76603
wandb:             loss 0.43362
wandb:               lr 1e-05
wandb:           params 5539416
wandb:      peak_gpu_mb 12458.62012
wandb:        val_knmse 0.98547
wandb:           wall_s 1882.99202
wandb:     wall_total_s 2295.91378
wandb: 
wandb: 🚀 View run gnik_tofts_sl18_s2_s18 at: https://wandb.ai/spshenov-university-of-amsterdam/DCE_NIK/runs/3ib8wpu5
wandb: ⭐️ View project at: https://wandb.ai/spshenov-university-of-amsterdam/DCE_NIK
wandb: Synced 5 W&B file(s), 0 media file(s), 0 artifact file(s) and 0 other file(s)
wandb: Find logs at: results/tofts_vs_patlak/invivo_k80_rms1/tofts_sl18_s2/wandb_runs/wandb/run-20260916_124632-3ib8wpu5/logs
slice 18  nik (192, 192, 342)  (2298s)  vs CS: corr 0.924  nrmse 0.288
done 2298s -> results/tofts_vs_patlak/invivo_k80_rms1/tofts_sl18_s2
[W916 13:24:48.115038498 AllocatorConfig.cpp:28] Warning: PYTORCH_CUDA_ALLOC_CONF is deprecated, use PYTORCH_ALLOC_CONF instead (function operator())
2026-09-16 13:24:49 TRAIN_DONE tofts sl18 s2 exit 0
