2026-09-16 12:05:10 host gpu03.cluster job 3303977 task 2 stage train
GPU 0: NVIDIA H100 NVL (UUID: GPU-ba65053c-72ed-1c58-80be-07549e6f1e8a)
GPU 1: NVIDIA H100 NVL (UUID: GPU-eaa03982-4105-4fd4-05b4-dfe14a5475f9)
GPU 2: NVIDIA H100 NVL (UUID: GPU-c8d1c94c-c938-e03b-b589-eac076bd5f3f)
  MIG 2g.24gb     Device  0: (UUID: MIG-948aed47-08e2-5a84-b591-4931722e2aa0)
GPU 3: NVIDIA H100 NVL (UUID: GPU-11c2853b-6154-8665-333f-81dc10b2382c)
exists results/tofts_vs_patlak/basis_sl18_rms1.npz
exists results/tofts_vs_patlak/basis_sl18_r8_rms1.npz
slice 18 arm patlak seed 2 -> results/tofts_vs_patlak/invivo_k80_rms1/patlak_sl18_s2
device=cuda
model=wire_ff_patlak h512 d12 w062 | FF k256/2.5 t32/1.5 | dcf_pow 0 env 0.75 | 10000 steps, batch 65536, split 0.7
    explicit heldout: 170 VAL spokes
    spoke-reduction: 1368 acquired spokes, 4202496 samples, heldout=yes (same input as CS)
wandb: [wandb.login()] Loaded credentials for https://api.wandb.ai from /home/P101440/.netrc.
wandb: Currently logged in as: spshenov (spshenov-university-of-amsterdam) to https://api.wandb.ai. Use `wandb login --relogin` to force relogin
wandb: setting up run yxdgd4kd
wandb: Tracking run with wandb version 0.25.0
wandb: Run data is saved locally in results/tofts_vs_patlak/invivo_k80_rms1/patlak_sl18_s2/wandb_runs/wandb/run-20260916_120514-yxdgd4kd
wandb: Run `wandb offline` to turn off syncing.
wandb: Syncing run gnik_patlak_sl18_s2_s18
wandb: ⭐️ View project at https://wandb.ai/spshenov-university-of-amsterdam/DCE_NIK
wandb: 🚀 View run at https://wandb.ai/spshenov-university-of-amsterdam/DCE_NIK/runs/yxdgd4kd
[wandb] gnik_patlak_sl18_s2_s18: mode online
/net/beegfs/users/P101440/DCE_NIK/train_grasp_nik.py:351: UserWarning: Converting a tensor with requires_grad=True to a scalar may lead to unexpected behavior.
Consider using tensor.detach() first. (Triggered internally at /pytorch/torch/csrc/autograd/generated/python_variable_methods.cpp:836.)
  run.log(dict(loss=float(loss), heldout_mse=hl, val_knmse=hl / yhe_energy, best_heldout_mse=best_heldout,
    step   1000  train 9.644e-01  heldout 5.128e-01
    step   2000  train 8.998e-01  heldout 4.845e-01
    step   3000  train 8.662e-01  heldout 4.772e-01
    step   4000  train 8.480e-01  heldout 4.745e-01
    step   5000  train 8.142e-01  heldout 4.713e-01
    step   6000  train 8.049e-01  heldout 4.727e-01
    step   7000  train 8.055e-01  heldout 4.727e-01
    step   8000  train 7.999e-01  heldout 4.747e-01
    step   9000  train 7.967e-01  heldout 4.781e-01
    step  10000  train 7.860e-01  heldout 4.792e-01
    final weights kept (best heldout 4.713e-01 at step 5000)
    RESOURCES slice 18: peak_gpu_MB 12458 params 5520966 best_heldout 4.7133e-01
wandb: updating run metadata
wandb: uploading wandb-summary.json; uploading config.yaml; uploading output.log
wandb: uploading history steps 9-9, summary, console lines 15-15
wandb: 
wandb: Run history:
wandb: best_heldout_mse  █▄▃▁▁▁▁▁▁
wandb:        best_step ▁▄▅▇██████
wandb:      heldout_mse █▃▂▂▁▁▁▂▂▂
wandb:             loss █▅▄▃▂▂▂▂▁▁
wandb:               lr ▁▁▁▁▁▁▁▁▁▁
wandb:      peak_gpu_mb ▁█████████
wandb:        val_knmse █▃▂▂▁▁▁▂▂▂
wandb:           wall_s ▁▂▃▃▄▅▆▆▇█
wandb: 
wandb: Run summary:
wandb: best_heldout_mse 0.47133
wandb:        best_step 5000
wandb:      heldout_mse 0.47917
wandb:             loss 0.78604
wandb:               lr 1e-05
wandb:           params 5520966
wandb:      peak_gpu_mb 12458.39551
wandb:        val_knmse 0.61644
wandb:           wall_s 1888.95061
wandb:     wall_total_s 2303.96782
wandb: 
wandb: 🚀 View run gnik_patlak_sl18_s2_s18 at: https://wandb.ai/spshenov-university-of-amsterdam/DCE_NIK/runs/yxdgd4kd
wandb: ⭐️ View project at: https://wandb.ai/spshenov-university-of-amsterdam/DCE_NIK
wandb: Synced 5 W&B file(s), 0 media file(s), 0 artifact file(s) and 0 other file(s)
wandb: Find logs at: results/tofts_vs_patlak/invivo_k80_rms1/patlak_sl18_s2/wandb_runs/wandb/run-20260916_120514-yxdgd4kd/logs
slice 18  nik (192, 192, 342)  (2306s)  vs CS: corr 0.966  nrmse 0.197
done 2306s -> results/tofts_vs_patlak/invivo_k80_rms1/patlak_sl18_s2
[W916 12:43:39.997118472 AllocatorConfig.cpp:28] Warning: PYTORCH_CUDA_ALLOC_CONF is deprecated, use PYTORCH_ALLOC_CONF instead (function operator())
2026-09-16 12:43:39 TRAIN_DONE patlak sl18 s2 exit 0
