2026-09-16 12:43:50 host gpu03.cluster job 3304025 task 4 stage train
GPU 0: NVIDIA H100 NVL (UUID: GPU-ba65053c-72ed-1c58-80be-07549e6f1e8a)
GPU 1: NVIDIA H100 NVL (UUID: GPU-eaa03982-4105-4fd4-05b4-dfe14a5475f9)
GPU 2: NVIDIA H100 NVL (UUID: GPU-c8d1c94c-c938-e03b-b589-eac076bd5f3f)
  MIG 2g.24gb     Device  0: (UUID: MIG-948aed47-08e2-5a84-b591-4931722e2aa0)
GPU 3: NVIDIA H100 NVL (UUID: GPU-11c2853b-6154-8665-333f-81dc10b2382c)
exists results/tofts_vs_patlak/basis_sl18_rms1.npz
exists results/tofts_vs_patlak/basis_sl18_r8_rms1.npz
slice 18 arm tofts seed 1 -> results/tofts_vs_patlak/invivo_k80_rms1/tofts_sl18_s1
device=cuda
model=wire_ff_tofts h512 d12 w062 | FF k256/2.5 t32/1.5 | dcf_pow 0 env 0.75 | 10000 steps, batch 65536, split 0.7
    explicit heldout: 170 VAL spokes
    spoke-reduction: 1368 acquired spokes, 4202496 samples, heldout=yes (same input as CS)
wandb: [wandb.login()] Loaded credentials for https://api.wandb.ai from /home/P101440/.netrc.
wandb: Currently logged in as: spshenov (spshenov-university-of-amsterdam) to https://api.wandb.ai. Use `wandb login --relogin` to force relogin
wandb: setting up run onyc8ato
wandb: Tracking run with wandb version 0.25.0
wandb: Run data is saved locally in results/tofts_vs_patlak/invivo_k80_rms1/tofts_sl18_s1/wandb_runs/wandb/run-20260916_124354-onyc8ato
wandb: Run `wandb offline` to turn off syncing.
wandb: Syncing run gnik_tofts_sl18_s1_s18
wandb: ⭐️ View project at https://wandb.ai/spshenov-university-of-amsterdam/DCE_NIK
wandb: 🚀 View run at https://wandb.ai/spshenov-university-of-amsterdam/DCE_NIK/runs/onyc8ato
[wandb] gnik_tofts_sl18_s1_s18: mode online
/net/beegfs/users/P101440/DCE_NIK/train_grasp_nik.py:351: UserWarning: Converting a tensor with requires_grad=True to a scalar may lead to unexpected behavior.
Consider using tensor.detach() first. (Triggered internally at /pytorch/torch/csrc/autograd/generated/python_variable_methods.cpp:836.)
  run.log(dict(loss=float(loss), heldout_mse=hl, val_knmse=hl / yhe_energy, best_heldout_mse=best_heldout,
    step   1000  train 1.210e+00  heldout 6.998e-01
    step   2000  train 9.443e-01  heldout 5.804e-01
    step   3000  train 7.838e-01  heldout 6.159e-01
    step   4000  train 6.648e-01  heldout 6.891e-01
    step   5000  train 5.993e-01  heldout 7.508e-01
    step   6000  train 5.521e-01  heldout 7.754e-01
    step   7000  train 4.954e-01  heldout 7.822e-01
    step   8000  train 4.634e-01  heldout 7.852e-01
    step   9000  train 4.482e-01  heldout 7.742e-01
    step  10000  train 4.231e-01  heldout 7.668e-01
    final weights kept (best heldout 5.804e-01 at step 2000)
    RESOURCES slice 18: peak_gpu_MB 12459 params 5539416 best_heldout 5.8044e-01
wandb: updating run metadata
wandb: uploading output.log; uploading wandb-summary.json; uploading config.yaml
wandb: 
wandb: Run history:
wandb: best_heldout_mse  ▁▁▁▁▁▁▁▁▁
wandb:        best_step ▁█████████
wandb:      heldout_mse ▅▁▂▅▇████▇
wandb:             loss █▆▄▃▃▂▂▁▁▁
wandb:               lr ▁▁▁▁▁▁▁▁▁▁
wandb:      peak_gpu_mb ▁█████████
wandb:        val_knmse ▅▁▂▅▇████▇
wandb:           wall_s ▁▂▃▃▄▅▆▆▇█
wandb: 
wandb: Run summary:
wandb: best_heldout_mse 0.58044
wandb:        best_step 2000
wandb:      heldout_mse 0.76685
wandb:             loss 0.42311
wandb:               lr 1e-05
wandb:           params 5539416
wandb:      peak_gpu_mb 12458.62012
wandb:        val_knmse 0.98652
wandb:           wall_s 1879.2249
wandb:     wall_total_s 2292.14963
wandb: 
wandb: 🚀 View run gnik_tofts_sl18_s1_s18 at: https://wandb.ai/spshenov-university-of-amsterdam/DCE_NIK/runs/onyc8ato
wandb: ⭐️ View project at: https://wandb.ai/spshenov-university-of-amsterdam/DCE_NIK
wandb: Synced 5 W&B file(s), 0 media file(s), 0 artifact file(s) and 0 other file(s)
wandb: Find logs at: results/tofts_vs_patlak/invivo_k80_rms1/tofts_sl18_s1/wandb_runs/wandb/run-20260916_124354-onyc8ato/logs
slice 18  nik (192, 192, 342)  (2294s)  vs CS: corr 0.925  nrmse 0.288
done 2295s -> results/tofts_vs_patlak/invivo_k80_rms1/tofts_sl18_s1
[W916 13:22:07.994406003 AllocatorConfig.cpp:28] Warning: PYTORCH_CUDA_ALLOC_CONF is deprecated, use PYTORCH_ALLOC_CONF instead (function operator())
2026-09-16 13:22:07 TRAIN_DONE tofts sl18 s1 exit 0
