2026-09-16 17:54:51 host gpu02.cluster job 3307478 task 20 stage train
GPU 0: NVIDIA H100 NVL (UUID: GPU-8e413919-ea16-cb0a-3a38-410620ba1bbd)
  MIG 2g.24gb     Device  0: (UUID: MIG-281c0c74-ddae-5f82-9b91-3e7d8a855877)
GPU 1: NVIDIA H100 NVL (UUID: GPU-6525825b-42ba-d600-6e82-921c05f7390b)
GPU 2: NVIDIA H100 NVL (UUID: GPU-64ef941c-2af9-b1a4-b0f1-3dea68d79f02)
GPU 3: NVIDIA H100 NVL (UUID: GPU-daac2482-6ad0-32bd-5511-a75765fd3610)
exists results/tofts_vs_patlak/basis_sl21_rms1.npz
exists results/tofts_vs_patlak/basis_sl21_r8_rms1.npz
slice 21 arm patlak seed 2 -> results/tofts_vs_patlak/invivo_k80_rms1/patlak_sl21_s2
device=cuda
model=wire_ff_patlak h512 d12 w062 | FF k256/2.5 t32/1.5 | dcf_pow 0 env 0.75 | 10000 steps, batch 65536, split 0.7
    explicit heldout: 170 VAL spokes
    spoke-reduction: 1368 acquired spokes, 4202496 samples, heldout=yes (same input as CS)
wandb: [wandb.login()] Loaded credentials for https://api.wandb.ai from /home/P101440/.netrc.
wandb: Currently logged in as: spshenov (spshenov-university-of-amsterdam) to https://api.wandb.ai. Use `wandb login --relogin` to force relogin
wandb: setting up run dhujyrkq
wandb: Tracking run with wandb version 0.25.0
wandb: Run data is saved locally in results/tofts_vs_patlak/invivo_k80_rms1/patlak_sl21_s2/wandb_runs/wandb/run-20260916_175455-dhujyrkq
wandb: Run `wandb offline` to turn off syncing.
wandb: Syncing run gnik_patlak_sl21_s2_s21
wandb: ⭐️ View project at https://wandb.ai/spshenov-university-of-amsterdam/DCE_NIK
wandb: 🚀 View run at https://wandb.ai/spshenov-university-of-amsterdam/DCE_NIK/runs/dhujyrkq
[wandb] gnik_patlak_sl21_s2_s21: mode online
/net/beegfs/users/P101440/DCE_NIK/train_grasp_nik.py:351: UserWarning: Converting a tensor with requires_grad=True to a scalar may lead to unexpected behavior.
Consider using tensor.detach() first. (Triggered internally at /pytorch/torch/csrc/autograd/generated/python_variable_methods.cpp:836.)
  run.log(dict(loss=float(loss), heldout_mse=hl, val_knmse=hl / yhe_energy, best_heldout_mse=best_heldout,
    step   1000  train 9.407e-01  heldout 5.275e-01
    step   2000  train 8.548e-01  heldout 5.121e-01
    step   3000  train 7.949e-01  heldout 5.098e-01
    step   4000  train 7.742e-01  heldout 5.152e-01
    step   5000  train 7.411e-01  heldout 5.200e-01
    step   6000  train 7.221e-01  heldout 5.257e-01
    step   7000  train 7.003e-01  heldout 5.293e-01
    step   8000  train 7.005e-01  heldout 5.374e-01
    step   9000  train 6.762e-01  heldout 5.399e-01
    step  10000  train 6.627e-01  heldout 5.472e-01
    final weights kept (best heldout 5.098e-01 at step 3000)
    RESOURCES slice 21: peak_gpu_MB 12458 params 5520966 best_heldout 5.0981e-01
wandb: updating run metadata
wandb: uploading output.log
wandb: 
wandb: Run history:
wandb: best_heldout_mse  █▁▁▁▁▁▁▁▁
wandb:        best_step ▁▆████████
wandb:      heldout_mse ▄▁▁▂▃▄▅▆▇█
wandb:             loss █▆▄▄▃▂▂▂▁▁
wandb:               lr ▁▁▁▁▁▁▁▁▁▁
wandb:      peak_gpu_mb ▁█████████
wandb:        val_knmse ▄▁▁▂▃▄▅▆▇█
wandb:           wall_s ▁▂▃▃▄▅▆▆▇█
wandb: 
wandb: Run summary:
wandb: best_heldout_mse 0.50981
wandb:        best_step 3000
wandb:      heldout_mse 0.54721
wandb:             loss 0.66273
wandb:               lr 1e-05
wandb:           params 5520966
wandb:      peak_gpu_mb 12458.39551
wandb:        val_knmse 0.68335
wandb:           wall_s 1892.23015
wandb:     wall_total_s 2333.55894
wandb: 
wandb: 🚀 View run gnik_patlak_sl21_s2_s21 at: https://wandb.ai/spshenov-university-of-amsterdam/DCE_NIK/runs/dhujyrkq
wandb: ⭐️ View project at: https://wandb.ai/spshenov-university-of-amsterdam/DCE_NIK
wandb: Synced 5 W&B file(s), 0 media file(s), 0 artifact file(s) and 0 other file(s)
wandb: Find logs at: results/tofts_vs_patlak/invivo_k80_rms1/patlak_sl21_s2/wandb_runs/wandb/run-20260916_175455-dhujyrkq/logs
slice 21  nik (192, 192, 342)  (2336s)  vs CS: corr 0.956  nrmse 0.214
done 2337s -> results/tofts_vs_patlak/invivo_k80_rms1/patlak_sl21_s2
[W916 18:33:50.299635544 AllocatorConfig.cpp:28] Warning: PYTORCH_CUDA_ALLOC_CONF is deprecated, use PYTORCH_ALLOC_CONF instead (function operator())
2026-09-16 18:33:50 TRAIN_DONE patlak sl21 s2 exit 0
