2026-09-17 10:23:36 host gpu03.cluster job 3317395 task 1 stage train
GPU 0: NVIDIA H100 NVL (UUID: GPU-ba65053c-72ed-1c58-80be-07549e6f1e8a)
GPU 1: NVIDIA H100 NVL (UUID: GPU-eaa03982-4105-4fd4-05b4-dfe14a5475f9)
  MIG 2g.24gb     Device  0: (UUID: MIG-7fdc2adf-8d97-57e9-a2a9-0e63797cb117)
GPU 2: NVIDIA H100 NVL (UUID: GPU-c8d1c94c-c938-e03b-b589-eac076bd5f3f)
GPU 3: NVIDIA H100 NVL (UUID: GPU-11c2853b-6154-8665-333f-81dc10b2382c)
variant rms1_wd1e-2 -> results/tofts_vs_patlak/amp_track/rms1_wd1e-2_sl21
error    libmamba Could not set lock (Resource temporarily unavailable)
warning  libmamba Cannot lock '/home/P101440/.cache/mamba/proc'
    Waiting for other mamba process to finish
device=cuda
model=wire_ff_tofts h512 d12 w062 | FF k256/2.5 t32/1.5 | dcf_pow 0 env 0.75 | 12000 steps, batch 65536, split 0.7
    explicit heldout: 170 VAL spokes
    spoke-reduction: 1368 acquired spokes, 4202496 samples, heldout=yes (same input as CS)
wandb: [wandb.login()] Loaded credentials for https://api.wandb.ai from /home/P101440/.netrc.
wandb: Currently logged in as: spshenov (spshenov-university-of-amsterdam) to https://api.wandb.ai. Use `wandb login --relogin` to force relogin
wandb: setting up run zdoi5ml3
wandb: Tracking run with wandb version 0.25.0
wandb: Run data is saved locally in results/tofts_vs_patlak/amp_track/rms1_wd1e-2_sl21/wandb_runs/wandb/run-20260917_102342-zdoi5ml3
wandb: Run `wandb offline` to turn off syncing.
wandb: Syncing run gnik_rms1_wd1e-2_sl21_s21
wandb: ⭐️ View project at https://wandb.ai/spshenov-university-of-amsterdam/DCE_NIK
wandb: 🚀 View run at https://wandb.ai/spshenov-university-of-amsterdam/DCE_NIK/runs/zdoi5ml3
[wandb] gnik_rms1_wd1e-2_sl21_s21: mode online
/net/beegfs/users/P101440/DCE_NIK/train_grasp_nik.py:351: UserWarning: Converting a tensor with requires_grad=True to a scalar may lead to unexpected behavior.
Consider using tensor.detach() first. (Triggered internally at /pytorch/torch/csrc/autograd/generated/python_variable_methods.cpp:836.)
  run.log(dict(loss=float(loss), heldout_mse=hl, val_knmse=hl / yhe_energy, best_heldout_mse=best_heldout,
    step   1000  train 1.100e+00  heldout 5.987e-01
    step   2000  train 9.267e-01  heldout 5.528e-01
    step   3000  train 8.331e-01  heldout 5.540e-01
    step   4000  train 7.485e-01  heldout 5.686e-01
    step   5000  train 6.849e-01  heldout 5.897e-01
    step   6000  train 6.372e-01  heldout 6.004e-01
    step   7000  train 6.047e-01  heldout 6.121e-01
    step   8000  train 5.735e-01  heldout 6.218e-01
    step   9000  train 5.381e-01  heldout 6.291e-01
    step  10000  train 5.356e-01  heldout 6.363e-01
    step  11000  train 5.256e-01  heldout 6.436e-01
    step  12000  train 5.148e-01  heldout 6.489e-01
    final weights kept (best heldout 5.528e-01 at step 2000)
    RESOURCES slice 21: peak_gpu_MB 12459 params 5531216 best_heldout 5.5278e-01
wandb: updating run metadata
wandb: uploading output.log; uploading wandb-summary.json; uploading config.yaml
wandb: 
wandb: Run history:
wandb: best_heldout_mse  ▁▁▁▁▁▁▁▁▁▁▁
wandb:        best_step ▁███████████
wandb:      heldout_mse ▄▁▁▂▄▄▅▆▇▇██
wandb:             loss █▆▅▄▃▂▂▂▁▁▁▁
wandb:               lr ▁▁▁▁▁▁▁▁▁▁▁▁
wandb:      peak_gpu_mb ▁███████████
wandb:        val_knmse ▄▁▁▂▄▄▅▆▇▇██
wandb:           wall_s ▁▂▂▃▄▄▅▅▆▇▇█
wandb: 
wandb: Run summary:
wandb: best_heldout_mse 0.55278
wandb:        best_step 2000
wandb:      heldout_mse 0.64891
wandb:             loss 0.51479
wandb:               lr 1e-05
wandb:           params 5531216
wandb:      peak_gpu_mb 12458.521
wandb:        val_knmse 0.81036
wandb:           wall_s 7222.96473
wandb:     wall_total_s 7634.60737
wandb: 
wandb: 🚀 View run gnik_rms1_wd1e-2_sl21_s21 at: https://wandb.ai/spshenov-university-of-amsterdam/DCE_NIK/runs/zdoi5ml3
wandb: ⭐️ View project at: https://wandb.ai/spshenov-university-of-amsterdam/DCE_NIK
wandb: Synced 5 W&B file(s), 0 media file(s), 0 artifact file(s) and 0 other file(s)
wandb: Find logs at: results/tofts_vs_patlak/amp_track/rms1_wd1e-2_sl21/wandb_runs/wandb/run-20260917_102342-zdoi5ml3/logs
slice 21  nik (192, 192, 342)  (7637s)  vs CS: corr 0.956  nrmse 0.216
done 7638s -> results/tofts_vs_patlak/amp_track/rms1_wd1e-2_sl21
[W917 12:30:57.048094085 AllocatorConfig.cpp:28] Warning: PYTORCH_CUDA_ALLOC_CONF is deprecated, use PYTORCH_ALLOC_CONF instead (function operator())
2026-09-17 12:30:58 TRAIN_DONE rms1_wd1e-2 exit 0
