2026-09-17 12:30:57 host gpu03.cluster job 3318678 task 0 stage train
GPU 0: NVIDIA H100 NVL (UUID: GPU-ba65053c-72ed-1c58-80be-07549e6f1e8a)
  MIG 2g.24gb     Device  0: (UUID: MIG-f328f7be-cd56-503a-9bd5-4e010efe4fe5)
GPU 1: NVIDIA H100 NVL (UUID: GPU-eaa03982-4105-4fd4-05b4-dfe14a5475f9)
GPU 2: NVIDIA H100 NVL (UUID: GPU-c8d1c94c-c938-e03b-b589-eac076bd5f3f)
GPU 3: NVIDIA H100 NVL (UUID: GPU-11c2853b-6154-8665-333f-81dc10b2382c)
Submitted batch job 3318679
tracker chained afterany 3318607
variant cos -> results/tofts_vs_patlak/amp_track/cos_sl21
device=cuda
model=wire_ff_tofts h512 d12 w062 | FF k256/2.5 t32/1.5 | dcf_pow 0 env 0.75 | 12000 steps, batch 65536, split 0.7
    explicit heldout: 170 VAL spokes
    spoke-reduction: 1368 acquired spokes, 4202496 samples, heldout=yes (same input as CS)
wandb: [wandb.login()] Loaded credentials for https://api.wandb.ai from /home/P101440/.netrc.
wandb: Currently logged in as: spshenov (spshenov-university-of-amsterdam) to https://api.wandb.ai. Use `wandb login --relogin` to force relogin
wandb: setting up run s22vb62v
wandb: Tracking run with wandb version 0.25.0
wandb: Run data is saved locally in results/tofts_vs_patlak/amp_track/cos_sl21/wandb_runs/wandb/run-20260917_123102-s22vb62v
wandb: Run `wandb offline` to turn off syncing.
wandb: Syncing run gnik_cos_sl21_s21
wandb: ⭐️ View project at https://wandb.ai/spshenov-university-of-amsterdam/DCE_NIK
wandb: 🚀 View run at https://wandb.ai/spshenov-university-of-amsterdam/DCE_NIK/runs/s22vb62v
[wandb] gnik_cos_sl21_s21: mode online
/net/beegfs/users/P101440/DCE_NIK/train_grasp_nik.py:375: UserWarning: Converting a tensor with requires_grad=True to a scalar may lead to unexpected behavior.
Consider using tensor.detach() first. (Triggered internally at /pytorch/torch/csrc/autograd/generated/python_variable_methods.cpp:836.)
  run.log(dict(loss=float(loss), heldout_mse=hl, val_knmse=hl / yhe_energy, best_heldout_mse=best_heldout, coef_tv=ctv_last,
    step   1000  train 1.046e+00  heldout 6.234e-01
    step   2000  train 8.189e-01  heldout 5.767e-01
    step   3000  train 7.041e-01  heldout 6.017e-01
    step   4000  train 6.197e-01  heldout 6.379e-01
    step   5000  train 5.614e-01  heldout 6.709e-01
    step   6000  train 5.131e-01  heldout 6.982e-01
    step   7000  train 4.721e-01  heldout 7.258e-01
    step   8000  train 4.338e-01  heldout 7.502e-01
    step   9000  train 3.966e-01  heldout 7.679e-01
    step  10000  train 3.868e-01  heldout 7.819e-01
    step  11000  train 3.809e-01  heldout 7.890e-01
    step  12000  train 3.796e-01  heldout 7.915e-01
    final weights kept (best heldout 5.767e-01 at step 2000)
    RESOURCES slice 21: peak_gpu_MB 12459 params 5531216 best_heldout 5.7673e-01
wandb: updating run metadata
wandb: uploading output.log; uploading wandb-summary.json; uploading config.yaml
wandb: 
wandb: Run history:
wandb: best_heldout_mse  ▁▁▁▁▁▁▁▁▁▁▁
wandb:        best_step ▁███████████
wandb:          coef_tv ▁▁▁▁▁▁▁▁▁▁▁▁
wandb:      heldout_mse ▃▁▂▃▄▅▆▇▇███
wandb:             loss █▆▄▄▃▂▂▂▁▁▁▁
wandb:               lr ██▇▆▅▅▄▃▂▁▁▁
wandb:      peak_gpu_mb ▁███████████
wandb:        val_knmse ▃▁▂▃▄▅▆▇▇███
wandb:           wall_s ▁▂▂▃▄▄▅▅▆▇▇█
wandb: 
wandb: Run summary:
wandb: best_heldout_mse 0.57673
wandb:        best_step 2000
wandb:          coef_tv 0
wandb:      heldout_mse 0.79151
wandb:             loss 0.37963
wandb:               lr 0.0
wandb:           params 5531216
wandb:      peak_gpu_mb 12458.521
wandb:        val_knmse 0.98843
wandb:           wall_s 7199.61998
wandb:               +1 ...
wandb: 
wandb: 🚀 View run gnik_cos_sl21_s21 at: https://wandb.ai/spshenov-university-of-amsterdam/DCE_NIK/runs/s22vb62v
wandb: ⭐️ View project at: https://wandb.ai/spshenov-university-of-amsterdam/DCE_NIK
wandb: Synced 5 W&B file(s), 0 media file(s), 0 artifact file(s) and 0 other file(s)
wandb: Find logs at: results/tofts_vs_patlak/amp_track/cos_sl21/wandb_runs/wandb/run-20260917_123102-s22vb62v/logs
slice 21  nik (192, 192, 342)  (7618s)  vs CS: corr 0.953  nrmse 0.222
done 7619s -> results/tofts_vs_patlak/amp_track/cos_sl21
[W917 14:37:59.389032685 AllocatorConfig.cpp:28] Warning: PYTORCH_CUDA_ALLOC_CONF is deprecated, use PYTORCH_ALLOC_CONF instead (function operator())
2026-09-17 14:37:59 TRAIN_DONE cos exit 0
