2026-09-17 12:30:59 host gpu03.cluster job 3318680 task 1 stage train
GPU 0: NVIDIA H100 NVL (UUID: GPU-ba65053c-72ed-1c58-80be-07549e6f1e8a)
GPU 1: NVIDIA H100 NVL (UUID: GPU-eaa03982-4105-4fd4-05b4-dfe14a5475f9)
  MIG 2g.24gb     Device  0: (UUID: MIG-7fdc2adf-8d97-57e9-a2a9-0e63797cb117)
GPU 2: NVIDIA H100 NVL (UUID: GPU-c8d1c94c-c938-e03b-b589-eac076bd5f3f)
GPU 3: NVIDIA H100 NVL (UUID: GPU-11c2853b-6154-8665-333f-81dc10b2382c)
variant cos_wd1e-2 -> results/tofts_vs_patlak/amp_track/cos_wd1e-2_sl21
device=cuda
model=wire_ff_tofts h512 d12 w062 | FF k256/2.5 t32/1.5 | dcf_pow 0 env 0.75 | 12000 steps, batch 65536, split 0.7
    explicit heldout: 170 VAL spokes
    spoke-reduction: 1368 acquired spokes, 4202496 samples, heldout=yes (same input as CS)
wandb: [wandb.login()] Loaded credentials for https://api.wandb.ai from /home/P101440/.netrc.
wandb: Currently logged in as: spshenov (spshenov-university-of-amsterdam) to https://api.wandb.ai. Use `wandb login --relogin` to force relogin
wandb: setting up run f475izml
wandb: Tracking run with wandb version 0.25.0
wandb: Run data is saved locally in results/tofts_vs_patlak/amp_track/cos_wd1e-2_sl21/wandb_runs/wandb/run-20260917_123102-f475izml
wandb: Run `wandb offline` to turn off syncing.
wandb: Syncing run gnik_cos_wd1e-2_sl21_s21
wandb: ⭐️ View project at https://wandb.ai/spshenov-university-of-amsterdam/DCE_NIK
wandb: 🚀 View run at https://wandb.ai/spshenov-university-of-amsterdam/DCE_NIK/runs/f475izml
[wandb] gnik_cos_wd1e-2_sl21_s21: mode online
/net/beegfs/users/P101440/DCE_NIK/train_grasp_nik.py:375: UserWarning: Converting a tensor with requires_grad=True to a scalar may lead to unexpected behavior.
Consider using tensor.detach() first. (Triggered internally at /pytorch/torch/csrc/autograd/generated/python_variable_methods.cpp:836.)
  run.log(dict(loss=float(loss), heldout_mse=hl, val_knmse=hl / yhe_energy, best_heldout_mse=best_heldout, coef_tv=ctv_last,
    step   1000  train 1.082e+00  heldout 5.999e-01
    step   2000  train 9.179e-01  heldout 5.547e-01
    step   3000  train 8.197e-01  heldout 5.533e-01
    step   4000  train 7.241e-01  heldout 5.698e-01
    step   5000  train 6.609e-01  heldout 5.967e-01
    step   6000  train 6.099e-01  heldout 6.140e-01
    step   7000  train 5.652e-01  heldout 6.327e-01
    step   8000  train 5.286e-01  heldout 6.474e-01
    step   9000  train 4.886e-01  heldout 6.597e-01
    step  10000  train 4.784e-01  heldout 6.684e-01
    step  11000  train 4.730e-01  heldout 6.737e-01
    step  12000  train 4.748e-01  heldout 6.752e-01
    final weights kept (best heldout 5.533e-01 at step 3000)
    RESOURCES slice 21: peak_gpu_MB 12459 params 5531216 best_heldout 5.5329e-01
wandb: updating run metadata
wandb: uploading output.log; uploading wandb-summary.json; uploading config.yaml
wandb: 
wandb: Run history:
wandb: best_heldout_mse  █▁▁▁▁▁▁▁▁▁▁
wandb:        best_step ▁▆██████████
wandb:          coef_tv ▁▁▁▁▁▁▁▁▁▁▁▁
wandb:      heldout_mse ▄▁▁▂▃▄▆▆▇███
wandb:             loss █▆▅▄▃▃▂▂▁▁▁▁
wandb:               lr ██▇▆▅▅▄▃▂▁▁▁
wandb:      peak_gpu_mb ▁███████████
wandb:        val_knmse ▄▁▁▂▃▄▆▆▇███
wandb:           wall_s ▁▂▂▃▄▄▅▅▆▇▇█
wandb: 
wandb: Run summary:
wandb: best_heldout_mse 0.55329
wandb:        best_step 3000
wandb:          coef_tv 0
wandb:      heldout_mse 0.67517
wandb:             loss 0.47484
wandb:               lr 0.0
wandb:           params 5531216
wandb:      peak_gpu_mb 12458.521
wandb:        val_knmse 0.84315
wandb:           wall_s 7198.37349
wandb:               +1 ...
wandb: 
wandb: 🚀 View run gnik_cos_wd1e-2_sl21_s21 at: https://wandb.ai/spshenov-university-of-amsterdam/DCE_NIK/runs/f475izml
wandb: ⭐️ View project at: https://wandb.ai/spshenov-university-of-amsterdam/DCE_NIK
wandb: Synced 5 W&B file(s), 0 media file(s), 0 artifact file(s) and 0 other file(s)
wandb: Find logs at: results/tofts_vs_patlak/amp_track/cos_wd1e-2_sl21/wandb_runs/wandb/run-20260917_123102-f475izml/logs
slice 21  nik (192, 192, 342)  (7617s)  vs CS: corr 0.955  nrmse 0.216
done 7617s -> results/tofts_vs_patlak/amp_track/cos_wd1e-2_sl21
[W917 14:37:58.948216676 AllocatorConfig.cpp:28] Warning: PYTORCH_CUDA_ALLOC_CONF is deprecated, use PYTORCH_ALLOC_CONF instead (function operator())
2026-09-17 14:37:58 TRAIN_DONE cos_wd1e-2 exit 0
