2026-09-17 18:40:28 host gpu02.cluster job 3320069 task 7 stage train
GPU 0: NVIDIA H100 NVL (UUID: GPU-8e413919-ea16-cb0a-3a38-410620ba1bbd)
GPU 1: NVIDIA H100 NVL (UUID: GPU-6525825b-42ba-d600-6e82-921c05f7390b)
  MIG 2g.24gb     Device  0: (UUID: MIG-5fbcb857-7ec1-52fa-967f-a37150159422)
GPU 2: NVIDIA H100 NVL (UUID: GPU-64ef941c-2af9-b1a4-b0f1-3dea68d79f02)
GPU 3: NVIDIA H100 NVL (UUID: GPU-daac2482-6ad0-32bd-5511-a75765fd3610)
slice 21 arm sub16 seed 1 -> results/tofts_vs_patlak/invivo_k80_rms1/sub16_sl21_s1
device=cuda
model=wire_ff_subspace rank16 h512 d12 w062 | FF k256/2.5 t32/1.5 | dcf_pow 0 env 0.75 | 10000 steps, batch 65536, split 0.7
    explicit heldout: 170 VAL spokes
    spoke-reduction: 1368 acquired spokes, 4202496 samples, heldout=yes (same input as CS)
wandb: [wandb.login()] Loaded credentials for https://api.wandb.ai from /home/P101440/.netrc.
wandb: Currently logged in as: spshenov (spshenov-university-of-amsterdam) to https://api.wandb.ai. Use `wandb login --relogin` to force relogin
wandb: setting up run rvc7eigj
wandb: Tracking run with wandb version 0.25.0
wandb: Run data is saved locally in results/tofts_vs_patlak/invivo_k80_rms1/sub16_sl21_s1/wandb_runs/wandb/run-20260917_184031-rvc7eigj
wandb: Run `wandb offline` to turn off syncing.
wandb: Syncing run gnik_sub16_sl21_s1_s21
wandb: ⭐️ View project at https://wandb.ai/spshenov-university-of-amsterdam/DCE_NIK
wandb: 🚀 View run at https://wandb.ai/spshenov-university-of-amsterdam/DCE_NIK/runs/rvc7eigj
[wandb] gnik_sub16_sl21_s1_s21: mode online
    warmstarted Phi from PCA basis (rank 16, 100 frames, fit MSE 1.073e-04)
/net/beegfs/users/P101440/DCE_NIK/train_grasp_nik.py:379: UserWarning: Converting a tensor with requires_grad=True to a scalar may lead to unexpected behavior.
Consider using tensor.detach() first. (Triggered internally at /pytorch/torch/csrc/autograd/generated/python_variable_methods.cpp:836.)
  run.log(dict(loss=float(loss), heldout_mse=hl, val_knmse=hl / yhe_energy, best_heldout_mse=best_heldout, coef_tv=ctv_last,
    step   1000  train 4.221e-01  heldout 3.735e-01
    step   2000  train 2.526e-01  heldout 3.386e-01
    step   3000  train 1.929e-01  heldout 3.211e-01
    step   4000  train 1.642e-01  heldout 3.112e-01
    step   5000  train 1.488e-01  heldout 3.058e-01
    step   6000  train 1.362e-01  heldout 3.010e-01
    step   7000  train 1.285e-01  heldout 2.959e-01
    step   8000  train 1.258e-01  heldout 2.931e-01
    step   9000  train 1.195e-01  heldout 2.910e-01
    step  10000  train 1.114e-01  heldout 2.896e-01
    final weights kept (best heldout 2.896e-01 at step 10000)
    RESOURCES slice 21: peak_gpu_MB 12459 params 5558016 best_heldout 2.8962e-01
wandb: updating run metadata
wandb: uploading history steps 9-9, summary, console lines 16-16
wandb: 
wandb: Run history:
wandb: best_heldout_mse  █▅▄▃▃▂▁▁▁
wandb:        best_step ▁▂▃▄▅▅▆▇▇█
wandb:          coef_tv ▁▁▁▁▁▁▁▁▁▁
wandb:      heldout_mse █▅▄▃▂▂▂▁▁▁
wandb:             loss █▄▃▂▂▂▁▁▁▁
wandb:               lr ▁▁▁▁▁▁▁▁▁▁
wandb:      peak_gpu_mb ▁█████████
wandb:        val_knmse █▅▄▃▂▂▂▁▁▁
wandb:           wall_s ▁▂▃▃▄▅▆▆▇█
wandb: 
wandb: Run summary:
wandb: best_heldout_mse 0.28962
wandb:        best_step 10000
wandb:          coef_tv 0
wandb:      heldout_mse 0.28962
wandb:             loss 0.11143
wandb:               lr 1e-05
wandb:           params 5558016
wandb:      peak_gpu_mb 12458.81738
wandb:        val_knmse 0.36168
wandb:           wall_s 1887.39087
wandb:               +1 ...
wandb: 
wandb: 🚀 View run gnik_sub16_sl21_s1_s21 at: https://wandb.ai/spshenov-university-of-amsterdam/DCE_NIK/runs/rvc7eigj
wandb: ⭐️ View project at: https://wandb.ai/spshenov-university-of-amsterdam/DCE_NIK
wandb: Synced 5 W&B file(s), 0 media file(s), 0 artifact file(s) and 0 other file(s)
wandb: Find logs at: results/tofts_vs_patlak/invivo_k80_rms1/sub16_sl21_s1/wandb_runs/wandb/run-20260917_184031-rvc7eigj/logs
slice 21  nik (192, 192, 342)  (2301s)  vs CS: corr 0.951  nrmse 0.227
done 2302s -> results/tofts_vs_patlak/invivo_k80_rms1/sub16_sl21_s1
[W917 19:18:51.874469543 AllocatorConfig.cpp:28] Warning: PYTORCH_CUDA_ALLOC_CONF is deprecated, use PYTORCH_ALLOC_CONF instead (function operator())
2026-09-17 19:18:52 TRAIN_DONE sub16 sl21 s1 exit 0
