2026-09-17 22:05:20 host gpu02.cluster job 3319920 task 17 stage train
GPU 0: NVIDIA H100 NVL (UUID: GPU-8e413919-ea16-cb0a-3a38-410620ba1bbd)
  MIG 2g.24gb     Device  0: (UUID: MIG-281c0c74-ddae-5f82-9b91-3e7d8a855877)
GPU 1: NVIDIA H100 NVL (UUID: GPU-6525825b-42ba-d600-6e82-921c05f7390b)
GPU 2: NVIDIA H100 NVL (UUID: GPU-64ef941c-2af9-b1a4-b0f1-3dea68d79f02)
GPU 3: NVIDIA H100 NVL (UUID: GPU-daac2482-6ad0-32bd-5511-a75765fd3610)
slice 21 arm tofts8oc seed 2 -> results/tofts_vs_patlak/invivo_k80_oc/tofts8_sl21_s2
device=cuda
model=wire_ff_tofts h512 d12 w062 | FF k256/2.5 t32/1.5 | dcf_pow 0 env 0.75 | 10000 steps, batch 65536, split 0.7
    explicit heldout: 170 VAL spokes
    spoke-reduction: 1368 acquired spokes, 4202496 samples, heldout=yes (same input as CS)
wandb: [wandb.login()] Loaded credentials for https://api.wandb.ai from /home/P101440/.netrc.
wandb: Currently logged in as: spshenov (spshenov-university-of-amsterdam) to https://api.wandb.ai. Use `wandb login --relogin` to force relogin
wandb: setting up run k7f264l5
wandb: Tracking run with wandb version 0.25.0
wandb: Run data is saved locally in results/tofts_vs_patlak/invivo_k80_oc/tofts8_sl21_s2/wandb_runs/wandb/run-20260917_220525-k7f264l5
wandb: Run `wandb offline` to turn off syncing.
wandb: Syncing run gnik_tofts8_sl21_s2_s21
wandb: ⭐️ View project at https://wandb.ai/spshenov-university-of-amsterdam/DCE_NIK
wandb: 🚀 View run at https://wandb.ai/spshenov-university-of-amsterdam/DCE_NIK/runs/k7f264l5
[wandb] gnik_tofts8_sl21_s2_s21: mode online
/net/beegfs/users/P101440/DCE_NIK/train_grasp_nik.py:413: UserWarning: Converting a tensor with requires_grad=True to a scalar may lead to unexpected behavior.
Consider using tensor.detach() first. (Triggered internally at /pytorch/torch/csrc/autograd/generated/python_variable_methods.cpp:836.)
  run.log(dict(loss=float(loss), heldout_mse=hl, val_knmse=hl / yhe_energy, best_heldout_mse=best_heldout, coef_tv=ctv_last, support=sup_last, pisco=pisco_last,
    step   1000  train 1.182e+00  heldout 8.699e-01
    step   2000  train 8.880e-01  heldout 6.228e-01
    step   3000  train 7.536e-01  heldout 5.967e-01
    step   4000  train 6.795e-01  heldout 5.909e-01
    step   5000  train 6.178e-01  heldout 5.914e-01
    step   6000  train 5.730e-01  heldout 5.960e-01
    step   7000  train 5.443e-01  heldout 6.015e-01
    step   8000  train 5.340e-01  heldout 6.067e-01
    step   9000  train 5.079e-01  heldout 6.115e-01
    step  10000  train 4.948e-01  heldout 6.157e-01
    final weights kept (best heldout 5.909e-01 at step 4000)
    RESOURCES slice 21: peak_gpu_MB 12456 params 5641856 best_heldout 5.9090e-01
wandb: updating run metadata
wandb: uploading output.log; uploading wandb-summary.json
wandb: uploading history steps 9-9, summary, console lines 15-15
wandb: 
wandb: Run history:
wandb: best_heldout_mse  █▂▁▁▁▁▁▁▁
wandb:        best_step ▁▅▆███████
wandb:          coef_tv ▁▁▁▁▁▁▁▁▁▁
wandb:      heldout_mse █▂▁▁▁▁▁▁▂▂
wandb:             loss █▅▄▃▂▂▂▁▁▁
wandb:               lr ▁▁▁▁▁▁▁▁▁▁
wandb:      peak_gpu_mb ▁█████████
wandb:            pisco ▁▁▁▁▁▁▁▁▁▁
wandb:          support ▁▁▁▁▁▁▁▁▁▁
wandb:        val_knmse █▂▁▁▁▁▁▁▂▂
wandb:               +1 ...
wandb: 
wandb: Run summary:
wandb: best_heldout_mse 0.5909
wandb:        best_step 4000
wandb:          coef_tv 0
wandb:      heldout_mse 0.6157
wandb:             loss 0.4948
wandb:               lr 1e-05
wandb:           params 5641856
wandb:      peak_gpu_mb 12455.78516
wandb:            pisco 0
wandb:          support 0
wandb:               +3 ...
wandb: 
wandb: 🚀 View run gnik_tofts8_sl21_s2_s21 at: https://wandb.ai/spshenov-university-of-amsterdam/DCE_NIK/runs/k7f264l5
wandb: ⭐️ View project at: https://wandb.ai/spshenov-university-of-amsterdam/DCE_NIK
wandb: Synced 5 W&B file(s), 0 media file(s), 0 artifact file(s) and 0 other file(s)
wandb: Find logs at: results/tofts_vs_patlak/invivo_k80_oc/tofts8_sl21_s2/wandb_runs/wandb/run-20260917_220525-k7f264l5/logs
slice 21  nik (192, 192, 342)  (2696s)  vs CS: corr 0.956  nrmse 0.214
done 2699s -> results/tofts_vs_patlak/invivo_k80_oc/tofts8_sl21_s2
[W917 22:50:20.854256783 AllocatorConfig.cpp:28] Warning: PYTORCH_CUDA_ALLOC_CONF is deprecated, use PYTORCH_ALLOC_CONF instead (function operator())
2026-09-17 22:50:21 TRAIN_DONE tofts8oc sl21 s2 exit 0
