2026-09-17 18:39:59 host gpu02.cluster job 3320068 task 6 stage train
GPU 0: NVIDIA H100 NVL (UUID: GPU-8e413919-ea16-cb0a-3a38-410620ba1bbd)
  MIG 2g.24gb     Device  0: (UUID: MIG-281c0c74-ddae-5f82-9b91-3e7d8a855877)
GPU 1: NVIDIA H100 NVL (UUID: GPU-6525825b-42ba-d600-6e82-921c05f7390b)
GPU 2: NVIDIA H100 NVL (UUID: GPU-64ef941c-2af9-b1a4-b0f1-3dea68d79f02)
GPU 3: NVIDIA H100 NVL (UUID: GPU-daac2482-6ad0-32bd-5511-a75765fd3610)
slice 21 arm sub16 seed 0 -> results/tofts_vs_patlak/invivo_k80_rms1/sub16_sl21_s0
device=cuda
model=wire_ff_subspace rank16 h512 d12 w062 | FF k256/2.5 t32/1.5 | dcf_pow 0 env 0.75 | 10000 steps, batch 65536, split 0.7
    explicit heldout: 170 VAL spokes
    spoke-reduction: 1368 acquired spokes, 4202496 samples, heldout=yes (same input as CS)
wandb: [wandb.login()] Loaded credentials for https://api.wandb.ai from /home/P101440/.netrc.
wandb: Currently logged in as: spshenov (spshenov-university-of-amsterdam) to https://api.wandb.ai. Use `wandb login --relogin` to force relogin
wandb: setting up run 9mt3gx2u
wandb: Tracking run with wandb version 0.25.0
wandb: Run data is saved locally in results/tofts_vs_patlak/invivo_k80_rms1/sub16_sl21_s0/wandb_runs/wandb/run-20260917_184004-9mt3gx2u
wandb: Run `wandb offline` to turn off syncing.
wandb: Syncing run gnik_sub16_sl21_s0_s21
wandb: ⭐️ View project at https://wandb.ai/spshenov-university-of-amsterdam/DCE_NIK
wandb: 🚀 View run at https://wandb.ai/spshenov-university-of-amsterdam/DCE_NIK/runs/9mt3gx2u
[wandb] gnik_sub16_sl21_s0_s21: mode online
    warmstarted Phi from PCA basis (rank 16, 100 frames, fit MSE 1.422e-04)
/net/beegfs/users/P101440/DCE_NIK/train_grasp_nik.py:379: UserWarning: Converting a tensor with requires_grad=True to a scalar may lead to unexpected behavior.
Consider using tensor.detach() first. (Triggered internally at /pytorch/torch/csrc/autograd/generated/python_variable_methods.cpp:836.)
  run.log(dict(loss=float(loss), heldout_mse=hl, val_knmse=hl / yhe_energy, best_heldout_mse=best_heldout, coef_tv=ctv_last,
    step   1000  train 4.512e-01  heldout 3.789e-01
    step   2000  train 2.767e-01  heldout 3.494e-01
    step   3000  train 2.112e-01  heldout 3.295e-01
    step   4000  train 1.758e-01  heldout 3.158e-01
    step   5000  train 1.594e-01  heldout 3.086e-01
    step   6000  train 1.483e-01  heldout 3.014e-01
    step   7000  train 1.384e-01  heldout 2.959e-01
    step   8000  train 1.237e-01  heldout 2.920e-01
    step   9000  train 1.209e-01  heldout 2.897e-01
    step  10000  train 1.250e-01  heldout 2.900e-01
    final weights kept (best heldout 2.897e-01 at step 9000)
    RESOURCES slice 21: peak_gpu_MB 12459 params 5558016 best_heldout 2.8975e-01
wandb: updating run metadata
wandb: uploading history steps 9-9, summary, console lines 16-16
wandb: 
wandb: Run history:
wandb: best_heldout_mse  █▆▄▃▂▂▁▁▁
wandb:        best_step ▁▃▃▄▅▆▆▇██
wandb:          coef_tv ▁▁▁▁▁▁▁▁▁▁
wandb:      heldout_mse █▆▄▃▂▂▁▁▁▁
wandb:             loss █▄▃▂▂▂▁▁▁▁
wandb:               lr ▁▁▁▁▁▁▁▁▁▁
wandb:      peak_gpu_mb ▁█████████
wandb:        val_knmse █▆▄▃▂▂▁▁▁▁
wandb:           wall_s ▁▂▃▃▄▅▆▆▇█
wandb: 
wandb: Run summary:
wandb: best_heldout_mse 0.28975
wandb:        best_step 9000
wandb:          coef_tv 0
wandb:      heldout_mse 0.29001
wandb:             loss 0.12495
wandb:               lr 1e-05
wandb:           params 5558016
wandb:      peak_gpu_mb 12458.81738
wandb:        val_knmse 0.36216
wandb:           wall_s 1887.72453
wandb:               +1 ...
wandb: 
wandb: 🚀 View run gnik_sub16_sl21_s0_s21 at: https://wandb.ai/spshenov-university-of-amsterdam/DCE_NIK/runs/9mt3gx2u
wandb: ⭐️ View project at: https://wandb.ai/spshenov-university-of-amsterdam/DCE_NIK
wandb: Synced 5 W&B file(s), 0 media file(s), 0 artifact file(s) and 0 other file(s)
wandb: Find logs at: results/tofts_vs_patlak/invivo_k80_rms1/sub16_sl21_s0/wandb_runs/wandb/run-20260917_184004-9mt3gx2u/logs
slice 21  nik (192, 192, 342)  (2303s)  vs CS: corr 0.948  nrmse 0.234
done 2304s -> results/tofts_vs_patlak/invivo_k80_rms1/sub16_sl21_s0
[W917 19:18:25.685208924 AllocatorConfig.cpp:28] Warning: PYTORCH_CUDA_ALLOC_CONF is deprecated, use PYTORCH_ALLOC_CONF instead (function operator())
2026-09-17 19:18:25 TRAIN_DONE sub16 sl21 s0 exit 0
