2026-09-17 22:50:23 host gpu02.cluster job 3321088 task 2 stage train
GPU 0: NVIDIA H100 NVL (UUID: GPU-8e413919-ea16-cb0a-3a38-410620ba1bbd)
  MIG 2g.24gb     Device  0: (UUID: MIG-281c0c74-ddae-5f82-9b91-3e7d8a855877)
GPU 1: NVIDIA H100 NVL (UUID: GPU-6525825b-42ba-d600-6e82-921c05f7390b)
GPU 2: NVIDIA H100 NVL (UUID: GPU-64ef941c-2af9-b1a4-b0f1-3dea68d79f02)
GPU 3: NVIDIA H100 NVL (UUID: GPU-daac2482-6ad0-32bd-5511-a75765fd3610)
Submitted batch job 3321090
tracker chained afterany 3319931
variant ctv0.03 -> results/tofts_vs_patlak/amp_track/ctv0.03_sl21
device=cuda
model=wire_ff_tofts h512 d12 w062 | FF k256/2.5 t32/1.5 | dcf_pow 0 env 0.75 | 12000 steps, batch 65536, split 0.7
    explicit heldout: 170 VAL spokes
    spoke-reduction: 1368 acquired spokes, 4202496 samples, heldout=yes (same input as CS)
wandb: [wandb.login()] Loaded credentials for https://api.wandb.ai from /home/P101440/.netrc.
wandb: Currently logged in as: spshenov (spshenov-university-of-amsterdam) to https://api.wandb.ai. Use `wandb login --relogin` to force relogin
wandb: setting up run 59rqv3f8
wandb: Tracking run with wandb version 0.25.0
wandb: Run data is saved locally in results/tofts_vs_patlak/amp_track/ctv0.03_sl21/wandb_runs/wandb/run-20260917_225027-59rqv3f8
wandb: Run `wandb offline` to turn off syncing.
wandb: Syncing run gnik_ctv0.03_sl21_s21
wandb: ⭐️ View project at https://wandb.ai/spshenov-university-of-amsterdam/DCE_NIK
wandb: 🚀 View run at https://wandb.ai/spshenov-university-of-amsterdam/DCE_NIK/runs/59rqv3f8
[wandb] gnik_ctv0.03_sl21_s21: mode online
    [coef-tv] grid 384 every 32 weight 0.03 delta 0.1
/net/beegfs/users/P101440/DCE_NIK/train_grasp_nik.py:328: UserWarning: Converting a tensor with requires_grad=True to a scalar may lead to unexpected behavior.
Consider using tensor.detach() first. (Triggered internally at /pytorch/torch/csrc/autograd/generated/python_variable_methods.cpp:836.)
  (scale_tv * pen + scale_sup * pen_s).backward(); tot += float(pen); tot_s += float(pen_s)
    step   1000  train 1.041e+00  heldout 5.948e-01
    step   2000  train 8.251e-01  heldout 5.572e-01
    step   3000  train 7.321e-01  heldout 5.724e-01
    step   4000  train 6.589e-01  heldout 5.824e-01
    step   5000  train 6.132e-01  heldout 5.993e-01
    step   6000  train 5.836e-01  heldout 6.157e-01
    step   7000  train 5.592e-01  heldout 6.266e-01
    step   8000  train 5.346e-01  heldout 6.192e-01
    step   9000  train 5.117e-01  heldout 6.303e-01
    step  10000  train 5.073e-01  heldout 6.399e-01
    step  11000  train 5.026e-01  heldout 6.471e-01
    step  12000  train 4.908e-01  heldout 6.355e-01
    final weights kept (best heldout 5.572e-01 at step 2000)
    RESOURCES slice 21: peak_gpu_MB 12461 params 5531216 best_heldout 5.5716e-01
wandb: updating run metadata
wandb: 
wandb: Run history:
wandb: best_heldout_mse  ▁▁▁▁▁▁▁▁▁▁▁
wandb:        best_step ▁███████████
wandb:          coef_tv ▁▃▄▅▆▆▇▇▇███
wandb:      heldout_mse ▄▁▂▃▄▆▆▆▇▇█▇
wandb:             loss █▅▄▃▃▂▂▂▁▁▁▁
wandb:               lr ▁▁▁▁▁▁▁▁▁▁▁▁
wandb:      peak_gpu_mb ▁███████████
wandb:            pisco ▁▁▁▁▁▁▁▁▁▁▁▁
wandb:          support ▁▁▁▁▁▁▁▁▁▁▁▁
wandb:        val_knmse ▄▁▂▃▄▆▆▆▇▇█▇
wandb:               +1 ...
wandb: 
wandb: Run summary:
wandb: best_heldout_mse 0.55716
wandb:        best_step 2000
wandb:          coef_tv 0.71451
wandb:      heldout_mse 0.63555
wandb:             loss 0.49081
wandb:               lr 1e-05
wandb:           params 5531216
wandb:      peak_gpu_mb 12461.2085
wandb:            pisco 0
wandb:          support 0
wandb:               +3 ...
wandb: 
wandb: 🚀 View run gnik_ctv0.03_sl21_s21 at: https://wandb.ai/spshenov-university-of-amsterdam/DCE_NIK/runs/59rqv3f8
wandb: ⭐️ View project at: https://wandb.ai/spshenov-university-of-amsterdam/DCE_NIK
wandb: Synced 5 W&B file(s), 0 media file(s), 0 artifact file(s) and 0 other file(s)
wandb: Find logs at: results/tofts_vs_patlak/amp_track/ctv0.03_sl21/wandb_runs/wandb/run-20260917_225027-59rqv3f8/logs
slice 21  nik (192, 192, 342)  (12066s)  vs CS: corr 0.956  nrmse 0.214
done 12067s -> results/tofts_vs_patlak/amp_track/ctv0.03_sl21
[W918 02:11:32.228039854 AllocatorConfig.cpp:28] Warning: PYTORCH_CUDA_ALLOC_CONF is deprecated, use PYTORCH_ALLOC_CONF instead (function operator())
2026-09-18 02:11:32 TRAIN_DONE ctv0.03 exit 0
