2026-09-17 23:01:41 host gpu02.cluster job 3319931 task 3 stage train
GPU 0: NVIDIA H100 NVL (UUID: GPU-8e413919-ea16-cb0a-3a38-410620ba1bbd)
GPU 1: NVIDIA H100 NVL (UUID: GPU-6525825b-42ba-d600-6e82-921c05f7390b)
  MIG 2g.24gb     Device  0: (UUID: MIG-5fbcb857-7ec1-52fa-967f-a37150159422)
GPU 2: NVIDIA H100 NVL (UUID: GPU-64ef941c-2af9-b1a4-b0f1-3dea68d79f02)
GPU 3: NVIDIA H100 NVL (UUID: GPU-daac2482-6ad0-32bd-5511-a75765fd3610)
variant ctv0.3 -> results/tofts_vs_patlak/amp_track/ctv0.3_sl21
device=cuda
model=wire_ff_tofts h512 d12 w062 | FF k256/2.5 t32/1.5 | dcf_pow 0 env 0.75 | 12000 steps, batch 65536, split 0.7
    explicit heldout: 170 VAL spokes
    spoke-reduction: 1368 acquired spokes, 4202496 samples, heldout=yes (same input as CS)
wandb: [wandb.login()] Loaded credentials for https://api.wandb.ai from /home/P101440/.netrc.
wandb: Currently logged in as: spshenov (spshenov-university-of-amsterdam) to https://api.wandb.ai. Use `wandb login --relogin` to force relogin
wandb: setting up run 4fw8vtj9
wandb: Tracking run with wandb version 0.25.0
wandb: Run data is saved locally in results/tofts_vs_patlak/amp_track/ctv0.3_sl21/wandb_runs/wandb/run-20260917_230144-4fw8vtj9
wandb: Run `wandb offline` to turn off syncing.
wandb: Syncing run gnik_ctv0.3_sl21_s21
wandb: ⭐️ View project at https://wandb.ai/spshenov-university-of-amsterdam/DCE_NIK
wandb: 🚀 View run at https://wandb.ai/spshenov-university-of-amsterdam/DCE_NIK/runs/4fw8vtj9
[wandb] gnik_ctv0.3_sl21_s21: mode online
    [coef-tv] grid 384 every 32 weight 0.3 delta 0.1
/net/beegfs/users/P101440/DCE_NIK/train_grasp_nik.py:328: UserWarning: Converting a tensor with requires_grad=True to a scalar may lead to unexpected behavior.
Consider using tensor.detach() first. (Triggered internally at /pytorch/torch/csrc/autograd/generated/python_variable_methods.cpp:836.)
  (scale_tv * pen + scale_sup * pen_s).backward(); tot += float(pen); tot_s += float(pen_s)
    step   1000  train 1.055e+00  heldout 5.842e-01
    step   2000  train 8.766e-01  heldout 5.411e-01
    step   3000  train 7.613e-01  heldout 5.431e-01
    step   4000  train 6.915e-01  heldout 5.567e-01
    step   5000  train 6.425e-01  heldout 5.742e-01
    step   6000  train 6.031e-01  heldout 5.904e-01
    step   7000  train 5.755e-01  heldout 6.038e-01
    step   8000  train 5.510e-01  heldout 6.027e-01
    step   9000  train 5.299e-01  heldout 6.151e-01
    step  10000  train 5.180e-01  heldout 6.211e-01
    step  11000  train 5.094e-01  heldout 6.290e-01
    step  12000  train 5.020e-01  heldout 6.196e-01
    final weights kept (best heldout 5.411e-01 at step 2000)
    RESOURCES slice 21: peak_gpu_MB 12461 params 5531216 best_heldout 5.4109e-01
wandb: updating run metadata
wandb: uploading output.log; uploading wandb-summary.json; uploading config.yaml
wandb: uploading wandb-summary.json
wandb: uploading history steps 11-11, summary, console lines 18-18
wandb: 
wandb: Run history:
wandb: best_heldout_mse  ▁▁▁▁▁▁▁▁▁▁▁
wandb:        best_step ▁███████████
wandb:          coef_tv ▁▂▃▅▆▆▇▇▇███
wandb:      heldout_mse ▄▁▁▂▄▅▆▆▇▇█▇
wandb:             loss █▆▄▃▃▂▂▂▁▁▁▁
wandb:               lr ▁▁▁▁▁▁▁▁▁▁▁▁
wandb:      peak_gpu_mb ▁███████████
wandb:            pisco ▁▁▁▁▁▁▁▁▁▁▁▁
wandb:          support ▁▁▁▁▁▁▁▁▁▁▁▁
wandb:        val_knmse ▄▁▁▂▄▅▆▆▇▇█▇
wandb:               +1 ...
wandb: 
wandb: Run summary:
wandb: best_heldout_mse 0.54109
wandb:        best_step 2000
wandb:          coef_tv 0.67264
wandb:      heldout_mse 0.61961
wandb:             loss 0.50197
wandb:               lr 1e-05
wandb:           params 5531216
wandb:      peak_gpu_mb 12461.2085
wandb:            pisco 0
wandb:          support 0
wandb:               +3 ...
wandb: 
wandb: 🚀 View run gnik_ctv0.3_sl21_s21 at: https://wandb.ai/spshenov-university-of-amsterdam/DCE_NIK/runs/4fw8vtj9
wandb: ⭐️ View project at: https://wandb.ai/spshenov-university-of-amsterdam/DCE_NIK
wandb: Synced 5 W&B file(s), 0 media file(s), 0 artifact file(s) and 0 other file(s)
wandb: Find logs at: results/tofts_vs_patlak/amp_track/ctv0.3_sl21/wandb_runs/wandb/run-20260917_230144-4fw8vtj9/logs
slice 21  nik (192, 192, 342)  (9945s)  vs CS: corr 0.957  nrmse 0.213
done 9945s -> results/tofts_vs_patlak/amp_track/ctv0.3_sl21
[W918 01:47:28.677082738 AllocatorConfig.cpp:28] Warning: PYTORCH_CUDA_ALLOC_CONF is deprecated, use PYTORCH_ALLOC_CONF instead (function operator())
2026-09-18 01:47:29 TRAIN_DONE ctv0.3 exit 0
