2026-09-18 01:47:31 host gpu03.cluster job 3324211 task 0 stage train
GPU 0: NVIDIA H100 NVL (UUID: GPU-ba65053c-72ed-1c58-80be-07549e6f1e8a)
GPU 1: NVIDIA H100 NVL (UUID: GPU-eaa03982-4105-4fd4-05b4-dfe14a5475f9)
GPU 2: NVIDIA H100 NVL (UUID: GPU-c8d1c94c-c938-e03b-b589-eac076bd5f3f)
  MIG 2g.24gb     Device  0: (UUID: MIG-bbe93c91-7dfa-5181-9573-fffd3e3ea5ce)
GPU 3: NVIDIA H100 NVL (UUID: GPU-11c2853b-6154-8665-333f-81dc10b2382c)
Submitted batch job 3324212
tracker chained afterany 3320104
variant sup0.3 -> results/tofts_vs_patlak/amp_track/sup0.3_sl21
device=cuda
model=wire_ff_tofts h512 d12 w062 | FF k256/2.5 t32/1.5 | dcf_pow 0 env 0.75 | 12000 steps, batch 65536, split 0.7
    explicit heldout: 170 VAL spokes
    spoke-reduction: 1368 acquired spokes, 4202496 samples, heldout=yes (same input as CS)
wandb: [wandb.login()] Loaded credentials for https://api.wandb.ai from /home/P101440/.netrc.
wandb: Currently logged in as: spshenov (spshenov-university-of-amsterdam) to https://api.wandb.ai. Use `wandb login --relogin` to force relogin
wandb: setting up run 0pctzdo8
wandb: Tracking run with wandb version 0.25.0
wandb: Run data is saved locally in results/tofts_vs_patlak/amp_track/sup0.3_sl21/wandb_runs/wandb/run-20260918_014737-0pctzdo8
wandb: Run `wandb offline` to turn off syncing.
wandb: Syncing run gnik_sup0.3_sl21_s21
wandb: ⭐️ View project at https://wandb.ai/spshenov-university-of-amsterdam/DCE_NIK
wandb: 🚀 View run at https://wandb.ai/spshenov-university-of-amsterdam/DCE_NIK/runs/0pctzdo8
[wandb] gnik_sup0.3_sl21_s21: mode online
    [coef-tv] grid 384 every 32 weight 0 delta 0.1
    [support] mask orientation rot180 (inside-energy fractions {'id': 0.793, 'rot180': 0.795, 'fliplr': 0.791, 'flipud': 0.793})
/net/beegfs/users/P101440/DCE_NIK/train_grasp_nik.py:328: UserWarning: Converting a tensor with requires_grad=True to a scalar may lead to unexpected behavior.
Consider using tensor.detach() first. (Triggered internally at /pytorch/torch/csrc/autograd/generated/python_variable_methods.cpp:836.)
  (scale_tv * pen + scale_sup * pen_s).backward(); tot += float(pen); tot_s += float(pen_s)
    step   1000  train 1.030e+00  heldout 6.086e-01
    step   2000  train 8.166e-01  heldout 5.745e-01
    step   3000  train 7.201e-01  heldout 5.963e-01
    step   4000  train 6.544e-01  heldout 6.212e-01
    step   5000  train 6.050e-01  heldout 6.420e-01
    step   6000  train 5.745e-01  heldout 6.511e-01
    step   7000  train 5.527e-01  heldout 6.652e-01
    step   8000  train 5.290e-01  heldout 6.699e-01
    step   9000  train 4.994e-01  heldout 6.747e-01
    step  10000  train 4.985e-01  heldout 6.807e-01
    step  11000  train 4.943e-01  heldout 6.812e-01
    step  12000  train 4.835e-01  heldout 6.812e-01
    final weights kept (best heldout 5.745e-01 at step 2000)
    RESOURCES slice 21: peak_gpu_MB 12462 params 5531216 best_heldout 5.7453e-01
wandb: updating run metadata
wandb: uploading wandb-summary.json; uploading output.log
wandb: uploading history steps 11-11, summary, console lines 19-19
wandb: 
wandb: Run history:
wandb: best_heldout_mse  ▁▁▁▁▁▁▁▁▁▁▁
wandb:        best_step ▁███████████
wandb:          coef_tv ▁▁▁▁▁▁▁▁▁▁▁▁
wandb:      heldout_mse ▃▁▂▄▅▆▇▇████
wandb:             loss █▅▄▃▃▂▂▂▁▁▁▁
wandb:               lr ▁▁▁▁▁▁▁▁▁▁▁▁
wandb:      peak_gpu_mb ▁███████████
wandb:            pisco ▁▁▁▁▁▁▁▁▁▁▁▁
wandb:          support ▁▂▃▄▅▆▇▇▇███
wandb:        val_knmse ▃▁▂▄▅▆▇▇████
wandb:               +1 ...
wandb: 
wandb: Run summary:
wandb: best_heldout_mse 0.57453
wandb:        best_step 2000
wandb:          coef_tv 0
wandb:      heldout_mse 0.68123
wandb:             loss 0.48352
wandb:               lr 1e-05
wandb:           params 5531216
wandb:      peak_gpu_mb 12461.771
wandb:            pisco 0
wandb:          support 0.0
wandb:               +3 ...
wandb: 
wandb: 🚀 View run gnik_sup0.3_sl21_s21 at: https://wandb.ai/spshenov-university-of-amsterdam/DCE_NIK/runs/0pctzdo8
wandb: ⭐️ View project at: https://wandb.ai/spshenov-university-of-amsterdam/DCE_NIK
wandb: Synced 5 W&B file(s), 0 media file(s), 0 artifact file(s) and 0 other file(s)
wandb: Find logs at: results/tofts_vs_patlak/amp_track/sup0.3_sl21/wandb_runs/wandb/run-20260918_014737-0pctzdo8/logs
slice 21  nik (192, 192, 342)  (9527s)  vs CS: corr 0.955  nrmse 0.216
done 9528s -> results/tofts_vs_patlak/amp_track/sup0.3_sl21
[W918 04:26:22.229282509 AllocatorConfig.cpp:28] Warning: PYTORCH_CUDA_ALLOC_CONF is deprecated, use PYTORCH_ALLOC_CONF instead (function operator())
2026-09-18 04:26:23 TRAIN_DONE sup0.3 exit 0
