device=cuda
model=wire_ff_tofts h512 d12 w062 | FF k256/2.5 t32/1.5 | dcf_pow 0 env 0.75 | 8 steps, batch 8192, split 0.7
    explicit heldout: 170 VAL spokes
    spoke-reduction: 1368 acquired spokes, 4202496 samples, heldout=yes (same input as CS)
    [coef-tv] grid 384 every 4 weight 0 delta 0.1
    [pisco] stencil 8 neighbours at dk 0.0052, batch 1024, every 2, weight 0.1, ridge 0.001
Traceback (most recent call last):
  File "/net/beegfs/users/P101440/DCE_NIK/train_grasp_nik.py", line 597, in <module>
    main()
  File "/net/beegfs/users/P101440/DCE_NIK/train_grasp_nik.py", line 575, in main
    img = train_one_slice(args.out_dir, slc, sh, args, device)
          ^^^^^^^^^^^^^^^^^^^^^^^^^^^^^^^^^^^^^^^^^^^^^^^^^^^^
  File "/net/beegfs/users/P101440/DCE_NIK/train_grasp_nik.py", line 383, in train_one_slice
    pv = pisco_term(); loss = loss + args.pisco_weight * args.pisco_every * pv; pisco_last = float(pv)
         ^^^^^^^^^^^^
  File "/net/beegfs/users/P101440/DCE_NIK/train_grasp_nik.py", line 342, in pisco_term
    cd = torch.full((pts.shape[0],), c, dtype=torch.long, device=device); pr = normalizer.denormalize(pts, model(pts, tt, cd)); V.append(torch.complex(pr[:, 0], pr[:, 1]))
                                                                                                           ^^^^^^^^^^^^^^^^^^
  File "/appdata/users/P101440/micromamba/envs/torch29/lib/python3.11/site-packages/torch/nn/modules/module.py", line 1775, in _wrapped_call_impl
    return self._call_impl(*args, **kwargs)
           ^^^^^^^^^^^^^^^^^^^^^^^^^^^^^^^^
  File "/appdata/users/P101440/micromamba/envs/torch29/lib/python3.11/site-packages/torch/nn/modules/module.py", line 1786, in _call_impl
    return forward_call(*args, **kwargs)
           ^^^^^^^^^^^^^^^^^^^^^^^^^^^^^
  File "/net/beegfs/users/P101440/DCE_NIK/nik_model.py", line 1305, in forward
    A = self.amplitudes(kcoords, coil_idx)
        ^^^^^^^^^^^^^^^^^^^^^^^^^^^^^^^^^^
  File "/net/beegfs/users/P101440/DCE_NIK/nik_model.py", line 1282, in amplitudes
    h = h + blk(h) if self.residual else blk(h)
            ^^^^^^
  File "/appdata/users/P101440/micromamba/envs/torch29/lib/python3.11/site-packages/torch/nn/modules/module.py", line 1775, in _wrapped_call_impl
    return self._call_impl(*args, **kwargs)
           ^^^^^^^^^^^^^^^^^^^^^^^^^^^^^^^^
  File "/appdata/users/P101440/micromamba/envs/torch29/lib/python3.11/site-packages/torch/nn/modules/module.py", line 1786, in _call_impl
    return forward_call(*args, **kwargs)
           ^^^^^^^^^^^^^^^^^^^^^^^^^^^^^
  File "/net/beegfs/users/P101440/DCE_NIK/nik_model.py", line 95, in forward
    imag = gauss * torch.sin(self.w0 * h)
                   ^^^^^^^^^^^^^^^^^^^^^^
torch.OutOfMemoryError: CUDA out of memory. Tried to allocate 18.00 MiB. GPU 0 has a total capacity of 10.75 GiB of which 12.00 MiB is free. Including non-PyTorch memory, this process has 10.72 GiB memory in use. Of the allocated memory 10.31 GiB is allocated by PyTorch, and 177.45 MiB is reserved by PyTorch but unallocated. If reserved but unallocated memory is large try setting PYTORCH_CUDA_ALLOC_CONF=expandable_segments:True to avoid fragmentation.  See documentation for Memory Management  (https://pytorch.org/docs/stable/notes/cuda.html#environment-variables)
SMOKE kp exit 1
