2026-09-18 11:52:37 host gpu03.cluster job 3326529 task 0 stage train
GPU 0: NVIDIA H100 NVL (UUID: GPU-ba65053c-72ed-1c58-80be-07549e6f1e8a)
GPU 1: NVIDIA H100 NVL (UUID: GPU-eaa03982-4105-4fd4-05b4-dfe14a5475f9)
  MIG 2g.24gb     Device  0: (UUID: MIG-7fdc2adf-8d97-57e9-a2a9-0e63797cb117)
GPU 2: NVIDIA H100 NVL (UUID: GPU-c8d1c94c-c938-e03b-b589-eac076bd5f3f)
GPU 3: NVIDIA H100 NVL (UUID: GPU-11c2853b-6154-8665-333f-81dc10b2382c)
Submitted batch job 3326531
tracker chained afterany 3326528
variant supv2_1 -> results/tofts_vs_patlak/amp_track/supv2_1_sl21
error    libmamba Could not set lock (Resource temporarily unavailable)
warning  libmamba Cannot lock '/home/P101440/.cache/mamba/proc'
    Waiting for other mamba process to finish
device=cuda
model=wire_ff_tofts h512 d12 w062 | FF k256/2.5 t32/1.5 | dcf_pow 0 env 0.75 | 12000 steps, batch 65536, split 0.7
    explicit heldout: 170 VAL spokes
    spoke-reduction: 1368 acquired spokes, 4202496 samples, heldout=yes (same input as CS)
wandb: [wandb.login()] Loaded credentials for https://api.wandb.ai from /home/P101440/.netrc.
wandb: Currently logged in as: spshenov (spshenov-university-of-amsterdam) to https://api.wandb.ai. Use `wandb login --relogin` to force relogin
wandb: setting up run 8kuolvpi
wandb: Tracking run with wandb version 0.25.0
wandb: Run data is saved locally in results/tofts_vs_patlak/amp_track/supv2_1_sl21/wandb_runs/wandb/run-20260918_115241-8kuolvpi
wandb: Run `wandb offline` to turn off syncing.
wandb: Syncing run gnik_supv2_1_sl21_s21
wandb: ⭐️ View project at https://wandb.ai/spshenov-university-of-amsterdam/DCE_NIK
wandb: 🚀 View run at https://wandb.ai/spshenov-university-of-amsterdam/DCE_NIK/runs/8kuolvpi
[wandb] gnik_supv2_1_sl21_s21: mode online
    [coef-tv] grid 384 every 32 weight 0 delta 0.1
    [support] mask orientation rot180 (inside-energy fractions {'id': 0.793, 'rot180': 0.795, 'fliplr': 0.791, 'flipud': 0.793})
/net/beegfs/users/P101440/DCE_NIK/train_grasp_nik.py:329: UserWarning: Converting a tensor with requires_grad=True to a scalar may lead to unexpected behavior.
Consider using tensor.detach() first. (Triggered internally at /pytorch/torch/csrc/autograd/generated/python_variable_methods.cpp:836.)
  (scale_tv * pen + scale_sup * pen_s).backward(); tot += float(pen); tot_s += float(pen_s)
    step   1000  train 1.110e+00  heldout 6.437e-01
    step   2000  train 8.498e-01  heldout 5.651e-01
    step   3000  train 7.386e-01  heldout 5.771e-01
    step   4000  train 6.684e-01  heldout 6.023e-01
    step   5000  train 6.248e-01  heldout 6.238e-01
    step   6000  train 5.926e-01  heldout 6.369e-01
    step   7000  train 5.651e-01  heldout 6.525e-01
    step   8000  train 5.417e-01  heldout 6.510e-01
    step   9000  train 5.160e-01  heldout 6.609e-01
    step  10000  train 5.091e-01  heldout 6.659e-01
    step  11000  train 5.026e-01  heldout 6.705e-01
    step  12000  train 4.963e-01  heldout 6.631e-01
    final weights kept (best heldout 5.651e-01 at step 2000)
    RESOURCES slice 21: peak_gpu_MB 12462 params 5531216 best_heldout 5.6513e-01
wandb: uploading data; updating run metadata
wandb: uploading output.log; uploading wandb-summary.json; uploading config.yaml
wandb: uploading history steps 11-11, summary, console lines 19-19
wandb: 
wandb: Run history:
wandb: best_heldout_mse  ▁▁▁▁▁▁▁▁▁▁▁
wandb:        best_step ▁███████████
wandb:          coef_tv ▁▁▁▁▁▁▁▁▁▁▁▁
wandb:      heldout_mse ▆▁▂▃▅▆▇▇▇███
wandb:             loss █▅▄▃▂▂▂▂▁▁▁▁
wandb:               lr ▁▁▁▁▁▁▁▁▁▁▁▁
wandb:      peak_gpu_mb ▁███████████
wandb:            pisco ▁▁▁▁▁▁▁▁▁▁▁▁
wandb:          support ▁▁▃▅▆▇▇█████
wandb:        val_knmse ▆▁▂▃▅▆▇▇▇███
wandb:               +1 ...
wandb: 
wandb: Run summary:
wandb: best_heldout_mse 0.56513
wandb:        best_step 2000
wandb:          coef_tv 0
wandb:      heldout_mse 0.6631
wandb:             loss 0.49633
wandb:               lr 1e-05
wandb:           params 5531216
wandb:      peak_gpu_mb 12461.91162
wandb:            pisco 0
wandb:          support 0.04159
wandb:               +3 ...
wandb: 
wandb: 🚀 View run gnik_supv2_1_sl21_s21 at: https://wandb.ai/spshenov-university-of-amsterdam/DCE_NIK/runs/8kuolvpi
wandb: ⭐️ View project at: https://wandb.ai/spshenov-university-of-amsterdam/DCE_NIK
wandb: Synced 5 W&B file(s), 0 media file(s), 0 artifact file(s) and 0 other file(s)
wandb: Find logs at: results/tofts_vs_patlak/amp_track/supv2_1_sl21/wandb_runs/wandb/run-20260918_115241-8kuolvpi/logs
slice 21  nik (192, 192, 342)  (9499s)  vs CS: corr 0.955  nrmse 0.217
done 9500s -> results/tofts_vs_patlak/amp_track/supv2_1_sl21
[W918 14:30:59.891380487 AllocatorConfig.cpp:28] Warning: PYTORCH_CUDA_ALLOC_CONF is deprecated, use PYTORCH_ALLOC_CONF instead (function operator())
2026-09-18 14:30:59 TRAIN_DONE supv2_1 exit 0
