2026-09-18 22:24:10 host worker03.cluster job 3327624
efef293 gv2_aorta: report the core area column in the candidate table
reference nufft (192, 192, 54, 102), 102 frames, 3.63 s
candidates 7553 voxels (peak > 0.45 x 7.302e-05, ttp <= 70 s, > 15 px inside body); best in-plane disc coverage 10 slices
  cand (y= 68, x=113): in-plane core 158 px > 150, not vessel-sized (heart or organ), rejected
  cand (y=111, x= 95): 19 slices z 13-31, fill 0.77, wander  2.8 px, core   7 px, median ttp  58.9 s, peak 3.957e-05 (+818%)
selected (y=111, x=95): earliest median ttp 58.9 s of 1 tube candidates
roi 931 px, z 13-31, tracked disc r=4 px, centre (y=111, x=95), median ttp 59 s
  nufft      base 4.942e-06 peak 4.417e-05 (+794%) ttp 59 s plateau/peak 0.15
  lam0.02    base 8.685e-06 peak 8.490e-05 (+878%) ttp 59 s plateau/peak 0.17
  lam0.08    base 8.816e-06 peak 7.698e-05 (+773%) ttp 59 s plateau/peak 0.19
  lam0.25    base 8.665e-06 peak 6.162e-05 (+611%) ttp 59 s plateau/peak 0.22
  glam0.02   base 8.658e-06 peak 8.521e-05 (+884%) ttp 59 s plateau/peak 0.17
  glam0.08   base 8.813e-06 peak 7.786e-05 (+783%) ttp 59 s plateau/peak 0.19
  glam0.25   base 8.994e-06 peak 6.525e-05 (+626%) ttp 59 s plateau/peak 0.22
# aorta median intensity curves, DCE_Rerun grasp v2

roi: tracked lumen disc r=4 px (17 mm across), 931 px over z 13-31 (19 slices), centre (y=111, x=95), centroid wander 2.8 px, median ttp 59 s
found on **nufft** (method-neutral) by a vessel-disc matched filter (r=5 px, fill >= 0.7) over voxels above 0.45 of the 99.9th percentile peak with ttp <= 70 s and more than 15 px inside the body, tracked in z, then the earliest median ttp of 1 tube candidates; identical roi for every tag
a fixed lumen disc is used rather than a brightness-thresholded mask, which would bias the median toward the brightest voxels and inflate the peak

| tag | baseline [1e-5] | peak [1e-5] | rel. peak | ttp [s] | plateau/peak |
|---|---|---|---|---|---|
| nufft | 0.49 | 4.42 | +794% | 59 | 0.15 |
| lam0.02 | 0.87 | 8.49 | +878% | 59 | 0.17 |
| lam0.08 | 0.88 | 7.70 | +773% | 59 | 0.19 |
| lam0.25 | 0.87 | 6.16 | +611% | 59 | 0.22 |
| glam0.02 | 0.87 | 8.52 | +884% | 59 | 0.17 |
| glam0.08 | 0.88 | 7.79 | +783% | 59 | 0.19 |
| glam0.25 | 0.90 | 6.53 | +626% | 59 | 0.22 |

tube candidates (the selected one is the earliest):

| centre (y, x) | slices | z range | disc fill | wander px | core px | median ttp s | median peak |
|---|---|---|---|---|---|---|---|
| (111, 95) **selected** | 19 | 13-31 | 0.77 | 2.8 | 7 | 58.9 | 3.957e-05 |

files: aorta_roi_check.png (roi on anatomy, axial + both through-plane cuts + coverage and timing maps + centre track), aorta_curves.png, aorta_curves.csv, aorta_roi.npz
override with AORTA_YX="y,x" and ZRANGE="z0,z1" if the overlay shows the disc off the vessel
AORTA_DONE
-rw-rw---- 1 P101440 P101440    1587 Sep 18 22:24 /net/beegfs/users/P101440/DCE_NIK/results/dce_rerun_gv2/aorta.md
-rw-rw---- 1 P101440 P101440   20461 Sep 18 22:24 /net/beegfs/users/P101440/DCE_NIK/results/dce_rerun_gv2/aorta_curves.csv
-rw-rw---- 1 P101440 P101440  213210 Sep 18 22:24 /net/beegfs/users/P101440/DCE_NIK/results/dce_rerun_gv2/aorta_curves.png
-rw-rw---- 1 P101440 P101440 1994150 Sep 18 22:24 /net/beegfs/users/P101440/DCE_NIK/results/dce_rerun_gv2/aorta_roi.npz
-rw-rw---- 1 P101440 P101440  473475 Sep 18 22:24 /net/beegfs/users/P101440/DCE_NIK/results/dce_rerun_gv2/aorta_roi_check.png
