2026-09-21 16:24:28 host gpu02.cluster job 3347184 task 3 stage train
GPU 0: NVIDIA H100 NVL (UUID: GPU-8e413919-ea16-cb0a-3a38-410620ba1bbd)
GPU 1: NVIDIA H100 NVL (UUID: GPU-6525825b-42ba-d600-6e82-921c05f7390b)
  MIG 2g.24gb     Device  0: (UUID: MIG-5fbcb857-7ec1-52fa-967f-a37150159422)
GPU 2: NVIDIA H100 NVL (UUID: GPU-64ef941c-2af9-b1a4-b0f1-3dea68d79f02)
GPU 3: NVIDIA H100 NVL (UUID: GPU-daac2482-6ad0-32bd-5511-a75765fd3610)
task 3: tofts8 slice 19 seed 0 -> results/tofts_vs_patlak/invivo_prod/tofts8_sl19_s0
error    libmamba Could not set lock (Resource temporarily unavailable)
warning  libmamba Cannot lock '/home/P101440/.cache/mamba/proc'
    Waiting for other mamba process to finish
device=cuda
model=wire_ff_tofts h512 d12 w062 | FF k256/2.5 t32/1.5 | dcf_pow 0 env 0.75 | 10000 steps, batch 65536, split 0.7
    explicit heldout: 170 VAL spokes
    spoke-reduction: 1368 acquired spokes, 4202496 samples, heldout=yes (same input as CS)
wandb: [wandb.login()] Loaded credentials for https://api.wandb.ai from /home/P101440/.netrc.
wandb: Currently logged in as: spshenov (spshenov-university-of-amsterdam) to https://api.wandb.ai. Use `wandb login --relogin` to force relogin
wandb: setting up run wuefnqf2
wandb: Tracking run with wandb version 0.25.0
wandb: Run data is saved locally in results/tofts_vs_patlak/invivo_prod/tofts8_sl19_s0/wandb_runs/wandb/run-20260921_162432-wuefnqf2
wandb: Run `wandb offline` to turn off syncing.
wandb: Syncing run gnik_tofts8_sl19_s0_s19
wandb: ⭐️ View project at https://wandb.ai/spshenov-university-of-amsterdam/DCE_NIK
wandb: 🚀 View run at https://wandb.ai/spshenov-university-of-amsterdam/DCE_NIK/runs/wuefnqf2
[wandb] gnik_tofts8_sl19_s0_s19: mode online
    [coef-tv] grid 384 every 32 weight 0 delta 0.1
    [support] mask orientation rot180 (inside-energy fractions now, untrained model: {'id': 0.834, 'rot180': 0.834, 'fliplr': 0.834, 'flipud': 0.832})
/net/beegfs/users/P101440/DCE_NIK/train_grasp_nik.py:329: UserWarning: Converting a tensor with requires_grad=True to a scalar may lead to unexpected behavior.
Consider using tensor.detach() first. (Triggered internally at /pytorch/torch/csrc/autograd/generated/python_variable_methods.cpp:836.)
  (scale_tv * pen + scale_sup * pen_s).backward(); tot += float(pen); tot_s += float(pen_s)
    step   1000  train 1.248e+00  heldout 5.972e-01
    step   2000  train 1.119e+00  heldout 5.328e-01
    step   3000  train 1.084e+00  heldout 5.235e-01
    step   4000  train 1.070e+00  heldout 5.222e-01
    step   5000  train 1.082e+00  heldout 5.195e-01
    step   6000  train 1.072e+00  heldout 5.178e-01
    step   7000  train 1.074e+00  heldout 5.188e-01
    step   8000  train 1.026e+00  heldout 5.189e-01
    step   9000  train 9.744e-01  heldout 4.903e-01
    step  10000  train 7.689e-01  heldout 4.575e-01
    final weights kept (best heldout 4.575e-01 at step 10000)
    RESOURCES slice 19: peak_gpu_MB 12462 params 5531216 best_heldout 4.5748e-01
wandb: updating run metadata
wandb: uploading output.log; uploading wandb-summary.json; uploading config.yaml
wandb: 
wandb: Run history:
wandb: best_heldout_mse  █▇▇▇▇▇▇▄▁
wandb:        best_step ▁▂▃▄▅▅▅▅▇█
wandb:          coef_tv ▁▁▁▁▁▁▁▁▁▁
wandb:      heldout_mse █▅▄▄▄▄▄▄▃▁
wandb:             loss █▆▆▅▆▅▅▅▄▁
wandb:               lr ▁▁▁▁▁▁▁▁▁▁
wandb:      peak_gpu_mb ▁█████████
wandb:            pisco ▁▁▁▁▁▁▁▁▁▁
wandb:          support █▃▃▁▂▂▃▃▄▆
wandb:        val_knmse █▅▄▄▄▄▄▄▃▁
wandb:               +1 ...
wandb: 
wandb: Run summary:
wandb: best_heldout_mse 0.45748
wandb:        best_step 10000
wandb:          coef_tv 0
wandb:      heldout_mse 0.45748
wandb:             loss 0.76893
wandb:               lr 1e-05
wandb:           params 5531216
wandb:      peak_gpu_mb 12461.91162
wandb:            pisco 0
wandb:          support 0.00875
wandb:               +3 ...
wandb: 
wandb: 🚀 View run gnik_tofts8_sl19_s0_s19 at: https://wandb.ai/spshenov-university-of-amsterdam/DCE_NIK/runs/wuefnqf2
wandb: ⭐️ View project at: https://wandb.ai/spshenov-university-of-amsterdam/DCE_NIK
wandb: Synced 5 W&B file(s), 0 media file(s), 0 artifact file(s) and 0 other file(s)
wandb: Find logs at: results/tofts_vs_patlak/invivo_prod/tofts8_sl19_s0/wandb_runs/wandb/run-20260921_162432-wuefnqf2/logs
slice 19  nik (192, 192, 342)  (3907s)  vs CS: corr 0.967  nrmse 0.191
done 3908s -> results/tofts_vs_patlak/invivo_prod/tofts8_sl19_s0
[W921 17:29:38.052373227 AllocatorConfig.cpp:28] Warning: PYTORCH_CUDA_ALLOC_CONF is deprecated, use PYTORCH_ALLOC_CONF instead (function operator())
2026-09-21 17:29:38 TRAIN_DONE tofts8 sl19 s0 exit 0
