2026-09-21 16:24:28 host gpu02.cluster job 3347183 task 2 stage train
GPU 0: NVIDIA H100 NVL (UUID: GPU-8e413919-ea16-cb0a-3a38-410620ba1bbd)
  MIG 2g.24gb     Device  0: (UUID: MIG-281c0c74-ddae-5f82-9b91-3e7d8a855877)
GPU 1: NVIDIA H100 NVL (UUID: GPU-6525825b-42ba-d600-6e82-921c05f7390b)
GPU 2: NVIDIA H100 NVL (UUID: GPU-64ef941c-2af9-b1a4-b0f1-3dea68d79f02)
GPU 3: NVIDIA H100 NVL (UUID: GPU-daac2482-6ad0-32bd-5511-a75765fd3610)
task 2: tofts8 slice 18 seed 2 -> results/tofts_vs_patlak/invivo_prod/tofts8_sl18_s2
device=cuda
model=wire_ff_tofts h512 d12 w062 | FF k256/2.5 t32/1.5 | dcf_pow 0 env 0.75 | 10000 steps, batch 65536, split 0.7
    explicit heldout: 170 VAL spokes
    spoke-reduction: 1368 acquired spokes, 4202496 samples, heldout=yes (same input as CS)
wandb: [wandb.login()] Loaded credentials for https://api.wandb.ai from /home/P101440/.netrc.
wandb: Currently logged in as: spshenov (spshenov-university-of-amsterdam) to https://api.wandb.ai. Use `wandb login --relogin` to force relogin
wandb: setting up run njkp08fk
wandb: Tracking run with wandb version 0.25.0
wandb: Run data is saved locally in results/tofts_vs_patlak/invivo_prod/tofts8_sl18_s2/wandb_runs/wandb/run-20260921_162432-njkp08fk
wandb: Run `wandb offline` to turn off syncing.
wandb: Syncing run gnik_tofts8_sl18_s2_s18
wandb: ⭐️ View project at https://wandb.ai/spshenov-university-of-amsterdam/DCE_NIK
wandb: 🚀 View run at https://wandb.ai/spshenov-university-of-amsterdam/DCE_NIK/runs/njkp08fk
[wandb] gnik_tofts8_sl18_s2_s18: mode online
    [coef-tv] grid 384 every 32 weight 0 delta 0.1
    [support] mask orientation rot180 (inside-energy fractions now, untrained model: {'id': 0.819, 'rot180': 0.823, 'fliplr': 0.824, 'flipud': 0.822})
/net/beegfs/users/P101440/DCE_NIK/train_grasp_nik.py:329: UserWarning: Converting a tensor with requires_grad=True to a scalar may lead to unexpected behavior.
Consider using tensor.detach() first. (Triggered internally at /pytorch/torch/csrc/autograd/generated/python_variable_methods.cpp:836.)
  (scale_tv * pen + scale_sup * pen_s).backward(); tot += float(pen); tot_s += float(pen_s)
    step   1000  train 1.197e+00  heldout 6.191e-01
    step   2000  train 1.108e+00  heldout 5.697e-01
    step   3000  train 1.049e+00  heldout 5.580e-01
    step   4000  train 1.019e+00  heldout 5.626e-01
    step   5000  train 9.731e-01  heldout 5.616e-01
    step   6000  train 9.448e-01  heldout 5.632e-01
    step   7000  train 8.496e-01  heldout 5.378e-01
    step   8000  train 7.745e-01  heldout 5.396e-01
    step   9000  train 7.541e-01  heldout 5.566e-01
    step  10000  train 7.094e-01  heldout 5.726e-01
    final weights kept (best heldout 5.378e-01 at step 7000)
    RESOURCES slice 18: peak_gpu_MB 12462 params 5531216 best_heldout 5.3778e-01
wandb: updating run metadata
wandb: uploading output.log; uploading wandb-summary.json
wandb: uploading output.log; uploading config.yaml
wandb: 
wandb: Run history:
wandb: best_heldout_mse  █▅▅▅▅▁▁▁▁
wandb:        best_step ▁▃▄▄▄▄████
wandb:          coef_tv ▁▁▁▁▁▁▁▁▁▁
wandb:      heldout_mse █▄▃▃▃▃▁▁▃▄
wandb:             loss █▇▆▅▅▄▃▂▂▁
wandb:               lr ▁▁▁▁▁▁▁▁▁▁
wandb:      peak_gpu_mb ▁█████████
wandb:            pisco ▁▁▁▁▁▁▁▁▁▁
wandb:          support ▄▁▁▂▃▄▅▅▇█
wandb:        val_knmse █▄▃▃▃▃▁▁▃▄
wandb:               +1 ...
wandb: 
wandb: Run summary:
wandb: best_heldout_mse 0.53778
wandb:        best_step 7000
wandb:          coef_tv 0
wandb:      heldout_mse 0.57264
wandb:             loss 0.70942
wandb:               lr 1e-05
wandb:           params 5531216
wandb:      peak_gpu_mb 12461.91162
wandb:            pisco 0
wandb:          support 0.01869
wandb:               +3 ...
wandb: 
wandb: 🚀 View run gnik_tofts8_sl18_s2_s18 at: https://wandb.ai/spshenov-university-of-amsterdam/DCE_NIK/runs/njkp08fk
wandb: ⭐️ View project at: https://wandb.ai/spshenov-university-of-amsterdam/DCE_NIK
wandb: Synced 5 W&B file(s), 0 media file(s), 0 artifact file(s) and 0 other file(s)
wandb: Find logs at: results/tofts_vs_patlak/invivo_prod/tofts8_sl18_s2/wandb_runs/wandb/run-20260921_162432-njkp08fk/logs
slice 18  nik (192, 192, 342)  (3844s)  vs CS: corr 0.969  nrmse 0.189
done 3844s -> results/tofts_vs_patlak/invivo_prod/tofts8_sl18_s2
[W921 17:28:34.806299955 AllocatorConfig.cpp:28] Warning: PYTORCH_CUDA_ALLOC_CONF is deprecated, use PYTORCH_ALLOC_CONF instead (function operator())
2026-09-21 17:28:35 TRAIN_DONE tofts8 sl18 s2 exit 0
