2026-09-21 18:33:50 host gpu02.cluster job 3347321 task 6 stage train
GPU 0: NVIDIA H100 NVL (UUID: GPU-8e413919-ea16-cb0a-3a38-410620ba1bbd)
  MIG 2g.24gb     Device  0: (UUID: MIG-281c0c74-ddae-5f82-9b91-3e7d8a855877)
GPU 1: NVIDIA H100 NVL (UUID: GPU-6525825b-42ba-d600-6e82-921c05f7390b)
GPU 2: NVIDIA H100 NVL (UUID: GPU-64ef941c-2af9-b1a4-b0f1-3dea68d79f02)
GPU 3: NVIDIA H100 NVL (UUID: GPU-daac2482-6ad0-32bd-5511-a75765fd3610)
task 6: tofts8 slice 21 seed 0 -> results/tofts_vs_patlak/invivo_prod/tofts8_sl21_s0
device=cuda
model=wire_ff_tofts h512 d12 w062 | FF k256/2.5 t32/1.5 | dcf_pow 0 env 0.75 | 10000 steps, batch 65536, split 0.7
    explicit heldout: 170 VAL spokes
    spoke-reduction: 1368 acquired spokes, 4202496 samples, heldout=yes (same input as CS)
wandb: [wandb.login()] Loaded credentials for https://api.wandb.ai from /home/P101440/.netrc.
wandb: Currently logged in as: spshenov (spshenov-university-of-amsterdam) to https://api.wandb.ai. Use `wandb login --relogin` to force relogin
wandb: setting up run aqdrdzjp
wandb: Tracking run with wandb version 0.25.0
wandb: Run data is saved locally in results/tofts_vs_patlak/invivo_prod/tofts8_sl21_s0/wandb_runs/wandb/run-20260921_183355-aqdrdzjp
wandb: Run `wandb offline` to turn off syncing.
wandb: Syncing run gnik_tofts8_sl21_s0_s21
wandb: ⭐️ View project at https://wandb.ai/spshenov-university-of-amsterdam/DCE_NIK
wandb: 🚀 View run at https://wandb.ai/spshenov-university-of-amsterdam/DCE_NIK/runs/aqdrdzjp
[wandb] gnik_tofts8_sl21_s0_s21: mode online
    [coef-tv] grid 384 every 32 weight 0 delta 0.1
    [support] mask orientation rot180 (inside-energy fractions now, untrained model: {'id': 0.816, 'rot180': 0.815, 'fliplr': 0.815, 'flipud': 0.814})
/net/beegfs/users/P101440/DCE_NIK/train_grasp_nik.py:329: UserWarning: Converting a tensor with requires_grad=True to a scalar may lead to unexpected behavior.
Consider using tensor.detach() first. (Triggered internally at /pytorch/torch/csrc/autograd/generated/python_variable_methods.cpp:836.)
  (scale_tv * pen + scale_sup * pen_s).backward(); tot += float(pen); tot_s += float(pen_s)
    step   1000  train 1.122e+00  heldout 6.171e-01
    step   2000  train 9.440e-01  heldout 5.491e-01
    step   3000  train 8.528e-01  heldout 5.461e-01
    step   4000  train 7.743e-01  heldout 5.546e-01
    step   5000  train 7.172e-01  heldout 5.693e-01
    step   6000  train 6.653e-01  heldout 5.815e-01
    step   7000  train 6.236e-01  heldout 5.987e-01
    step   8000  train 5.907e-01  heldout 5.988e-01
    step   9000  train 5.611e-01  heldout 6.118e-01
    step  10000  train 5.471e-01  heldout 6.215e-01
    final weights kept (best heldout 5.461e-01 at step 3000)
    RESOURCES slice 21: peak_gpu_MB 12462 params 5531216 best_heldout 5.4607e-01
wandb: updating run metadata
wandb: uploading history steps 9-9, summary, console lines 17-17
wandb: 
wandb: Run history:
wandb: best_heldout_mse  █▁▁▁▁▁▁▁▁
wandb:        best_step ▁▆████████
wandb:          coef_tv ▁▁▁▁▁▁▁▁▁▁
wandb:      heldout_mse █▁▁▂▃▄▆▆▇█
wandb:             loss █▆▅▄▃▂▂▂▁▁
wandb:               lr ▁▁▁▁▁▁▁▁▁▁
wandb:      peak_gpu_mb ▁█████████
wandb:            pisco ▁▁▁▁▁▁▁▁▁▁
wandb:          support ▂▁▂▃▄▆▆▇▇█
wandb:        val_knmse █▁▁▂▃▄▆▆▇█
wandb:               +1 ...
wandb: 
wandb: Run summary:
wandb: best_heldout_mse 0.54607
wandb:        best_step 3000
wandb:          coef_tv 0
wandb:      heldout_mse 0.62149
wandb:             loss 0.54708
wandb:               lr 1e-05
wandb:           params 5531216
wandb:      peak_gpu_mb 12461.91162
wandb:            pisco 0
wandb:          support 0.02957
wandb:               +3 ...
wandb: 
wandb: 🚀 View run gnik_tofts8_sl21_s0_s21 at: https://wandb.ai/spshenov-university-of-amsterdam/DCE_NIK/runs/aqdrdzjp
wandb: ⭐️ View project at: https://wandb.ai/spshenov-university-of-amsterdam/DCE_NIK
wandb: Synced 5 W&B file(s), 0 media file(s), 0 artifact file(s) and 0 other file(s)
wandb: Find logs at: results/tofts_vs_patlak/invivo_prod/tofts8_sl21_s0/wandb_runs/wandb/run-20260921_183355-aqdrdzjp/logs
slice 21  nik (192, 192, 342)  (3898s)  vs CS: corr 0.957  nrmse 0.213
done 3899s -> results/tofts_vs_patlak/invivo_prod/tofts8_sl21_s0
[W921 19:38:51.816862626 AllocatorConfig.cpp:28] Warning: PYTORCH_CUDA_ALLOC_CONF is deprecated, use PYTORCH_ALLOC_CONF instead (function operator())
2026-09-21 19:38:52 TRAIN_DONE tofts8 sl21 s0 exit 0
