2026-09-21 17:28:50 host gpu02.cluster job 3347284 task 4 stage train
GPU 0: NVIDIA H100 NVL (UUID: GPU-8e413919-ea16-cb0a-3a38-410620ba1bbd)
  MIG 2g.24gb     Device  0: (UUID: MIG-281c0c74-ddae-5f82-9b91-3e7d8a855877)
GPU 1: NVIDIA H100 NVL (UUID: GPU-6525825b-42ba-d600-6e82-921c05f7390b)
GPU 2: NVIDIA H100 NVL (UUID: GPU-64ef941c-2af9-b1a4-b0f1-3dea68d79f02)
GPU 3: NVIDIA H100 NVL (UUID: GPU-daac2482-6ad0-32bd-5511-a75765fd3610)
task 4: tofts8 slice 19 seed 1 -> results/tofts_vs_patlak/invivo_prod/tofts8_sl19_s1
device=cuda
model=wire_ff_tofts h512 d12 w062 | FF k256/2.5 t32/1.5 | dcf_pow 0 env 0.75 | 10000 steps, batch 65536, split 0.7
    explicit heldout: 170 VAL spokes
    spoke-reduction: 1368 acquired spokes, 4202496 samples, heldout=yes (same input as CS)
wandb: [wandb.login()] Loaded credentials for https://api.wandb.ai from /home/P101440/.netrc.
wandb: Currently logged in as: spshenov (spshenov-university-of-amsterdam) to https://api.wandb.ai. Use `wandb login --relogin` to force relogin
wandb: setting up run bgtt18vg
wandb: Tracking run with wandb version 0.25.0
wandb: Run data is saved locally in results/tofts_vs_patlak/invivo_prod/tofts8_sl19_s1/wandb_runs/wandb/run-20260921_172854-bgtt18vg
wandb: Run `wandb offline` to turn off syncing.
wandb: Syncing run gnik_tofts8_sl19_s1_s19
wandb: ⭐️ View project at https://wandb.ai/spshenov-university-of-amsterdam/DCE_NIK
wandb: 🚀 View run at https://wandb.ai/spshenov-university-of-amsterdam/DCE_NIK/runs/bgtt18vg
[wandb] gnik_tofts8_sl19_s1_s19: mode online
    [coef-tv] grid 384 every 32 weight 0 delta 0.1
    [support] mask orientation rot180 (inside-energy fractions now, untrained model: {'id': 0.84, 'rot180': 0.841, 'fliplr': 0.841, 'flipud': 0.84})
/net/beegfs/users/P101440/DCE_NIK/train_grasp_nik.py:329: UserWarning: Converting a tensor with requires_grad=True to a scalar may lead to unexpected behavior.
Consider using tensor.detach() first. (Triggered internally at /pytorch/torch/csrc/autograd/generated/python_variable_methods.cpp:836.)
  (scale_tv * pen + scale_sup * pen_s).backward(); tot += float(pen); tot_s += float(pen_s)
    step   1000  train 1.179e+00  heldout 5.976e-01
    step   2000  train 1.133e+00  heldout 5.370e-01
    step   3000  train 1.079e+00  heldout 5.231e-01
    step   4000  train 1.071e+00  heldout 5.235e-01
    step   5000  train 1.041e+00  heldout 5.205e-01
    step   6000  train 1.056e+00  heldout 5.181e-01
    step   7000  train 1.017e+00  heldout 5.155e-01
    step   8000  train 7.878e-01  heldout 4.556e-01
    step   9000  train 7.618e-01  heldout 4.795e-01
    step  10000  train 7.167e-01  heldout 4.857e-01
    final weights kept (best heldout 4.556e-01 at step 8000)
    RESOURCES slice 19: peak_gpu_MB 12462 params 5531216 best_heldout 4.5557e-01
wandb: updating run metadata
wandb: uploading output.log; uploading wandb-summary.json
wandb: 
wandb: Run history:
wandb: best_heldout_mse  █▇▇▇▆▆▁▁▁
wandb:        best_step ▁▃▄▄▅▆▇███
wandb:          coef_tv ▁▁▁▁▁▁▁▁▁▁
wandb:      heldout_mse █▅▄▄▄▄▄▁▂▂
wandb:             loss █▇▆▆▆▆▆▂▂▁
wandb:               lr ▁▁▁▁▁▁▁▁▁▁
wandb:      peak_gpu_mb ▁█████████
wandb:            pisco ▁▁▁▁▁▁▁▁▁▁
wandb:          support ▆▂▁▁▂▂▃▄▆█
wandb:        val_knmse █▅▄▄▄▄▄▁▂▂
wandb:               +1 ...
wandb: 
wandb: Run summary:
wandb: best_heldout_mse 0.45557
wandb:        best_step 8000
wandb:          coef_tv 0
wandb:      heldout_mse 0.48569
wandb:             loss 0.7167
wandb:               lr 1e-05
wandb:           params 5531216
wandb:      peak_gpu_mb 12461.91162
wandb:            pisco 0
wandb:          support 0.01137
wandb:               +3 ...
wandb: 
wandb: 🚀 View run gnik_tofts8_sl19_s1_s19 at: https://wandb.ai/spshenov-university-of-amsterdam/DCE_NIK/runs/bgtt18vg
wandb: ⭐️ View project at: https://wandb.ai/spshenov-university-of-amsterdam/DCE_NIK
wandb: Synced 5 W&B file(s), 0 media file(s), 0 artifact file(s) and 0 other file(s)
wandb: Find logs at: results/tofts_vs_patlak/invivo_prod/tofts8_sl19_s1/wandb_runs/wandb/run-20260921_172854-bgtt18vg/logs
slice 19  nik (192, 192, 342)  (3894s)  vs CS: corr 0.967  nrmse 0.191
done 3895s -> results/tofts_vs_patlak/invivo_prod/tofts8_sl19_s1
[W921 18:33:47.511174428 AllocatorConfig.cpp:28] Warning: PYTORCH_CUDA_ALLOC_CONF is deprecated, use PYTORCH_ALLOC_CONF instead (function operator())
2026-09-21 18:33:47 TRAIN_DONE tofts8 sl19 s1 exit 0
