2026-09-22 02:20:24 host gpu02.cluster job 3348834 task 23 stage train
GPU 0: NVIDIA H100 NVL (UUID: GPU-8e413919-ea16-cb0a-3a38-410620ba1bbd)
  MIG 2g.24gb     Device  0: (UUID: MIG-281c0c74-ddae-5f82-9b91-3e7d8a855877)
GPU 1: NVIDIA H100 NVL (UUID: GPU-6525825b-42ba-d600-6e82-921c05f7390b)
GPU 2: NVIDIA H100 NVL (UUID: GPU-64ef941c-2af9-b1a4-b0f1-3dea68d79f02)
GPU 3: NVIDIA H100 NVL (UUID: GPU-daac2482-6ad0-32bd-5511-a75765fd3610)
task 23: tofts8base slice 19 seed 2 -> results/tofts_vs_patlak/invivo_prod_base/tofts8_sl19_s2
device=cuda
model=wire_ff_tofts h512 d12 w062 | FF k256/2.5 t32/1.5 | dcf_pow 0 env 0.75 | 10000 steps, batch 65536, split 0.7
    explicit heldout: 170 VAL spokes
    spoke-reduction: 1368 acquired spokes, 4202496 samples, heldout=yes (same input as CS)
wandb: [wandb.login()] Loaded credentials for https://api.wandb.ai from /home/P101440/.netrc.
wandb: Currently logged in as: spshenov (spshenov-university-of-amsterdam) to https://api.wandb.ai. Use `wandb login --relogin` to force relogin
wandb: setting up run g9dnlh4t
wandb: Tracking run with wandb version 0.25.0
wandb: Run data is saved locally in results/tofts_vs_patlak/invivo_prod_base/tofts8_sl19_s2/wandb_runs/wandb/run-20260922_022028-g9dnlh4t
wandb: Run `wandb offline` to turn off syncing.
wandb: Syncing run gnik_tofts8_sl19_s2_s19
wandb: ⭐️ View project at https://wandb.ai/spshenov-university-of-amsterdam/DCE_NIK
wandb: 🚀 View run at https://wandb.ai/spshenov-university-of-amsterdam/DCE_NIK/runs/g9dnlh4t
[wandb] gnik_tofts8_sl19_s2_s19: mode online
/net/beegfs/users/P101440/DCE_NIK/train_grasp_nik.py:424: UserWarning: Converting a tensor with requires_grad=True to a scalar may lead to unexpected behavior.
Consider using tensor.detach() first. (Triggered internally at /pytorch/torch/csrc/autograd/generated/python_variable_methods.cpp:836.)
  run.log(dict(loss=float(loss), heldout_mse=hl, val_knmse=hl / yhe_energy, best_heldout_mse=best_heldout, coef_tv=ctv_last, support=sup_last, pisco=pisco_last,
    step   1000  train 1.124e+00  heldout 5.747e-01
    step   2000  train 1.122e+00  heldout 5.342e-01
    step   3000  train 1.078e+00  heldout 5.269e-01
    step   4000  train 1.068e+00  heldout 5.253e-01
    step   5000  train 1.025e+00  heldout 5.231e-01
    step   6000  train 1.021e+00  heldout 5.218e-01
    step   7000  train 1.014e+00  heldout 5.233e-01
    step   8000  train 9.314e-01  heldout 5.082e-01
    step   9000  train 7.769e-01  heldout 4.512e-01
    step  10000  train 7.418e-01  heldout 4.680e-01
    final weights kept (best heldout 4.512e-01 at step 9000)
    RESOURCES slice 19: peak_gpu_MB 12459 params 5531216 best_heldout 4.5116e-01
wandb: updating run metadata
wandb: uploading history steps 9-9, summary, console lines 15-15
wandb: 
wandb: Run history:
wandb: best_heldout_mse  █▇▇▇▇▇▆▁▁
wandb:        best_step ▁▃▃▄▅▆▆▇██
wandb:          coef_tv ▁▁▁▁▁▁▁▁▁▁
wandb:      heldout_mse █▆▅▅▅▅▅▄▁▂
wandb:             loss ██▇▇▆▆▆▄▂▁
wandb:               lr ▁▁▁▁▁▁▁▁▁▁
wandb:      peak_gpu_mb ▁█████████
wandb:            pisco ▁▁▁▁▁▁▁▁▁▁
wandb:          support ▁▁▁▁▁▁▁▁▁▁
wandb:        val_knmse █▆▅▅▅▅▅▄▁▂
wandb:               +1 ...
wandb: 
wandb: Run summary:
wandb: best_heldout_mse 0.45116
wandb:        best_step 9000
wandb:          coef_tv 0
wandb:      heldout_mse 0.46803
wandb:             loss 0.7418
wandb:               lr 1e-05
wandb:           params 5531216
wandb:      peak_gpu_mb 12458.521
wandb:            pisco 0
wandb:          support 0
wandb:               +3 ...
wandb: 
wandb: 🚀 View run gnik_tofts8_sl19_s2_s19 at: https://wandb.ai/spshenov-university-of-amsterdam/DCE_NIK/runs/g9dnlh4t
wandb: ⭐️ View project at: https://wandb.ai/spshenov-university-of-amsterdam/DCE_NIK
wandb: Synced 5 W&B file(s), 0 media file(s), 0 artifact file(s) and 0 other file(s)
wandb: Find logs at: results/tofts_vs_patlak/invivo_prod_base/tofts8_sl19_s2/wandb_runs/wandb/run-20260922_022028-g9dnlh4t/logs
slice 19  nik (192, 192, 342)  (2292s)  vs CS: corr 0.966  nrmse 0.192
done 2293s -> results/tofts_vs_patlak/invivo_prod_base/tofts8_sl19_s2
[W922 02:58:39.482472423 AllocatorConfig.cpp:28] Warning: PYTORCH_CUDA_ALLOC_CONF is deprecated, use PYTORCH_ALLOC_CONF instead (function operator())
2026-09-22 02:58:39 TRAIN_DONE tofts8base sl19 s2 exit 0
