p3 paths: /net/beegfs/users/P101440/grasp_pro_py/results_ref /net/beegfs/users/P101440/DCE_NIK/step2_slice21.npz /net/beegfs/users/P101440/DCE_NIK/aif_slice21.npz /net/beegfs/users/P101440/DCE_NIK/results_nufft_slice21 /net/beegfs/users/P101440/DCE_NIK/results/realdata_nik_vs_cs_figures/rois_proposed_sl21.npz /net/beegfs/users/P101440/DCE_NIK/spoke_masks/support_sl21_d6.npy /net/beegfs/users/P101440/DCE_NIK/results/tofts_vs_patlak/basis_sl21_r8_rms1.npz /net/beegfs/users/P101440/grasp_v2/results_grasp_v2/gv2_slice21_n12_k80.npy /net/beegfs/users/P101440/grasp_pro_py/results_spoke_cs/cs_slice21_f80match.npy
ok   /net/beegfs/users/P101440/grasp_pro_py/results_ref/shared.npz
ok   /net/beegfs/users/P101440/DCE_NIK/step2_slice21.npz
ok   /net/beegfs/users/P101440/DCE_NIK/aif_slice21.npz
ok   /net/beegfs/users/P101440/DCE_NIK/results_nufft_slice21/meta.json
ok   /net/beegfs/users/P101440/DCE_NIK/results/realdata_nik_vs_cs_figures/rois_proposed_sl21.npz
ok   /net/beegfs/users/P101440/DCE_NIK/spoke_masks/support_sl21_d6.npy
ok   /net/beegfs/users/P101440/DCE_NIK/results/tofts_vs_patlak/basis_sl21_r8_rms1.npz
ok   /net/beegfs/users/P101440/grasp_v2/results_grasp_v2/gv2_slice21_n12_k80.npy
ok   /net/beegfs/users/P101440/grasp_pro_py/results_spoke_cs/cs_slice21_f80match.npy
slice_ctx(21) ok, rois {'cortex': 473, 'medulla': 421, 'aorta': 29, 'liver': 1974, 'kidney': 894}
p8 paths: /net/beegfs/users/P101440/dce_data/orig/meas_p8_dce.dat /net/beegfs/users/P101440/grasp_pro_py/results_ref_p8 /net/beegfs/users/P101440/DCE_NIK/step2_p8_slice20.npz /net/beegfs/users/P101440/DCE_NIK/aif_p8_slice20.npz /net/beegfs/users/P101440/DCE_NIK/results_nufft_p8_slice20 /net/beegfs/users/P101440/grasp_v2/results_grasp_v2_p8 /net/beegfs/users/P101440/grasp_pro_py/results_spoke_cs_p8
REGRESSION exit 0
WARNING: Mdb parsing encountered an error at file position 4294653600/4298875904, stopping here.
loaded kdata (384, 1478, 22, 42) TA=375.0 geom={'nz_acq': 22, 'nz_full': 32, 'slab_os': 0.185185185185, 'n_images_per_slab': 54, 'pf_slice_code': 2, 'slice_res': 0.5, 'n_keep': 27, 'nz_recon': 64, 'n_keep_full': 54, 'center_par': 6, 'center_col': 192}
kz DC: MDH CenterPar=6 (energy argmax said 5); using MDH
kz partial fourier: DC=6 -> zero-filled to 32 partitions (start=10)
slab crop: slab_os=0.185 keep 27/32 [2:29] -> nzz=27
front-end 86 s: kdata (384, 1463, 27, 42), nzz 27, geom {'nx': 384, 'ntviews': 1463, 'nzz': 27, 'nc': 42, 'nt': 292, 'nline': 5, 'ncc': 8, 'K': 5, 'bas': 192, 'Cut': 15, 'TA': 375.0, 'nz_full': 32, 'slab_os': 0.185185185185, 'n_keep': 27, 'kz_dc': 6, 'slice_interp': 0, 'slice_res': 0.5}
slice 00 done
slice 01 done
slice 02 done
slice 03 done
slice 04 done
slice 05 done
slice 06 done
slice 07 done
slice 08 done
slice 09 done
slice 10 done
slice 11 done
slice 12 done
slice 13 done
slice 14 done
slice 15 done
slice 16 done
slice 17 done
slice 18 done
slice 19 done
slice 20 done
slice 21 done
slice 22 done
slice 23 done
slice 24 done
slice 25 done
slice 26 done
saved /net/beegfs/users/P101440/DCE_NIK/results/realdata_nik_vs_cs_figures/figures/survey_p8.png (121 s)
SURVEY_DONE
SURVEY exit 0
