aorta roi from the approved file (manual, 217 px)
===== AIF GATE slice 21 =====
aorta ROI 217 vox | TTP 51s onset 39s rise10-90 6s mono 1.00 baseNeg -0.14 recirc True(amp 0.29)
  [OK] sharp_first_pass_rise<40s
  [OK] physiological_TTP_45-110s
  [OK] monotonic_onset>0.8
  [OK] no_negative_baseline>-0.15
  [OK] recirculation_bump
VERDICT: PASS  (proceed to P3)
wrote 20260925_1319_aif_gate_p14_slice21.png
aorta roi from the approved file (manual, 198 px)
===== AIF GATE slice 21 =====
aorta ROI 198 vox | TTP 50s onset 39s rise10-90 6s mono 1.00 baseNeg -0.13 recirc True(amp 0.21)
  [OK] sharp_first_pass_rise<40s
  [OK] physiological_TTP_45-110s
  [OK] monotonic_onset>0.8
  [OK] no_negative_baseline>-0.15
  [OK] recirculation_bump
VERDICT: PASS  (proceed to P3)
wrote 20260925_1319_aif_gate_p14_slice24.png
aorta roi from the approved file (manual, 176 px)
===== AIF GATE slice 21 =====
aorta ROI 176 vox | TTP 50s onset 39s rise10-90 8s mono 1.00 baseNeg -0.12 recirc True(amp 0.24)
  [OK] sharp_first_pass_rise<40s
  [OK] physiological_TTP_45-110s
  [OK] monotonic_onset>0.8
  [OK] no_negative_baseline>-0.15
  [OK] recirculation_bump
VERDICT: PASS  (proceed to P3)
wrote 20260925_1319_aif_gate_p14_slice27.png
AIF (approved aorta) exit 0
SAVED /net/beegfs/users/P101440/DCE_NIK/results/tofts_vs_patlak/basis_p14_sl21_r8_tmp.npz atoms (431, 8)
BASIS_DONE
SAVED /net/beegfs/users/P101440/DCE_NIK/results/tofts_vs_patlak/basis_p14_sl24_r8_tmp.npz atoms (431, 8)
BASIS_DONE
SAVED /net/beegfs/users/P101440/DCE_NIK/results/tofts_vs_patlak/basis_p14_sl27_r8_tmp.npz atoms (431, 8)
BASIS_DONE
wrote /net/beegfs/users/P101440/DCE_NIK/results/tofts_vs_patlak/basis_p14_sl21_r8_rms1.npz rms 1.0000001192092896
wrote /net/beegfs/users/P101440/DCE_NIK/results/tofts_vs_patlak/basis_p14_sl24_r8_rms1.npz rms 1.0
wrote /net/beegfs/users/P101440/DCE_NIK/results/tofts_vs_patlak/basis_p14_sl27_r8_rms1.npz rms 1.0
BASIS exit 0
slice 21: body 48849 px of 256x256, support 48849 px of 512x512 (18.6%) -> /net/beegfs/users/P101440/DCE_NIK/spoke_masks/support_p14_sl21_d6.npy
slice 24: body 48628 px of 256x256, support 48628 px of 512x512 (18.6%) -> /net/beegfs/users/P101440/DCE_NIK/spoke_masks/support_p14_sl24_d6.npy
slice 27: body 48747 px of 256x256, support 48747 px of 512x512 (18.6%) -> /net/beegfs/users/P101440/DCE_NIK/spoke_masks/support_p14_sl27_d6.npy
SUPPORT exit 0
== grasp pro f80match slice 21 13:19:49
Traceback (most recent call last):
  File "/net/beegfs/users/P101440/grasp_pro_py/cs_nikmatch.py", line 54, in <module>
    out = f"{OUT}/cs_slice{SLICE:02d}_f80match.npy"; np.save(out, img)
                                                     ^^^^^^^^^^^^^^^^^
  File "/appdata/users/P101440/micromamba/envs/torch29/lib/python3.11/site-packages/numpy/lib/_npyio_impl.py", line 568, in save
    file_ctx = open(file, "wb")
               ^^^^^^^^^^^^^^^^
FileNotFoundError: [Errno 2] No such file or directory: '/net/beegfs/users/P101440/grasp_pro_py/results_spoke_cs_p14/cs_slice21_f80match.npy'
slice 21: NLINE=14 NT=154 kept spokes 1726/2156 (80.1%)
== grasp pro f80match slice 24 13:29:03
Traceback (most recent call last):
  File "/net/beegfs/users/P101440/grasp_pro_py/cs_nikmatch.py", line 54, in <module>
    out = f"{OUT}/cs_slice{SLICE:02d}_f80match.npy"; np.save(out, img)
                                                     ^^^^^^^^^^^^^^^^^
  File "/appdata/users/P101440/micromamba/envs/torch29/lib/python3.11/site-packages/numpy/lib/_npyio_impl.py", line 568, in save
    file_ctx = open(file, "wb")
               ^^^^^^^^^^^^^^^^
FileNotFoundError: [Errno 2] No such file or directory: '/net/beegfs/users/P101440/grasp_pro_py/results_spoke_cs_p14/cs_slice24_f80match.npy'
slice 24: NLINE=14 NT=154 kept spokes 1726/2156 (80.1%)
== grasp pro f80match slice 27 13:37:11
Traceback (most recent call last):
  File "/net/beegfs/users/P101440/grasp_pro_py/cs_nikmatch.py", line 54, in <module>
    out = f"{OUT}/cs_slice{SLICE:02d}_f80match.npy"; np.save(out, img)
                                                     ^^^^^^^^^^^^^^^^^
  File "/appdata/users/P101440/micromamba/envs/torch29/lib/python3.11/site-packages/numpy/lib/_npyio_impl.py", line 568, in save
    file_ctx = open(file, "wb")
               ^^^^^^^^^^^^^^^^
FileNotFoundError: [Errno 2] No such file or directory: '/net/beegfs/users/P101440/grasp_pro_py/results_spoke_cs_p14/cs_slice27_f80match.npy'
slice 27: NLINE=14 NT=154 kept spokes 1726/2156 (80.1%)
GP exit 1
== grasp v2 n12 k80 slices 21,24,27 13:45:34
SAVED gv2_slice21_n12_k80.npy (256, 256, 179) (2096s)
SAVED gv2_slice24_n12_k80.npy (256, 256, 179) (1806s)
SAVED gv2_slice27_n12_k80.npy (256, 256, 179) (1825s)
DONE_GV2_REAL 5726s -> /net/beegfs/users/P101440/grasp_v2/results_grasp_v2_p14
GV exit 0
 
 
2 .
139 ..
46923904 gv2_slice21_n12_k80.npy
46923904 gv2_slice24_n12_k80.npy
46923904 gv2_slice27_n12_k80.npy
