2026-09-25 17:01:19 host gpu03.cluster job 3380801 task 2 stage train
GPU 0: NVIDIA H100 NVL (UUID: GPU-ba65053c-72ed-1c58-80be-07549e6f1e8a)
GPU 1: NVIDIA H100 NVL (UUID: GPU-eaa03982-4105-4fd4-05b4-dfe14a5475f9)
  MIG 2g.24gb     Device  0: (UUID: MIG-7fdc2adf-8d97-57e9-a2a9-0e63797cb117)
GPU 2: NVIDIA H100 NVL (UUID: GPU-c8d1c94c-c938-e03b-b589-eac076bd5f3f)
GPU 3: NVIDIA H100 NVL (UUID: GPU-11c2853b-6154-8665-333f-81dc10b2382c)
task 2: tofts8 slice 21 seed 2 -> results/tofts_vs_patlak/p14/invivo_prod/tofts8_sl21_s2
device=cuda
model=wire_ff_tofts h512 d12 w062 | FF k256/2.5 t32/1.5 | dcf_pow 0 env 0.75 | 10000 steps, batch 65536, split 0.7
    explicit heldout: 215 VAL spokes
    spoke-reduction: 1727 acquired spokes, 7073792 samples, heldout=yes (same input as CS)
wandb: [wandb.login()] Loaded credentials for https://api.wandb.ai from /home/P101440/.netrc.
wandb: Currently logged in as: spshenov (spshenov-university-of-amsterdam) to https://api.wandb.ai. Use `wandb login --relogin` to force relogin
wandb: setting up run yim6esdr
wandb: Tracking run with wandb version 0.25.0
wandb: Run data is saved locally in results/tofts_vs_patlak/p14/invivo_prod/tofts8_sl21_s2/wandb_runs/wandb/run-20260925_170125-yim6esdr
wandb: Run `wandb offline` to turn off syncing.
wandb: Syncing run gnik_tofts8_sl21_s2_s21
wandb: ⭐️ View project at https://wandb.ai/spshenov-university-of-amsterdam/DCE_NIK
wandb: 🚀 View run at https://wandb.ai/spshenov-university-of-amsterdam/DCE_NIK/runs/yim6esdr
[wandb] gnik_tofts8_sl21_s2_s21: mode online
    [coef-tv] grid 512 every 32 weight 0 delta 0.1
    [support] mask orientation rot180 (inside-energy fractions now, untrained model: {'id': 0.941, 'rot180': 0.941, 'fliplr': 0.941, 'flipud': 0.941})
/net/beegfs/users/P101440/DCE_NIK/train_grasp_nik.py:329: UserWarning: Converting a tensor with requires_grad=True to a scalar may lead to unexpected behavior.
Consider using tensor.detach() first. (Triggered internally at /pytorch/torch/csrc/autograd/generated/python_variable_methods.cpp:836.)
  (scale_tv * pen + scale_sup * pen_s).backward(); tot += float(pen); tot_s += float(pen_s)
    step   1000  train 1.319e+00  heldout 6.699e-01
    step   2000  train 1.238e+00  heldout 6.292e-01
    step   3000  train 1.229e+00  heldout 6.173e-01
    step   4000  train 1.160e+00  heldout 6.026e-01
    step   5000  train 1.135e+00  heldout 5.933e-01
    step   6000  train 1.111e+00  heldout 5.900e-01
    step   7000  train 1.088e+00  heldout 5.856e-01
    step   8000  train 1.062e+00  heldout 5.803e-01
    step   9000  train 1.024e+00  heldout 5.736e-01
    step  10000  train 1.011e+00  heldout 5.663e-01
    final weights kept (best heldout 5.663e-01 at step 10000)
2026-09-25 18:34:03 TRAIN_DONE tofts8 sl21 s2 exit 137
slurmstepd-gpu03: error: Detected 1 oom_kill event in StepId=3380801.batch. Some of the step tasks have been OOM Killed.
