2026-09-26 00:43:21 host gpu02.cluster job 3385114 task 13 stage train
GPU 0: NVIDIA H100 NVL (UUID: GPU-8e413919-ea16-cb0a-3a38-410620ba1bbd)
  MIG 2g.24gb     Device  0: (UUID: MIG-281c0c74-ddae-5f82-9b91-3e7d8a855877)
GPU 1: NVIDIA H100 NVL (UUID: GPU-6525825b-42ba-d600-6e82-921c05f7390b)
GPU 2: NVIDIA H100 NVL (UUID: GPU-64ef941c-2af9-b1a4-b0f1-3dea68d79f02)
GPU 3: NVIDIA H100 NVL (UUID: GPU-daac2482-6ad0-32bd-5511-a75765fd3610)
task 13: patlak slice 24 seed 0 -> results/tofts_vs_patlak/p14/invivo_prod/patlak_sl24_s0
device=cuda
model=wire_ff_patlak h512 d12 w062 | FF k256/2.5 t32/1.5 | dcf_pow 0 env 0.75 | 10000 steps, batch 65536, split 0.7
    explicit heldout: 215 VAL spokes
    spoke-reduction: 1727 acquired spokes, 7073792 samples, heldout=yes (same input as CS)
wandb: [wandb.login()] Loaded credentials for https://api.wandb.ai from /home/P101440/.netrc.
wandb: Currently logged in as: spshenov (spshenov-university-of-amsterdam) to https://api.wandb.ai. Use `wandb login --relogin` to force relogin
wandb: setting up run sclld6yp
wandb: Tracking run with wandb version 0.25.0
wandb: Run data is saved locally in results/tofts_vs_patlak/p14/invivo_prod/patlak_sl24_s0/wandb_runs/wandb/run-20260926_004327-sclld6yp
wandb: Run `wandb offline` to turn off syncing.
wandb: Syncing run gnik_patlak_sl24_s0_s24
wandb: ⭐️ View project at https://wandb.ai/spshenov-university-of-amsterdam/DCE_NIK
wandb: 🚀 View run at https://wandb.ai/spshenov-university-of-amsterdam/DCE_NIK/runs/sclld6yp
[wandb] gnik_patlak_sl24_s0_s24: mode online
    [coef-tv] grid 512 every 32 weight 0 delta 0.1
    [support] mask orientation rot180 (inside-energy fractions now, untrained model: {'id': 0.939, 'rot180': 0.939, 'fliplr': 0.938, 'flipud': 0.938})
/net/beegfs/users/P101440/DCE_NIK/train_grasp_nik.py:329: UserWarning: Converting a tensor with requires_grad=True to a scalar may lead to unexpected behavior.
Consider using tensor.detach() first. (Triggered internally at /pytorch/torch/csrc/autograd/generated/python_variable_methods.cpp:836.)
  (scale_tv * pen + scale_sup * pen_s).backward(); tot += float(pen); tot_s += float(pen_s)
    step   1000  train 1.065e+00  heldout 5.280e-01
    step   2000  train 9.458e-01  heldout 4.850e-01
    step   3000  train 9.030e-01  heldout 4.644e-01
    step   4000  train 8.646e-01  heldout 4.478e-01
    step   5000  train 8.362e-01  heldout 4.290e-01
    step   6000  train 8.214e-01  heldout 4.214e-01
    step   7000  train 8.057e-01  heldout 4.170e-01
    step   8000  train 8.140e-01  heldout 4.171e-01
    step   9000  train 8.058e-01  heldout 4.139e-01
    step  10000  train 7.930e-01  heldout 4.113e-01
    final weights kept (best heldout 4.113e-01 at step 10000)
2026-09-26 02:14:09 TRAIN_DONE patlak sl24 s0 exit 137
slurmstepd-gpu02: error: Detected 1 oom_kill event in StepId=3385114.batch. Some of the step tasks have been OOM Killed.
