2026-09-25 15:28:24 host gpu03.cluster job 3380547 task 0 stage train
GPU 0: NVIDIA H100 NVL (UUID: GPU-ba65053c-72ed-1c58-80be-07549e6f1e8a)
GPU 1: NVIDIA H100 NVL (UUID: GPU-eaa03982-4105-4fd4-05b4-dfe14a5475f9)
GPU 2: NVIDIA H100 NVL (UUID: GPU-c8d1c94c-c938-e03b-b589-eac076bd5f3f)
  MIG 2g.24gb     Device  0: (UUID: MIG-bbe93c91-7dfa-5181-9573-fffd3e3ea5ce)
GPU 3: NVIDIA H100 NVL (UUID: GPU-11c2853b-6154-8665-333f-81dc10b2382c)
Submitted batch job 3380552
eval chained afterany 3380545
task 0: tofts8 slice 21 seed 0 -> results/tofts_vs_patlak/p14/invivo_prod/tofts8_sl21_s0
device=cuda
model=wire_ff_tofts h512 d12 w062 | FF k256/2.5 t32/1.5 | dcf_pow 0 env 0.75 | 10000 steps, batch 65536, split 0.7
    explicit heldout: 215 VAL spokes
    spoke-reduction: 1727 acquired spokes, 7073792 samples, heldout=yes (same input as CS)
wandb: [wandb.login()] Loaded credentials for https://api.wandb.ai from /home/P101440/.netrc.
wandb: Currently logged in as: spshenov (spshenov-university-of-amsterdam) to https://api.wandb.ai. Use `wandb login --relogin` to force relogin
wandb: setting up run 23w1tusz
wandb: Tracking run with wandb version 0.25.0
wandb: Run data is saved locally in results/tofts_vs_patlak/p14/invivo_prod/tofts8_sl21_s0/wandb_runs/wandb/run-20260925_152829-23w1tusz
wandb: Run `wandb offline` to turn off syncing.
wandb: Syncing run gnik_tofts8_sl21_s0_s21
wandb: ⭐️ View project at https://wandb.ai/spshenov-university-of-amsterdam/DCE_NIK
wandb: 🚀 View run at https://wandb.ai/spshenov-university-of-amsterdam/DCE_NIK/runs/23w1tusz
[wandb] gnik_tofts8_sl21_s0_s21: mode online
    [coef-tv] grid 512 every 32 weight 0 delta 0.1
    [support] mask orientation rot180 (inside-energy fractions now, untrained model: {'id': 0.937, 'rot180': 0.937, 'fliplr': 0.937, 'flipud': 0.937})
/net/beegfs/users/P101440/DCE_NIK/train_grasp_nik.py:329: UserWarning: Converting a tensor with requires_grad=True to a scalar may lead to unexpected behavior.
Consider using tensor.detach() first. (Triggered internally at /pytorch/torch/csrc/autograd/generated/python_variable_methods.cpp:836.)
  (scale_tv * pen + scale_sup * pen_s).backward(); tot += float(pen); tot_s += float(pen_s)
    step   1000  train 1.318e+00  heldout 6.702e-01
    step   2000  train 1.248e+00  heldout 6.268e-01
    step   3000  train 1.207e+00  heldout 6.154e-01
    step   4000  train 1.173e+00  heldout 6.076e-01
    step   5000  train 1.168e+00  heldout 5.994e-01
    step   6000  train 1.121e+00  heldout 5.907e-01
    step   7000  train 1.083e+00  heldout 5.770e-01
    step   8000  train 1.054e+00  heldout 5.716e-01
    step   9000  train 1.009e+00  heldout 5.629e-01
    step  10000  train 9.525e-01  heldout 5.543e-01
    final weights kept (best heldout 5.543e-01 at step 10000)
2026-09-25 17:00:51 TRAIN_DONE tofts8 sl21 s0 exit 137
slurmstepd-gpu03: error: Detected 1 oom_kill event in StepId=3380547.batch. Some of the step tasks have been OOM Killed.
