2026-09-26 02:14:21 host gpu02.cluster job 3385116 task 15 stage train
GPU 0: NVIDIA H100 NVL (UUID: GPU-8e413919-ea16-cb0a-3a38-410620ba1bbd)
  MIG 2g.24gb     Device  0: (UUID: MIG-281c0c74-ddae-5f82-9b91-3e7d8a855877)
GPU 1: NVIDIA H100 NVL (UUID: GPU-6525825b-42ba-d600-6e82-921c05f7390b)
GPU 2: NVIDIA H100 NVL (UUID: GPU-64ef941c-2af9-b1a4-b0f1-3dea68d79f02)
GPU 3: NVIDIA H100 NVL (UUID: GPU-daac2482-6ad0-32bd-5511-a75765fd3610)
task 15: sub16 slice 21 seed 0 -> results/tofts_vs_patlak/p14/invivo_prod/sub16_sl21_s0
device=cuda
model=wire_ff_subspace rank16 h512 d12 w062 | FF k256/2.5 t32/1.5 | dcf_pow 0 env 0.75 | 10000 steps, batch 65536, split 0.7
    explicit heldout: 215 VAL spokes
    spoke-reduction: 1727 acquired spokes, 7073792 samples, heldout=yes (same input as CS)
wandb: [wandb.login()] Loaded credentials for https://api.wandb.ai from /home/P101440/.netrc.
wandb: Currently logged in as: spshenov (spshenov-university-of-amsterdam) to https://api.wandb.ai. Use `wandb login --relogin` to force relogin
wandb: setting up run fo6f81vw
wandb: Tracking run with wandb version 0.25.0
wandb: Run data is saved locally in results/tofts_vs_patlak/p14/invivo_prod/sub16_sl21_s0/wandb_runs/wandb/run-20260926_021427-fo6f81vw
wandb: Run `wandb offline` to turn off syncing.
wandb: Syncing run gnik_sub16_sl21_s0_s21
wandb: ⭐️ View project at https://wandb.ai/spshenov-university-of-amsterdam/DCE_NIK
wandb: 🚀 View run at https://wandb.ai/spshenov-university-of-amsterdam/DCE_NIK/runs/fo6f81vw
[wandb] gnik_sub16_sl21_s0_s21: mode online
    warmstarted Phi from PCA basis (rank 16, 100 frames, fit MSE 2.089e-04)
    [coef-tv] grid 512 every 32 weight 0 delta 0.1
    [support] mask orientation rot180 (inside-energy fractions now, untrained model: {'id': 0.961, 'rot180': 0.962, 'fliplr': 0.961, 'flipud': 0.961})
/net/beegfs/users/P101440/DCE_NIK/train_grasp_nik.py:329: UserWarning: Converting a tensor with requires_grad=True to a scalar may lead to unexpected behavior.
Consider using tensor.detach() first. (Triggered internally at /pytorch/torch/csrc/autograd/generated/python_variable_methods.cpp:836.)
  (scale_tv * pen + scale_sup * pen_s).backward(); tot += float(pen); tot_s += float(pen_s)
    step   1000  train 1.099e+00  heldout 5.755e-01
    step   2000  train 7.987e-01  heldout 4.273e-01
    step   3000  train 6.660e-01  heldout 3.708e-01
    step   4000  train 6.102e-01  heldout 3.558e-01
    step   5000  train 5.845e-01  heldout 3.323e-01
    step   6000  train 5.468e-01  heldout 3.148e-01
    step   7000  train 5.104e-01  heldout 2.986e-01
    step   8000  train 4.925e-01  heldout 2.999e-01
    step   9000  train 4.779e-01  heldout 2.873e-01
    step  10000  train 4.674e-01  heldout 2.839e-01
    final weights kept (best heldout 2.839e-01 at step 10000)
2026-09-26 03:49:22 TRAIN_DONE sub16 sl21 s0 exit 137
slurmstepd-gpu02: error: Detected 1 oom_kill event in StepId=3385116.batch. Some of the step tasks have been OOM Killed.
