2026-09-25 18:34:20 host gpu02.cluster job 3380857 task 5 stage train
GPU 0: NVIDIA H100 NVL (UUID: GPU-8e413919-ea16-cb0a-3a38-410620ba1bbd)
GPU 1: NVIDIA H100 NVL (UUID: GPU-6525825b-42ba-d600-6e82-921c05f7390b)
  MIG 2g.24gb     Device  0: (UUID: MIG-5fbcb857-7ec1-52fa-967f-a37150159422)
GPU 2: NVIDIA H100 NVL (UUID: GPU-64ef941c-2af9-b1a4-b0f1-3dea68d79f02)
GPU 3: NVIDIA H100 NVL (UUID: GPU-daac2482-6ad0-32bd-5511-a75765fd3610)
task 5: tofts8 slice 24 seed 2 -> results/tofts_vs_patlak/p14/invivo_prod/tofts8_sl24_s2
device=cuda
model=wire_ff_tofts h512 d12 w062 | FF k256/2.5 t32/1.5 | dcf_pow 0 env 0.75 | 10000 steps, batch 65536, split 0.7
    explicit heldout: 215 VAL spokes
    spoke-reduction: 1727 acquired spokes, 7073792 samples, heldout=yes (same input as CS)
wandb: [wandb.login()] Loaded credentials for https://api.wandb.ai from /home/P101440/.netrc.
wandb: Currently logged in as: spshenov (spshenov-university-of-amsterdam) to https://api.wandb.ai. Use `wandb login --relogin` to force relogin
wandb: setting up run 1o57iyyw
wandb: Tracking run with wandb version 0.25.0
wandb: Run data is saved locally in results/tofts_vs_patlak/p14/invivo_prod/tofts8_sl24_s2/wandb_runs/wandb/run-20260925_183427-1o57iyyw
wandb: Run `wandb offline` to turn off syncing.
wandb: Syncing run gnik_tofts8_sl24_s2_s24
wandb: ⭐️ View project at https://wandb.ai/spshenov-university-of-amsterdam/DCE_NIK
wandb: 🚀 View run at https://wandb.ai/spshenov-university-of-amsterdam/DCE_NIK/runs/1o57iyyw
[wandb] gnik_tofts8_sl24_s2_s24: mode online
    [coef-tv] grid 512 every 32 weight 0 delta 0.1
    [support] mask orientation rot180 (inside-energy fractions now, untrained model: {'id': 0.947, 'rot180': 0.947, 'fliplr': 0.948, 'flipud': 0.947})
/net/beegfs/users/P101440/DCE_NIK/train_grasp_nik.py:329: UserWarning: Converting a tensor with requires_grad=True to a scalar may lead to unexpected behavior.
Consider using tensor.detach() first. (Triggered internally at /pytorch/torch/csrc/autograd/generated/python_variable_methods.cpp:836.)
  (scale_tv * pen + scale_sup * pen_s).backward(); tot += float(pen); tot_s += float(pen_s)
    step   1000  train 1.219e+00  heldout 6.131e-01
    step   2000  train 1.161e+00  heldout 5.714e-01
    step   3000  train 1.148e+00  heldout 5.592e-01
    step   4000  train 1.134e+00  heldout 5.499e-01
    step   5000  train 1.093e+00  heldout 5.431e-01
    step   6000  train 1.059e+00  heldout 5.349e-01
    step   7000  train 1.006e+00  heldout 5.130e-01
    step   8000  train 9.047e-01  heldout 4.710e-01
    step   9000  train 8.355e-01  heldout 4.513e-01
    step  10000  train 8.128e-01  heldout 4.532e-01
    final weights kept (best heldout 4.513e-01 at step 9000)
2026-09-25 20:06:54 TRAIN_DONE tofts8 sl24 s2 exit 137
slurmstepd-gpu02: error: Detected 1 oom_kill event in StepId=3380857.batch. Some of the step tasks have been OOM Killed.
