/net/beegfs/users/P101440/DCE_NIK/spoke_masks/keep_k80_p14.npy 1727
/net/beegfs/users/P101440/DCE_NIK/spoke_masks/val_k80_m8_p14.npy 215
/net/beegfs/users/P101440/DCE_NIK/spoke_masks/test_k80_m9_p14.npy 215
p14: ntviews 2157, keep 1727 val 215 test 215, TA 390.0, nx 512, bas 256
MASKS exit 0
saved 21 {'px': {'liver': 2060, 'spleen': 23, 'aorta': 26, 'static': 669}, 'ttp': {'liver': 98.94712430426716, 'spleen': 63.49257884972172, 'aorta': 86.28478664192951, 'static': 264.8237476808905}, 'plateau': {'liver': 0.700596272945404, 'spleen': 0.37700021266937256, 'aorta': 0.4936200976371765, 'static': 0.23470403254032135}}
Traceback (most recent call last):
  File "/net/beegfs/users/P101440/DCE_NIK/roi_propose_liver.py", line 53, in <module>
    if __name__ == "__main__": main()
                               ^^^^^^
  File "/net/beegfs/users/P101440/DCE_NIK/roi_propose_liver.py", line 35, in main
    ctx = C.slice_ctx(Z); body = ctx["BODY"]; ao = ctx["rois"]["aorta"]; z = np.load(dsp.STEP2(Z)); mf = np.abs(z["mf"]).transpose(1, 2, 0).astype(np.float32); tmf = np.asarray(z["tmf"], float)
          ^^^^^^^^^^^^^^
  File "/net/beegfs/users/P101440/DCE_NIK/consolidated.py", line 45, in slice_ctx
    ref_pre = np.load(f"{NUF}/nufft_pre.npy").astype(np.float32); ref_all = np.load(f"{NUF}/nufft_all.npy").astype(np.float32)
              ^^^^^^^^^^^^^^^^^^^^^^^^^^^^^^^
  File "/appdata/users/P101440/micromamba/envs/torch29/lib/python3.11/site-packages/numpy/lib/_npyio_impl.py", line 454, in load
    fid = stack.enter_context(open(os.fspath(file), "rb"))
                              ^^^^^^^^^^^^^^^^^^^^^^^^^^^
FileNotFoundError: [Errno 2] No such file or directory: '/net/beegfs/users/P101440/DCE_NIK/results_nufft_p14_slice24/nufft_pre.npy'
ROI exit 1
