2026-09-26 11:14:24 host gpu03.cluster job 3387048 task 1 stage train
GPU 0: NVIDIA H100 NVL (UUID: GPU-ba65053c-72ed-1c58-80be-07549e6f1e8a)
  MIG 2g.24gb     Device  0: (UUID: MIG-f328f7be-cd56-503a-9bd5-4e010efe4fe5)
GPU 1: NVIDIA H100 NVL (UUID: GPU-eaa03982-4105-4fd4-05b4-dfe14a5475f9)
GPU 2: NVIDIA H100 NVL (UUID: GPU-c8d1c94c-c938-e03b-b589-eac076bd5f3f)
GPU 3: NVIDIA H100 NVL (UUID: GPU-11c2853b-6154-8665-333f-81dc10b2382c)
task 1: tofts8 slice 21 seed 1 -> results/tofts_vs_patlak/p14/invivo_prod/tofts8_sl21_s1 (render only from the step-10000 ckpt)
device=cuda
model=wire_ff_tofts h512 d12 w062 | FF k256/2.5 t32/1.5 | dcf_pow 0 env 0.75 | 10000 steps, batch 65536, split 0.7
    explicit heldout: 215 VAL spokes
    spoke-reduction: 1727 acquired spokes, 7073792 samples, heldout=yes (same input as CS)
wandb: [wandb.login()] Loaded credentials for https://api.wandb.ai from /home/P101440/.netrc.
wandb: Currently logged in as: spshenov (spshenov-university-of-amsterdam) to https://api.wandb.ai. Use `wandb login --relogin` to force relogin
wandb: setting up run 2puda2ks
wandb: Tracking run with wandb version 0.25.0
wandb: Run data is saved locally in results/tofts_vs_patlak/p14/invivo_prod/tofts8_sl21_s1/wandb_runs/wandb/run-20260926_111428-2puda2ks
wandb: Run `wandb offline` to turn off syncing.
wandb: Syncing run gnik_tofts8_sl21_s1_s21
wandb: ⭐️ View project at https://wandb.ai/spshenov-university-of-amsterdam/DCE_NIK
wandb: 🚀 View run at https://wandb.ai/spshenov-university-of-amsterdam/DCE_NIK/runs/2puda2ks
[wandb] gnik_tofts8_sl21_s1_s21: mode online
    [coef-tv] grid 512 every 32 weight 0 delta 0.1
    resumed slice 21 from step 10000 (best heldout 5.583e-01)
    final weights kept (best heldout 5.583e-01 at step 10000)
    RESOURCES slice 21: peak_gpu_MB 5171 params 5531216 best_heldout 5.5826e-01
wandb: updating run metadata
wandb: uploading output.log; uploading wandb-summary.json; uploading config.yaml
wandb: 
wandb: Run summary:
wandb: best_heldout_mse 0.55826
wandb:        best_step 10000
wandb:           params 5531216
wandb:      peak_gpu_mb 5170.99902
wandb:           wall_s 929.47164
wandb:     wall_total_s 929.46764
wandb: 
wandb: 🚀 View run gnik_tofts8_sl21_s1_s21 at: https://wandb.ai/spshenov-university-of-amsterdam/DCE_NIK/runs/2puda2ks
wandb: ⭐️ View project at: https://wandb.ai/spshenov-university-of-amsterdam/DCE_NIK
wandb: Synced 5 W&B file(s), 0 media file(s), 0 artifact file(s) and 0 other file(s)
wandb: Find logs at: results/tofts_vs_patlak/p14/invivo_prod/tofts8_sl21_s1/wandb_runs/wandb/run-20260926_111428-2puda2ks/logs
slice 21  nik (256, 256, 431)  (932s)  vs CS: corr 0.963  nrmse 0.185
done 932s -> results/tofts_vs_patlak/p14/invivo_prod/tofts8_sl21_s1
[W926 11:29:59.500723729 AllocatorConfig.cpp:28] Warning: PYTORCH_CUDA_ALLOC_CONF is deprecated, use PYTORCH_ALLOC_CONF instead (function operator())
2026-09-26 11:29:59 TRAIN_DONE tofts8 sl21 s1 exit 0
