2026-09-26 12:33:31 host gpu03.cluster job 3387063 task 11 stage train
GPU 0: NVIDIA H100 NVL (UUID: GPU-ba65053c-72ed-1c58-80be-07549e6f1e8a)
  MIG 2g.24gb     Device  0: (UUID: MIG-f328f7be-cd56-503a-9bd5-4e010efe4fe5)
GPU 1: NVIDIA H100 NVL (UUID: GPU-eaa03982-4105-4fd4-05b4-dfe14a5475f9)
GPU 2: NVIDIA H100 NVL (UUID: GPU-c8d1c94c-c938-e03b-b589-eac076bd5f3f)
GPU 3: NVIDIA H100 NVL (UUID: GPU-11c2853b-6154-8665-333f-81dc10b2382c)
task 11: tofts8oc slice 27 seed 0 -> results/tofts_vs_patlak/p14/invivo_prod_oc/tofts8_sl27_s0 (render only from the step-10000 ckpt)
device=cuda
model=wire_ff_tofts h512 d12 w062 | FF k256/2.5 t32/1.5 | dcf_pow 0 env 0.75 | 10000 steps, batch 65536, split 0.7
    explicit heldout: 215 VAL spokes
    spoke-reduction: 1727 acquired spokes, 7073792 samples, heldout=yes (same input as CS)
wandb: [wandb.login()] Loaded credentials for https://api.wandb.ai from /home/P101440/.netrc.
wandb: Currently logged in as: spshenov (spshenov-university-of-amsterdam) to https://api.wandb.ai. Use `wandb login --relogin` to force relogin
wandb: setting up run b7lk0408
wandb: Tracking run with wandb version 0.25.0
wandb: Run data is saved locally in results/tofts_vs_patlak/p14/invivo_prod_oc/tofts8_sl27_s0/wandb_runs/wandb/run-20260926_123335-b7lk0408
wandb: Run `wandb offline` to turn off syncing.
wandb: Syncing run gnik_tofts8_sl27_s0_s27
wandb: ⭐️ View project at https://wandb.ai/spshenov-university-of-amsterdam/DCE_NIK
wandb: 🚀 View run at https://wandb.ai/spshenov-university-of-amsterdam/DCE_NIK/runs/b7lk0408
[wandb] gnik_tofts8_sl27_s0_s27: mode online
    [coef-tv] grid 512 every 32 weight 0 delta 0.1
    resumed slice 27 from step 10000 (best heldout 5.011e-01)
    final weights kept (best heldout 5.011e-01 at step 10000)
    RESOURCES slice 27: peak_gpu_MB 5165 params 5641856 best_heldout 5.0107e-01
wandb: updating run metadata
wandb: uploading output.log; uploading wandb-summary.json; uploading config.yaml
wandb: 
wandb: Run summary:
wandb: best_heldout_mse 0.50107
wandb:        best_step 10000
wandb:           params 5641856
wandb:      peak_gpu_mb 5165.10547
wandb:           wall_s 924.64285
wandb:     wall_total_s 924.63886
wandb: 
wandb: 🚀 View run gnik_tofts8_sl27_s0_s27 at: https://wandb.ai/spshenov-university-of-amsterdam/DCE_NIK/runs/b7lk0408
wandb: ⭐️ View project at: https://wandb.ai/spshenov-university-of-amsterdam/DCE_NIK
wandb: Synced 5 W&B file(s), 0 media file(s), 0 artifact file(s) and 0 other file(s)
wandb: Find logs at: results/tofts_vs_patlak/p14/invivo_prod_oc/tofts8_sl27_s0/wandb_runs/wandb/run-20260926_123335-b7lk0408/logs
slice 27  nik (256, 256, 431)  (927s)  vs CS: corr 0.974  nrmse 0.157
done 928s -> results/tofts_vs_patlak/p14/invivo_prod_oc/tofts8_sl27_s0
[W926 12:49:01.169891044 AllocatorConfig.cpp:28] Warning: PYTORCH_CUDA_ALLOC_CONF is deprecated, use PYTORCH_ALLOC_CONF instead (function operator())
2026-09-26 12:49:02 TRAIN_DONE tofts8oc sl27 s0 exit 0
