2026-09-26 13:53:31 host gpu02.cluster job 3387046 task 20 stage train
GPU 0: NVIDIA H100 NVL (UUID: GPU-8e413919-ea16-cb0a-3a38-410620ba1bbd)
  MIG 2g.24gb     Device  0: (UUID: MIG-281c0c74-ddae-5f82-9b91-3e7d8a855877)
GPU 1: NVIDIA H100 NVL (UUID: GPU-6525825b-42ba-d600-6e82-921c05f7390b)
GPU 2: NVIDIA H100 NVL (UUID: GPU-64ef941c-2af9-b1a4-b0f1-3dea68d79f02)
GPU 3: NVIDIA H100 NVL (UUID: GPU-daac2482-6ad0-32bd-5511-a75765fd3610)
task 20: free slice 27 seed 0 -> results/tofts_vs_patlak/p14/invivo_prod/free_sl27_s0 (render only from the step-10000 ckpt)
device=cuda
model=wire_ff_res h512 d12 w062 | FF k256/2.5 t32/1.5 | dcf_pow 0 env 0.75 | 10000 steps, batch 65536, split 0.7
    explicit heldout: 215 VAL spokes
    spoke-reduction: 1727 acquired spokes, 7073792 samples, heldout=yes (same input as CS)
wandb: [wandb.login()] Loaded credentials for https://api.wandb.ai from /home/P101440/.netrc.
wandb: Currently logged in as: spshenov (spshenov-university-of-amsterdam) to https://api.wandb.ai. Use `wandb login --relogin` to force relogin
wandb: setting up run 3ojg75lj
wandb: Tracking run with wandb version 0.25.0
wandb: Run data is saved locally in results/tofts_vs_patlak/p14/invivo_prod/free_sl27_s0/wandb_runs/wandb/run-20260926_135335-3ojg75lj
wandb: Run `wandb offline` to turn off syncing.
wandb: Syncing run gnik_free_sl27_s0_s27
wandb: ⭐️ View project at https://wandb.ai/spshenov-university-of-amsterdam/DCE_NIK
wandb: 🚀 View run at https://wandb.ai/spshenov-university-of-amsterdam/DCE_NIK/runs/3ojg75lj
[wandb] gnik_free_sl27_s0_s27: mode online
    resumed slice 27 from step 10000 (best heldout 4.898e-01)
    final weights kept (best heldout 4.898e-01 at step 10000)
    RESOURCES slice 27: peak_gpu_MB 5167 params 5549634 best_heldout 4.8981e-01
wandb: updating run metadata
wandb: uploading output.log; uploading wandb-summary.json; uploading config.yaml
wandb: 
wandb: Run summary:
wandb: best_heldout_mse 0.48981
wandb:        best_step 10000
wandb:           params 5549634
wandb:      peak_gpu_mb 5167.04932
wandb:           wall_s 935.43035
wandb:     wall_total_s 935.42635
wandb: 
wandb: 🚀 View run gnik_free_sl27_s0_s27 at: https://wandb.ai/spshenov-university-of-amsterdam/DCE_NIK/runs/3ojg75lj
wandb: ⭐️ View project at: https://wandb.ai/spshenov-university-of-amsterdam/DCE_NIK
wandb: Synced 5 W&B file(s), 0 media file(s), 0 artifact file(s) and 0 other file(s)
wandb: Find logs at: results/tofts_vs_patlak/p14/invivo_prod/free_sl27_s0/wandb_runs/wandb/run-20260926_135335-3ojg75lj/logs
slice 27  nik (256, 256, 431)  (937s)  vs CS: corr 0.971  nrmse 0.163
done 938s -> results/tofts_vs_patlak/p14/invivo_prod/free_sl27_s0
[W926 14:09:12.108926305 AllocatorConfig.cpp:28] Warning: PYTORCH_CUDA_ALLOC_CONF is deprecated, use PYTORCH_ALLOC_CONF instead (function operator())
2026-09-26 14:09:12 TRAIN_DONE free sl27 s0 exit 0
