2026-09-26 16:28:57 host worker01.cluster job 3387073
saved /net/beegfs/users/P101440/DCE_NIK/results/realdata_nik_vs_cs_figures/figures/roi_check_k80_p14_sl21.png
saved /net/beegfs/users/P101440/DCE_NIK/results/realdata_nik_vs_cs_figures/figures/roi_check_k80_p14_sl24.png
saved /net/beegfs/users/P101440/DCE_NIK/results/realdata_nik_vs_cs_figures/figures/roi_check_k80_p14_sl27.png
# roi check, in vivo k80 (masks from consolidated.slice_ctx: grasp-pro 100% anatomy, identical for every method)

| slice | aorta px | liver px | spleen px | static px | liver/spleen centroid (row, col) | aorta centroid |
|---|---|---|---|---|---|---|
| 21 | 217 | 7295 | 3243 | 4117 | (111, 110) / (157, 203) | (144, 138) |
| 24 | 198 | 7762 | 3422 | 2865 | (106, 107) / (157, 207) | (141, 135) |
| 27 | 176 | 7446 | 3667 | 3745 | (100, 102) / (156, 211) | (140, 133) |
ROI_CHECK_DONE
ROICHECK exit 0
model-free {'haarpsi_90': 0.595, 'ssim_90': 0.68, 'psnr_90': np.float64(28.541), 'airE_90': 0.427, 'haarpsi_300': 0.613, 'ssim_300': 0.69, 'psnr_300': np.float64(25.239), 'airE_300': 0.442, 'flatnoise_90': 0.41, 'highpass_90': 0.965, 'edge_90': 0.165, 'flatnoise_300': 0.423, 'highpass_300': 0.953, 'edge_300': 0.149, 'static_noise': 0.014, 'liver_peak': 0.969, 'liver_washout': 0.969, 'liver_nrmse': 0.031, 'spleen_peak': 0.969, 'spleen_washout': 0.969, 'spleen_nrmse': 0.031}
cs100 (GRASP-Pro all spokes) {'haarpsi_90': 1.0, 'ssim_90': 1.0, 'psnr_90': np.float64(119.899), 'airE_90': 0.144, 'haarpsi_300': 1.0, 'ssim_300': 1.0, 'psnr_300': np.float64(116.65), 'airE_300': 0.145, 'flatnoise_90': 0.449, 'highpass_90': 1.0, 'edge_90': 0.148, 'flatnoise_300': 0.445, 'highpass_300': 1.0, 'edge_300': 0.14, 'static_noise': 0.018, 'liver_peak': 1.029, 'liver_washout': 1.11, 'liver_nrmse': 0.137, 'spleen_peak': 1.06, 'spleen_washout': 1.181, 'spleen_nrmse': 0.175}
GRASP-Pro {'haarpsi_90': 0.891, 'ssim_90': 0.962, 'psnr_90': np.float64(38.274), 'airE_90': 0.153, 'haarpsi_300': 0.946, 'ssim_300': 0.981, 'psnr_300': np.float64(39.853), 'airE_300': 0.152, 'flatnoise_90': 0.441, 'highpass_90': 0.985, 'edge_90': 0.145, 'flatnoise_300': 0.441, 'highpass_300': 1.012, 'edge_300': 0.143, 'static_noise': 0.033, 'liver_peak': 0.728, 'liver_washout': 0.888, 'liver_nrmse': 0.204, 'spleen_peak': 1.028, 'spleen_washout': 1.014, 'spleen_nrmse': 0.101}
GRASP {'haarpsi_90': 0.703, 'ssim_90': 0.833, 'psnr_90': np.float64(31.456), 'airE_90': 0.141, 'haarpsi_300': 0.693, 'ssim_300': 0.831, 'psnr_300': np.float64(28.441), 'airE_300': 0.15, 'flatnoise_90': 0.397, 'highpass_90': 0.733, 'edge_90': 0.137, 'flatnoise_300': 0.412, 'highpass_300': 0.72, 'edge_300': 0.122, 'static_noise': 0.002, 'liver_peak': 1.016, 'liver_washout': 1.086, 'liver_nrmse': 0.1, 'spleen_peak': 1.065, 'spleen_washout': 1.117, 'spleen_nrmse': 0.119}
tofts8 in-coil+prior {'haarpsi_90': 0.708, 'ssim_90': 0.822, 'psnr_90': np.float64(32.05), 'airE_90': 0.114, 'haarpsi_300': 0.757, 'ssim_300': 0.861, 'psnr_300': np.float64(30.63), 'airE_300': 0.115, 'flatnoise_90': 0.423, 'highpass_90': 0.846, 'edge_90': 0.148, 'flatnoise_300': 0.426, 'highpass_300': 0.873, 'edge_300': 0.139, 'static_noise': 0.003, 'liver_peak': 1.009, 'liver_washout': 1.071, 'liver_nrmse': 0.12, 'spleen_peak': 0.972, 'spleen_washout': 0.997, 'spleen_nrmse': 0.052}
tofts8 out-coil+prior {'haarpsi_90': 0.742, 'ssim_90': 0.849, 'psnr_90': np.float64(32.847), 'airE_90': 0.113, 'haarpsi_300': 0.795, 'ssim_300': 0.892, 'psnr_300': np.float64(31.672), 'airE_300': 0.112, 'flatnoise_90': 0.422, 'highpass_90': 0.873, 'edge_90': 0.149, 'flatnoise_300': 0.438, 'highpass_300': 0.896, 'edge_300': 0.141, 'static_noise': 0.002, 'liver_peak': 1.01, 'liver_washout': 1.079, 'liver_nrmse': 0.122, 'spleen_peak': 0.921, 'spleen_washout': 0.945, 'spleen_nrmse': 0.079}
patlak+prior {'haarpsi_90': 0.734, 'ssim_90': 0.856, 'psnr_90': np.float64(32.67), 'airE_90': 0.114, 'haarpsi_300': 0.775, 'ssim_300': 0.885, 'psnr_300': np.float64(30.826), 'airE_300': 0.112, 'flatnoise_90': 0.42, 'highpass_90': 0.897, 'edge_90': 0.15, 'flatnoise_300': 0.422, 'highpass_300': 0.886, 'edge_300': 0.141, 'static_noise': 0.003, 'liver_peak': 0.707, 'liver_washout': 0.955, 'liver_nrmse': 0.309, 'spleen_peak': 0.786, 'spleen_washout': 0.825, 'spleen_nrmse': 0.329}
sub16+prior {'haarpsi_90': 0.729, 'ssim_90': 0.842, 'psnr_90': np.float64(31.53), 'airE_90': 0.191, 'haarpsi_300': 0.76, 'ssim_300': 0.868, 'psnr_300': np.float64(29.666), 'airE_300': 0.204, 'flatnoise_90': 0.416, 'highpass_90': 0.861, 'edge_90': 0.144, 'flatnoise_300': 0.415, 'highpass_300': 0.876, 'edge_300': 0.144, 'static_noise': 0.014, 'liver_peak': 0.68, 'liver_washout': 0.716, 'liver_nrmse': 0.329, 'spleen_peak': 0.588, 'spleen_washout': 0.695, 'spleen_nrmse': 0.453}
NIK-free {'haarpsi_90': 0.707, 'ssim_90': 0.792, 'psnr_90': np.float64(32.242), 'airE_90': 0.156, 'haarpsi_300': 0.722, 'ssim_300': 0.812, 'psnr_300': np.float64(29.959), 'airE_300': 0.164, 'flatnoise_90': 0.412, 'highpass_90': 0.865, 'edge_90': 0.152, 'flatnoise_300': 0.435, 'highpass_300': 0.893, 'edge_300': 0.144, 'static_noise': 0.004, 'liver_peak': 0.943, 'liver_washout': 1.004, 'liver_nrmse': 0.057, 'spleen_peak': 0.876, 'spleen_washout': 0.978, 'spleen_nrmse': 0.11}
# image quality vs curve fidelity, slice 21, k80 (image metrics vs cs100 = grasp-pro all spokes, body-masked, window-matched frames at 90 and 300 s; airE = rms in air / rms in body; static_noise = high-pass temporal std in the static roi; curves vs model-free)

| recon | haarpsi_90 | ssim_90 | airE_90 | flatnoise_90 | highpass_90 | edge_90 | haarpsi_300 | airE_300 | flatnoise_300 | highpass_300 | edge_300 | liver_peak | liver_washout | liver_nrmse | spleen_nrmse |
|---|---|---|---|---|---|---|---|---|---|---|---|---|---|---|---|
| model-free | 0.595 | 0.680 | 0.427 | 0.410 | 0.965 | 0.165 | 0.613 | 0.442 | 0.423 | 0.953 | 0.149 | 0.969 | 0.969 | 0.031 | 0.031 |
| cs100 (GRASP-Pro all spokes) | 1.000 | 1.000 | 0.144 | 0.449 | 1.000 | 0.148 | 1.000 | 0.145 | 0.445 | 1.000 | 0.140 | 1.029 | 1.110 | 0.137 | 0.175 |
| GRASP-Pro | 0.891 | 0.962 | 0.153 | 0.441 | 0.985 | 0.145 | 0.946 | 0.152 | 0.441 | 1.012 | 0.143 | 0.728 | 0.888 | 0.204 | 0.101 |
| GRASP | 0.703 | 0.833 | 0.141 | 0.397 | 0.733 | 0.137 | 0.693 | 0.150 | 0.412 | 0.720 | 0.122 | 1.016 | 1.086 | 0.100 | 0.119 |
| tofts8 in-coil+prior | 0.708 | 0.822 | 0.114 | 0.423 | 0.846 | 0.148 | 0.757 | 0.115 | 0.426 | 0.873 | 0.139 | 1.009 | 1.071 | 0.120 | 0.052 |
| tofts8 out-coil+prior | 0.742 | 0.849 | 0.113 | 0.422 | 0.873 | 0.149 | 0.795 | 0.112 | 0.438 | 0.896 | 0.141 | 1.010 | 1.079 | 0.122 | 0.079 |
| patlak+prior | 0.734 | 0.856 | 0.114 | 0.420 | 0.897 | 0.150 | 0.775 | 0.112 | 0.422 | 0.886 | 0.141 | 0.707 | 0.955 | 0.309 | 0.329 |
| sub16+prior | 0.729 | 0.842 | 0.191 | 0.416 | 0.861 | 0.144 | 0.760 | 0.204 | 0.415 | 0.876 | 0.144 | 0.680 | 0.716 | 0.329 | 0.453 |
| NIK-free | 0.707 | 0.792 | 0.156 | 0.412 | 0.865 | 0.152 | 0.722 | 0.164 | 0.435 | 0.893 | 0.144 | 0.943 | 1.004 | 0.057 | 0.110 |
IQ_TRACK_DONE
model-free {'haarpsi_90': 0.608, 'ssim_90': 0.683, 'psnr_90': np.float64(25.524), 'airE_90': 0.41, 'haarpsi_300': 0.632, 'ssim_300': 0.704, 'psnr_300': np.float64(24.73), 'airE_300': 0.425, 'flatnoise_90': 0.423, 'highpass_90': 0.954, 'edge_90': 0.18, 'flatnoise_300': 0.438, 'highpass_300': 0.954, 'edge_300': 0.163, 'static_noise': 0.017, 'liver_peak': 0.972, 'liver_washout': 0.972, 'liver_nrmse': 0.028, 'spleen_peak': 0.972, 'spleen_washout': 0.972, 'spleen_nrmse': 0.028}
cs100 (GRASP-Pro all spokes) {'haarpsi_90': 1.0, 'ssim_90': 1.0, 'psnr_90': np.float64(116.664), 'airE_90': 0.137, 'haarpsi_300': 1.0, 'ssim_300': 1.0, 'psnr_300': np.float64(115.603), 'airE_300': 0.138, 'flatnoise_90': 0.466, 'highpass_90': 1.0, 'edge_90': 0.171, 'flatnoise_300': 0.461, 'highpass_300': 1.0, 'edge_300': 0.161, 'static_noise': 0.018, 'liver_peak': 0.998, 'liver_washout': 1.091, 'liver_nrmse': 0.115, 'spleen_peak': 0.98, 'spleen_washout': 1.136, 'spleen_nrmse': 0.138}
GRASP-Pro {'haarpsi_90': 0.846, 'ssim_90': 0.95, 'psnr_90': np.float64(31.988), 'airE_90': 0.148, 'haarpsi_300': 0.957, 'ssim_300': 0.985, 'psnr_300': np.float64(40.037), 'airE_300': 0.139, 'flatnoise_90': 0.458, 'highpass_90': 0.988, 'edge_90': 0.162, 'flatnoise_300': 0.455, 'highpass_300': 0.997, 'edge_300': 0.164, 'static_noise': 0.029, 'liver_peak': 0.672, 'liver_washout': 0.791, 'liver_nrmse': 0.293, 'spleen_peak': 0.593, 'spleen_washout': 0.626, 'spleen_nrmse': 0.424}
GRASP {'haarpsi_90': 0.722, 'ssim_90': 0.856, 'psnr_90': np.float64(29.345), 'airE_90': 0.129, 'haarpsi_300': 0.723, 'ssim_300': 0.854, 'psnr_300': np.float64(28.517), 'airE_300': 0.136, 'flatnoise_90': 0.418, 'highpass_90': 0.778, 'edge_90': 0.158, 'flatnoise_300': 0.434, 'highpass_300': 0.761, 'edge_300': 0.139, 'static_noise': 0.001, 'liver_peak': 1.004, 'liver_washout': 1.079, 'liver_nrmse': 0.086, 'spleen_peak': 1.007, 'spleen_washout': 1.08, 'spleen_nrmse': 0.096}
tofts8 in-coil+prior {'haarpsi_90': 0.664, 'ssim_90': 0.759, 'psnr_90': np.float64(27.186), 'airE_90': 0.104, 'haarpsi_300': 0.692, 'ssim_300': 0.795, 'psnr_300': np.float64(26.838), 'airE_300': 0.106, 'flatnoise_90': 0.435, 'highpass_90': 0.736, 'edge_90': 0.16, 'flatnoise_300': 0.445, 'highpass_300': 0.742, 'edge_300': 0.153, 'static_noise': 0.003, 'liver_peak': 0.982, 'liver_washout': 1.041, 'liver_nrmse': 0.076, 'spleen_peak': 0.876, 'spleen_washout': 0.949, 'spleen_nrmse': 0.095}
tofts8 out-coil+prior {'haarpsi_90': 0.692, 'ssim_90': 0.792, 'psnr_90': np.float64(27.885), 'airE_90': 0.102, 'haarpsi_300': 0.727, 'ssim_300': 0.827, 'psnr_300': np.float64(27.724), 'airE_300': 0.103, 'flatnoise_90': 0.439, 'highpass_90': 0.773, 'edge_90': 0.162, 'flatnoise_300': 0.465, 'highpass_300': 0.795, 'edge_300': 0.157, 'static_noise': 0.001, 'liver_peak': 0.956, 'liver_washout': 1.019, 'liver_nrmse': 0.064, 'spleen_peak': 0.85, 'spleen_washout': 0.912, 'spleen_nrmse': 0.116}
patlak+prior {'haarpsi_90': 0.717, 'ssim_90': 0.843, 'psnr_90': np.float64(28.927), 'airE_90': 0.104, 'haarpsi_300': 0.76, 'ssim_300': 0.871, 'psnr_300': np.float64(29.026), 'airE_300': 0.102, 'flatnoise_90': 0.438, 'highpass_90': 0.853, 'edge_90': 0.163, 'flatnoise_300': 0.44, 'highpass_300': 0.845, 'edge_300': 0.153, 'static_noise': 0.002, 'liver_peak': 0.669, 'liver_washout': 0.911, 'liver_nrmse': 0.334, 'spleen_peak': 0.666, 'spleen_washout': 0.716, 'spleen_nrmse': 0.415}
sub16+prior {'haarpsi_90': 0.732, 'ssim_90': 0.835, 'psnr_90': np.float64(28.224), 'airE_90': 0.138, 'haarpsi_300': 0.774, 'ssim_300': 0.866, 'psnr_300': np.float64(28.91), 'airE_300': 0.139, 'flatnoise_90': 0.446, 'highpass_90': 0.824, 'edge_90': 0.161, 'flatnoise_300': 0.446, 'highpass_300': 0.834, 'edge_300': 0.161, 'static_noise': 0.019, 'liver_peak': 0.596, 'liver_washout': 0.708, 'liver_nrmse': 0.346, 'spleen_peak': 0.462, 'spleen_washout': 0.618, 'spleen_nrmse': 0.51}
NIK-free {'haarpsi_90': 0.693, 'ssim_90': 0.77, 'psnr_90': np.float64(28.011), 'airE_90': 0.153, 'haarpsi_300': 0.707, 'ssim_300': 0.791, 'psnr_300': np.float64(27.481), 'airE_300': 0.158, 'flatnoise_90': 0.433, 'highpass_90': 0.804, 'edge_90': 0.164, 'flatnoise_300': 0.435, 'highpass_300': 0.841, 'edge_300': 0.164, 'static_noise': 0.007, 'liver_peak': 0.962, 'liver_washout': 1.036, 'liver_nrmse': 0.063, 'spleen_peak': 0.814, 'spleen_washout': 0.959, 'spleen_nrmse': 0.14}
# image quality vs curve fidelity, slice 24, k80 (image metrics vs cs100 = grasp-pro all spokes, body-masked, window-matched frames at 90 and 300 s; airE = rms in air / rms in body; static_noise = high-pass temporal std in the static roi; curves vs model-free)

| recon | haarpsi_90 | ssim_90 | airE_90 | flatnoise_90 | highpass_90 | edge_90 | haarpsi_300 | airE_300 | flatnoise_300 | highpass_300 | edge_300 | liver_peak | liver_washout | liver_nrmse | spleen_nrmse |
|---|---|---|---|---|---|---|---|---|---|---|---|---|---|---|---|
| model-free | 0.608 | 0.683 | 0.410 | 0.423 | 0.954 | 0.180 | 0.632 | 0.425 | 0.438 | 0.954 | 0.163 | 0.972 | 0.972 | 0.028 | 0.028 |
| cs100 (GRASP-Pro all spokes) | 1.000 | 1.000 | 0.137 | 0.466 | 1.000 | 0.171 | 1.000 | 0.138 | 0.461 | 1.000 | 0.161 | 0.998 | 1.091 | 0.115 | 0.138 |
| GRASP-Pro | 0.846 | 0.950 | 0.148 | 0.458 | 0.988 | 0.162 | 0.957 | 0.139 | 0.455 | 0.997 | 0.164 | 0.672 | 0.791 | 0.293 | 0.424 |
| GRASP | 0.722 | 0.856 | 0.129 | 0.418 | 0.778 | 0.158 | 0.723 | 0.136 | 0.434 | 0.761 | 0.139 | 1.004 | 1.079 | 0.086 | 0.096 |
| tofts8 in-coil+prior | 0.664 | 0.759 | 0.104 | 0.435 | 0.736 | 0.160 | 0.692 | 0.106 | 0.445 | 0.742 | 0.153 | 0.982 | 1.041 | 0.076 | 0.095 |
| tofts8 out-coil+prior | 0.692 | 0.792 | 0.102 | 0.439 | 0.773 | 0.162 | 0.727 | 0.103 | 0.465 | 0.795 | 0.157 | 0.956 | 1.019 | 0.064 | 0.116 |
| patlak+prior | 0.717 | 0.843 | 0.104 | 0.438 | 0.853 | 0.163 | 0.760 | 0.102 | 0.440 | 0.845 | 0.153 | 0.669 | 0.911 | 0.334 | 0.415 |
| sub16+prior | 0.732 | 0.835 | 0.138 | 0.446 | 0.824 | 0.161 | 0.774 | 0.139 | 0.446 | 0.834 | 0.161 | 0.596 | 0.708 | 0.346 | 0.510 |
| NIK-free | 0.693 | 0.770 | 0.153 | 0.433 | 0.804 | 0.164 | 0.707 | 0.158 | 0.435 | 0.841 | 0.164 | 0.962 | 1.036 | 0.063 | 0.140 |
IQ_TRACK_DONE
model-free {'haarpsi_90': 0.663, 'ssim_90': 0.731, 'psnr_90': np.float64(28.219), 'airE_90': 0.373, 'haarpsi_300': 0.671, 'ssim_300': 0.75, 'psnr_300': np.float64(28.267), 'airE_300': 0.393, 'flatnoise_90': 0.345, 'highpass_90': 0.998, 'edge_90': 0.161, 'flatnoise_300': 0.419, 'highpass_300': 0.982, 'edge_300': 0.142, 'static_noise': 0.017, 'liver_peak': 0.977, 'liver_washout': 0.977, 'liver_nrmse': 0.023, 'spleen_peak': 0.977, 'spleen_washout': 0.977, 'spleen_nrmse': 0.023}
cs100 (GRASP-Pro all spokes) {'haarpsi_90': 1.0, 'ssim_90': 1.0, 'psnr_90': np.float64(119.585), 'airE_90': 0.136, 'haarpsi_300': 1.0, 'ssim_300': 1.0, 'psnr_300': np.float64(119.46), 'airE_300': 0.142, 'flatnoise_90': 0.408, 'highpass_90': 1.0, 'edge_90': 0.141, 'flatnoise_300': 0.45, 'highpass_300': 1.0, 'edge_300': 0.132, 'static_noise': 0.018, 'liver_peak': 0.992, 'liver_washout': 1.054, 'liver_nrmse': 0.101, 'spleen_peak': 0.974, 'spleen_washout': 1.103, 'spleen_nrmse': 0.119}
GRASP-Pro {'haarpsi_90': 0.875, 'ssim_90': 0.954, 'psnr_90': np.float64(33.363), 'airE_90': 0.152, 'haarpsi_300': 0.961, 'ssim_300': 0.984, 'psnr_300': np.float64(41.186), 'airE_300': 0.15, 'flatnoise_90': 0.422, 'highpass_90': 1.0, 'edge_90': 0.136, 'flatnoise_300': 0.445, 'highpass_300': 1.004, 'edge_300': 0.137, 'static_noise': 0.018, 'liver_peak': 0.774, 'liver_washout': 0.801, 'liver_nrmse': 0.267, 'spleen_peak': 0.533, 'spleen_washout': 0.676, 'spleen_nrmse': 0.418}
GRASP {'haarpsi_90': 0.731, 'ssim_90': 0.856, 'psnr_90': np.float64(30.011), 'airE_90': 0.133, 'haarpsi_300': 0.725, 'ssim_300': 0.861, 'psnr_300': np.float64(30.08), 'airE_300': 0.143, 'flatnoise_90': 0.327, 'highpass_90': 0.696, 'edge_90': 0.123, 'flatnoise_300': 0.403, 'highpass_300': 0.677, 'edge_300': 0.109, 'static_noise': 0.001, 'liver_peak': 0.985, 'liver_washout': 1.055, 'liver_nrmse': 0.067, 'spleen_peak': 0.995, 'spleen_washout': 1.058, 'spleen_nrmse': 0.077}
tofts8 in-coil+prior {'haarpsi_90': 0.761, 'ssim_90': 0.879, 'psnr_90': np.float64(31.579), 'airE_90': 0.112, 'haarpsi_300': 0.819, 'ssim_300': 0.912, 'psnr_300': np.float64(32.694), 'airE_300': 0.113, 'flatnoise_90': 0.345, 'highpass_90': 0.869, 'edge_90': 0.14, 'flatnoise_300': 0.417, 'highpass_300': 0.873, 'edge_300': 0.126, 'static_noise': 0.001, 'liver_peak': 1.0, 'liver_washout': 1.05, 'liver_nrmse': 0.077, 'spleen_peak': 0.892, 'spleen_washout': 0.96, 'spleen_nrmse': 0.077}
tofts8 out-coil+prior {'haarpsi_90': 0.793, 'ssim_90': 0.892, 'psnr_90': np.float64(31.864), 'airE_90': 0.113, 'haarpsi_300': 0.85, 'ssim_300': 0.929, 'psnr_300': np.float64(33.604), 'airE_300': 0.11, 'flatnoise_90': 0.347, 'highpass_90': 0.913, 'edge_90': 0.144, 'flatnoise_300': 0.418, 'highpass_300': 0.92, 'edge_300': 0.127, 'static_noise': 0.001, 'liver_peak': 1.007, 'liver_washout': 1.062, 'liver_nrmse': 0.083, 'spleen_peak': 0.834, 'spleen_washout': 0.878, 'spleen_nrmse': 0.136}
patlak+prior {'haarpsi_90': 0.79, 'ssim_90': 0.904, 'psnr_90': np.float64(32.044), 'airE_90': 0.115, 'haarpsi_300': 0.834, 'ssim_300': 0.929, 'psnr_300': np.float64(33.155), 'airE_300': 0.114, 'flatnoise_90': 0.34, 'highpass_90': 0.901, 'edge_90': 0.134, 'flatnoise_300': 0.385, 'highpass_300': 0.893, 'edge_300': 0.126, 'static_noise': 0.003, 'liver_peak': 0.659, 'liver_washout': 0.92, 'liver_nrmse': 0.323, 'spleen_peak': 0.71, 'spleen_washout': 0.765, 'spleen_nrmse': 0.363}
sub16+prior {'haarpsi_90': 0.808, 'ssim_90': 0.909, 'psnr_90': np.float64(32.12), 'airE_90': 0.129, 'haarpsi_300': 0.858, 'ssim_300': 0.937, 'psnr_300': np.float64(34.595), 'airE_300': 0.132, 'flatnoise_90': 0.398, 'highpass_90': 0.874, 'edge_90': 0.134, 'flatnoise_300': 0.397, 'highpass_300': 0.896, 'edge_300': 0.133, 'static_noise': 0.011, 'liver_peak': 0.7, 'liver_washout': 0.806, 'liver_nrmse': 0.269, 'spleen_peak': 0.53, 'spleen_washout': 0.698, 'spleen_nrmse': 0.443}
NIK-free {'haarpsi_90': 0.763, 'ssim_90': 0.85, 'psnr_90': np.float64(31.563), 'airE_90': 0.148, 'haarpsi_300': 0.767, 'ssim_300': 0.859, 'psnr_300': np.float64(31.92), 'airE_300': 0.158, 'flatnoise_90': 0.376, 'highpass_90': 0.928, 'edge_90': 0.141, 'flatnoise_300': 0.421, 'highpass_300': 0.922, 'edge_300': 0.134, 'static_noise': 0.002, 'liver_peak': 0.967, 'liver_washout': 1.062, 'liver_nrmse': 0.074, 'spleen_peak': 0.844, 'spleen_washout': 0.947, 'spleen_nrmse': 0.12}
# image quality vs curve fidelity, slice 27, k80 (image metrics vs cs100 = grasp-pro all spokes, body-masked, window-matched frames at 90 and 300 s; airE = rms in air / rms in body; static_noise = high-pass temporal std in the static roi; curves vs model-free)

| recon | haarpsi_90 | ssim_90 | airE_90 | flatnoise_90 | highpass_90 | edge_90 | haarpsi_300 | airE_300 | flatnoise_300 | highpass_300 | edge_300 | liver_peak | liver_washout | liver_nrmse | spleen_nrmse |
|---|---|---|---|---|---|---|---|---|---|---|---|---|---|---|---|
| model-free | 0.663 | 0.731 | 0.373 | 0.345 | 0.998 | 0.161 | 0.671 | 0.393 | 0.419 | 0.982 | 0.142 | 0.977 | 0.977 | 0.023 | 0.023 |
| cs100 (GRASP-Pro all spokes) | 1.000 | 1.000 | 0.136 | 0.408 | 1.000 | 0.141 | 1.000 | 0.142 | 0.450 | 1.000 | 0.132 | 0.992 | 1.054 | 0.101 | 0.119 |
| GRASP-Pro | 0.875 | 0.954 | 0.152 | 0.422 | 1.000 | 0.136 | 0.961 | 0.150 | 0.445 | 1.004 | 0.137 | 0.774 | 0.801 | 0.267 | 0.418 |
| GRASP | 0.731 | 0.856 | 0.133 | 0.327 | 0.696 | 0.123 | 0.725 | 0.143 | 0.403 | 0.677 | 0.109 | 0.985 | 1.055 | 0.067 | 0.077 |
| tofts8 in-coil+prior | 0.761 | 0.879 | 0.112 | 0.345 | 0.869 | 0.140 | 0.819 | 0.113 | 0.417 | 0.873 | 0.126 | 1.000 | 1.050 | 0.077 | 0.077 |
| tofts8 out-coil+prior | 0.793 | 0.892 | 0.113 | 0.347 | 0.913 | 0.144 | 0.850 | 0.110 | 0.418 | 0.920 | 0.127 | 1.007 | 1.062 | 0.083 | 0.136 |
| patlak+prior | 0.790 | 0.904 | 0.115 | 0.340 | 0.901 | 0.134 | 0.834 | 0.114 | 0.385 | 0.893 | 0.126 | 0.659 | 0.920 | 0.323 | 0.363 |
| sub16+prior | 0.808 | 0.909 | 0.129 | 0.398 | 0.874 | 0.134 | 0.858 | 0.132 | 0.397 | 0.896 | 0.133 | 0.700 | 0.806 | 0.269 | 0.443 |
| NIK-free | 0.763 | 0.850 | 0.148 | 0.376 | 0.928 | 0.141 | 0.767 | 0.158 | 0.421 | 0.922 | 0.134 | 0.967 | 1.062 | 0.074 | 0.120 |
IQ_TRACK_DONE
IQ exit 0
