2026-09-26 19:02:00 host worker03.cluster job 3387075
Traceback (most recent call last):
  File "/net/beegfs/users/P101440/DCE_NIK/radial_blur_diag.py", line 61, in <module>
    if __name__ == "__main__": main()
                               ^^^^^^
  File "/net/beegfs/users/P101440/DCE_NIK/radial_blur_diag.py", line 31, in main
    t = (np.arange(v.shape[-1]) + 0.5) * TA / v.shape[-1]; items.append((lab, frame(ls_scale(v, cs, body), t, a.t)))
                                                                                    ^^^^^^^^^^^^^^^^^^^^^
  File "/net/beegfs/users/P101440/DCE_NIK/story_figs.py", line 23, in ls_scale
    return v * (np.sum(v[body] * ref[body]) / (np.sum(v[body]**2) + 1e-12))
                       ~~~~~~~~^~~~~~~~~~~
ValueError: operands could not be broadcast together with shapes (44187,179) (44187,431) 
Traceback (most recent call last):
  File "/net/beegfs/users/P101440/DCE_NIK/radial_blur_diag.py", line 61, in <module>
    if __name__ == "__main__": main()
                               ^^^^^^
  File "/net/beegfs/users/P101440/DCE_NIK/radial_blur_diag.py", line 31, in main
    t = (np.arange(v.shape[-1]) + 0.5) * TA / v.shape[-1]; items.append((lab, frame(ls_scale(v, cs, body), t, a.t)))
                                                                                    ^^^^^^^^^^^^^^^^^^^^^
  File "/net/beegfs/users/P101440/DCE_NIK/story_figs.py", line 23, in ls_scale
    return v * (np.sum(v[body] * ref[body]) / (np.sum(v[body]**2) + 1e-12))
                       ~~~~~~~~^~~~~~~~~~~
ValueError: operands could not be broadcast together with shapes (44068,179) (44068,431) 
Traceback (most recent call last):
  File "/net/beegfs/users/P101440/DCE_NIK/radial_blur_diag.py", line 61, in <module>
    if __name__ == "__main__": main()
                               ^^^^^^
  File "/net/beegfs/users/P101440/DCE_NIK/radial_blur_diag.py", line 31, in main
    t = (np.arange(v.shape[-1]) + 0.5) * TA / v.shape[-1]; items.append((lab, frame(ls_scale(v, cs, body), t, a.t)))
                                                                                    ^^^^^^^^^^^^^^^^^^^^^
  File "/net/beegfs/users/P101440/DCE_NIK/story_figs.py", line 23, in ls_scale
    return v * (np.sum(v[body] * ref[body]) / (np.sum(v[body]**2) + 1e-12))
                       ~~~~~~~~^~~~~~~~~~~
ValueError: operands could not be broadcast together with shapes (44181,179) (44181,431) 
P14 exit 1
Traceback (most recent call last):
  File "/net/beegfs/users/P101440/DCE_NIK/radial_blur_diag.py", line 61, in <module>
    if __name__ == "__main__": main()
                               ^^^^^^
  File "/net/beegfs/users/P101440/DCE_NIK/radial_blur_diag.py", line 31, in main
    t = (np.arange(v.shape[-1]) + 0.5) * TA / v.shape[-1]; items.append((lab, frame(ls_scale(v, cs, body), t, a.t)))
                                                                                    ^^^^^^^^^^^^^^^^^^^^^
  File "/net/beegfs/users/P101440/DCE_NIK/story_figs.py", line 23, in ls_scale
    return v * (np.sum(v[body] * ref[body]) / (np.sum(v[body]**2) + 1e-12))
                       ~~~~~~~~^~~~~~~~~~~
ValueError: operands could not be broadcast together with shapes (16224,142) (16224,342) 
Traceback (most recent call last):
  File "/net/beegfs/users/P101440/DCE_NIK/radial_blur_diag.py", line 61, in <module>
    if __name__ == "__main__": main()
                               ^^^^^^
  File "/net/beegfs/users/P101440/DCE_NIK/radial_blur_diag.py", line 31, in main
    t = (np.arange(v.shape[-1]) + 0.5) * TA / v.shape[-1]; items.append((lab, frame(ls_scale(v, cs, body), t, a.t)))
                                                                                    ^^^^^^^^^^^^^^^^^^^^^
  File "/net/beegfs/users/P101440/DCE_NIK/story_figs.py", line 23, in ls_scale
    return v * (np.sum(v[body] * ref[body]) / (np.sum(v[body]**2) + 1e-12))
                       ~~~~~~~~^~~~~~~~~~~
ValueError: operands could not be broadcast together with shapes (17077,142) (17077,342) 
Traceback (most recent call last):
  File "/net/beegfs/users/P101440/DCE_NIK/radial_blur_diag.py", line 61, in <module>
    if __name__ == "__main__": main()
                               ^^^^^^
  File "/net/beegfs/users/P101440/DCE_NIK/radial_blur_diag.py", line 31, in main
    t = (np.arange(v.shape[-1]) + 0.5) * TA / v.shape[-1]; items.append((lab, frame(ls_scale(v, cs, body), t, a.t)))
                                                                                    ^^^^^^^^^^^^^^^^^^^^^
  File "/net/beegfs/users/P101440/DCE_NIK/story_figs.py", line 23, in ls_scale
    return v * (np.sum(v[body] * ref[body]) / (np.sum(v[body]**2) + 1e-12))
                       ~~~~~~~~^~~~~~~~~~~
ValueError: operands could not be broadcast together with shapes (17164,142) (17164,342) 
P3 exit 1
