2026-09-26 19:06:09 host worker03.cluster job 3387076
# sharpness vs radius, p14 slice 21, 90 s frame; fine-scale rms (highpass sigma 3) / same of cs100 per annulus of the body mask; intensity ratio in brackets

| recon | 0-16 px | 16-32 px | 32-48 px | 48-64 px | 64-80 px | 80-96 px | 96-112 px | 112-128 px |
|---|---|---|---|---|---|---|---|---|
| cs100 (ref) | 1.00 (1.00) | 1.00 (1.00) | 1.00 (1.00) | 1.00 (1.00) | 1.00 (1.00) | 1.00 (1.00) | 1.00 (1.00) | 1.00 (1.00) |
| tofts8 in-coil+prior | 1.14 (1.16) | 1.11 (1.06) | 1.12 (1.07) | 0.98 (1.03) | 0.85 (0.99) | 0.83 (0.96) | 0.79 (0.97) | 0.73 (0.97) |
| tofts8 out-coil+prior | 1.11 (1.06) | 1.14 (1.08) | 1.14 (1.09) | 0.99 (1.03) | 0.89 (0.99) | 0.86 (0.97) | 0.81 (0.96) | 0.74 (0.95) |
| patlak+prior | 1.14 (1.14) | 1.06 (1.03) | 1.07 (1.02) | 0.98 (0.99) | 0.88 (0.99) | 0.90 (0.99) | 0.85 (0.99) | 0.80 (1.00) |
| sub16+prior | 0.98 (1.10) | 0.90 (1.01) | 0.97 (0.98) | 0.89 (0.97) | 0.83 (0.96) | 0.86 (1.01) | 0.86 (1.02) | 0.76 (1.13) |
| NIK-free | 1.12 (1.06) | 1.09 (1.06) | 1.14 (1.04) | 1.00 (1.00) | 0.86 (0.99) | 0.84 (0.98) | 0.85 (0.99) | 0.71 (0.99) |
| GRASP | 0.90 (1.05) | 0.87 (1.07) | 0.92 (1.06) | 0.84 (1.02) | 0.78 (1.00) | 0.70 (0.97) | 0.68 (0.97) | 0.65 (0.96) |
| GRASP-Pro | 0.94 (0.97) | 0.94 (0.97) | 0.97 (0.98) | 0.96 (0.98) | 0.97 (0.98) | 0.99 (1.01) | 0.99 (1.02) | 0.97 (1.03) |

relative to GRASP (fine-scale ratio item / grasp per annulus):

| cs100 (ref) | 1.11 | 1.15 | 1.09 | 1.18 | 1.28 | 1.43 | 1.47 | 1.53 |
| tofts8 in-coil+prior | 1.26 | 1.27 | 1.22 | 1.16 | 1.09 | 1.19 | 1.16 | 1.12 |
| tofts8 out-coil+prior | 1.23 | 1.31 | 1.24 | 1.18 | 1.14 | 1.23 | 1.19 | 1.14 |
| patlak+prior | 1.26 | 1.22 | 1.16 | 1.17 | 1.12 | 1.29 | 1.25 | 1.22 |
| sub16+prior | 1.09 | 1.03 | 1.06 | 1.06 | 1.06 | 1.23 | 1.26 | 1.16 |
| NIK-free | 1.25 | 1.25 | 1.25 | 1.19 | 1.10 | 1.21 | 1.25 | 1.08 |
| GRASP | 1.00 | 1.00 | 1.00 | 1.00 | 1.00 | 1.00 | 1.00 | 1.00 |
| GRASP-Pro | 1.04 | 1.07 | 1.06 | 1.14 | 1.24 | 1.41 | 1.46 | 1.48 |
RADIAL_DONE
# sharpness vs radius, p14 slice 24, 90 s frame; fine-scale rms (highpass sigma 3) / same of cs100 per annulus of the body mask; intensity ratio in brackets

| recon | 0-16 px | 16-32 px | 32-48 px | 48-64 px | 64-80 px | 80-96 px | 96-112 px | 112-128 px |
|---|---|---|---|---|---|---|---|---|
| cs100 (ref) | 1.00 (1.00) | 1.00 (1.00) | 1.00 (1.00) | 1.00 (1.00) | 1.00 (1.00) | 1.00 (1.00) | 1.00 (1.00) | 1.00 (1.00) |
| tofts8 in-coil+prior | 1.09 (1.21) | 1.00 (1.12) | 0.99 (1.10) | 0.78 (1.04) | 0.73 (0.99) | 0.71 (0.97) | 0.72 (0.97) | 0.59 (0.96) |
| tofts8 out-coil+prior | 1.13 (1.21) | 1.08 (1.14) | 1.02 (1.09) | 0.81 (1.04) | 0.78 (0.99) | 0.75 (0.97) | 0.75 (0.96) | 0.61 (0.96) |
| patlak+prior | 1.06 (1.08) | 1.01 (1.05) | 1.03 (1.04) | 0.88 (1.01) | 0.82 (0.98) | 0.85 (1.00) | 0.86 (0.99) | 0.72 (1.00) |
| sub16+prior | 0.97 (1.02) | 0.90 (1.00) | 0.92 (0.96) | 0.82 (0.97) | 0.79 (0.99) | 0.80 (1.03) | 0.84 (1.01) | 0.72 (1.09) |
| NIK-free | 1.00 (1.05) | 0.98 (1.09) | 0.95 (1.04) | 0.79 (1.01) | 0.79 (1.00) | 0.76 (1.00) | 0.83 (0.98) | 0.70 (0.99) |
| GRASP | 0.93 (1.12) | 0.97 (1.10) | 0.95 (1.06) | 0.84 (1.03) | 0.81 (1.00) | 0.77 (0.99) | 0.76 (0.98) | 0.68 (0.96) |
| GRASP-Pro | 0.91 (0.94) | 0.89 (0.96) | 0.90 (0.97) | 0.91 (0.97) | 0.93 (0.96) | 0.97 (1.01) | 1.02 (1.02) | 1.00 (1.06) |

relative to GRASP (fine-scale ratio item / grasp per annulus):

| cs100 (ref) | 1.08 | 1.03 | 1.05 | 1.19 | 1.23 | 1.30 | 1.32 | 1.47 |
| tofts8 in-coil+prior | 1.18 | 1.03 | 1.04 | 0.93 | 0.90 | 0.93 | 0.95 | 0.87 |
| tofts8 out-coil+prior | 1.23 | 1.12 | 1.08 | 0.96 | 0.96 | 0.98 | 1.00 | 0.90 |
| patlak+prior | 1.15 | 1.05 | 1.09 | 1.04 | 1.01 | 1.11 | 1.13 | 1.07 |
| sub16+prior | 1.05 | 0.93 | 0.96 | 0.97 | 0.97 | 1.04 | 1.11 | 1.06 |
| NIK-free | 1.08 | 1.01 | 1.00 | 0.94 | 0.97 | 0.99 | 1.10 | 1.03 |
| GRASP | 1.00 | 1.00 | 1.00 | 1.00 | 1.00 | 1.00 | 1.00 | 1.00 |
| GRASP-Pro | 0.98 | 0.92 | 0.94 | 1.08 | 1.14 | 1.26 | 1.35 | 1.48 |
RADIAL_DONE
# sharpness vs radius, p14 slice 27, 90 s frame; fine-scale rms (highpass sigma 3) / same of cs100 per annulus of the body mask; intensity ratio in brackets

| recon | 0-16 px | 16-32 px | 32-48 px | 48-64 px | 64-80 px | 80-96 px | 96-112 px | 112-128 px |
|---|---|---|---|---|---|---|---|---|
| cs100 (ref) | 1.00 (1.00) | 1.00 (1.00) | 1.00 (1.00) | 1.00 (1.00) | 1.00 (1.00) | 1.00 (1.00) | 1.00 (1.00) | 1.00 (1.00) |
| tofts8 in-coil+prior | 1.08 (1.08) | 1.08 (1.16) | 1.12 (1.10) | 0.98 (1.06) | 0.92 (1.01) | 0.87 (0.98) | 0.86 (0.96) | 0.73 (0.95) |
| tofts8 out-coil+prior | 1.16 (1.19) | 1.14 (1.20) | 1.17 (1.11) | 0.98 (1.05) | 0.94 (1.01) | 0.90 (0.97) | 0.89 (0.95) | 0.80 (0.94) |
| patlak+prior | 1.02 (1.06) | 1.04 (1.09) | 1.02 (1.06) | 0.93 (1.04) | 0.88 (1.01) | 0.89 (0.99) | 0.91 (0.97) | 0.84 (0.99) |
| sub16+prior | 0.94 (1.07) | 0.94 (1.09) | 0.98 (1.03) | 0.90 (1.01) | 0.87 (0.99) | 0.87 (1.01) | 0.89 (1.00) | 0.79 (1.03) |
| NIK-free | 1.10 (1.09) | 1.07 (1.15) | 1.14 (1.08) | 0.96 (1.04) | 0.93 (1.00) | 0.90 (0.96) | 0.94 (0.95) | 0.85 (0.98) |
| GRASP | 0.85 (1.15) | 0.84 (1.14) | 0.82 (1.06) | 0.76 (1.04) | 0.73 (1.01) | 0.70 (0.99) | 0.70 (0.98) | 0.56 (0.97) |
| GRASP-Pro | 0.88 (0.91) | 0.87 (0.95) | 0.88 (0.97) | 0.94 (0.98) | 0.95 (0.98) | 0.98 (1.01) | 1.02 (1.01) | 1.01 (1.06) |

relative to GRASP (fine-scale ratio item / grasp per annulus):

| cs100 (ref) | 1.17 | 1.19 | 1.21 | 1.32 | 1.38 | 1.42 | 1.43 | 1.79 |
| tofts8 in-coil+prior | 1.26 | 1.29 | 1.36 | 1.29 | 1.26 | 1.23 | 1.23 | 1.30 |
| tofts8 out-coil+prior | 1.36 | 1.35 | 1.42 | 1.30 | 1.30 | 1.28 | 1.28 | 1.44 |
| patlak+prior | 1.19 | 1.23 | 1.24 | 1.23 | 1.21 | 1.26 | 1.30 | 1.51 |
| sub16+prior | 1.10 | 1.12 | 1.19 | 1.18 | 1.19 | 1.23 | 1.28 | 1.42 |
| NIK-free | 1.28 | 1.27 | 1.38 | 1.26 | 1.28 | 1.28 | 1.34 | 1.53 |
| GRASP | 1.00 | 1.00 | 1.00 | 1.00 | 1.00 | 1.00 | 1.00 | 1.00 |
| GRASP-Pro | 1.03 | 1.03 | 1.07 | 1.23 | 1.31 | 1.39 | 1.46 | 1.81 |
RADIAL_DONE
P14 exit 0
# sharpness vs radius, p3 slice 18, 90 s frame; fine-scale rms (highpass sigma 3) / same of cs100 per annulus of the body mask; intensity ratio in brackets

| recon | 0-16 px | 16-32 px | 32-48 px | 48-64 px | 64-80 px | 80-96 px |
|---|---|---|---|---|---|---|
| cs100 (ref) | 1.00 (1.00) | 1.00 (1.00) | 1.00 (1.00) | 1.00 (1.00) | 1.00 (1.00) | 1.00 (1.00) |
| tofts8 in-coil+prior | 0.99 (1.05) | 1.05 (1.08) | 0.94 (1.01) | 0.96 (1.01) | 0.91 (0.97) | 0.89 (0.93) |
| tofts8 out-coil+prior | 1.02 (1.05) | 1.03 (1.07) | 0.93 (1.01) | 0.93 (1.00) | 0.89 (0.98) | 0.90 (0.96) |
| NIK-free | 0.93 (0.96) | 1.00 (1.01) | 0.95 (0.99) | 0.99 (1.01) | 0.97 (1.00) | 0.93 (0.98) |
| GRASP | 0.84 (1.07) | 0.85 (1.07) | 0.86 (1.01) | 0.83 (1.01) | 0.77 (0.98) | 0.88 (1.00) |
| GRASP-Pro | 0.80 (0.95) | 0.81 (0.99) | 0.86 (1.00) | 0.91 (1.02) | 0.94 (1.01) | 0.96 (1.02) |

relative to GRASP (fine-scale ratio item / grasp per annulus):

| cs100 (ref) | 1.19 | 1.18 | 1.17 | 1.21 | 1.29 | 1.13 |
| tofts8 in-coil+prior | 1.19 | 1.24 | 1.10 | 1.17 | 1.18 | 1.01 |
| tofts8 out-coil+prior | 1.22 | 1.21 | 1.09 | 1.12 | 1.16 | 1.03 |
| NIK-free | 1.12 | 1.18 | 1.11 | 1.20 | 1.26 | 1.06 |
| GRASP | 1.00 | 1.00 | 1.00 | 1.00 | 1.00 | 1.00 |
| GRASP-Pro | 0.95 | 0.96 | 1.01 | 1.10 | 1.22 | 1.09 |
RADIAL_DONE
# sharpness vs radius, p3 slice 19, 90 s frame; fine-scale rms (highpass sigma 3) / same of cs100 per annulus of the body mask; intensity ratio in brackets

| recon | 0-16 px | 16-32 px | 32-48 px | 48-64 px | 64-80 px | 80-96 px |
|---|---|---|---|---|---|---|
| cs100 (ref) | 1.00 (1.00) | 1.00 (1.00) | 1.00 (1.00) | 1.00 (1.00) | 1.00 (1.00) | 1.00 (1.00) |
| tofts8 in-coil+prior | 1.06 (1.05) | 1.08 (1.05) | 0.93 (1.02) | 0.90 (1.00) | 0.87 (0.98) | 0.82 (0.94) |
| tofts8 out-coil+prior | 1.08 (1.09) | 1.09 (1.06) | 0.92 (1.02) | 0.87 (1.00) | 0.86 (0.98) | 0.87 (0.96) |
| NIK-free | 1.02 (1.00) | 1.06 (1.01) | 0.96 (1.01) | 0.95 (1.01) | 0.93 (0.99) | 0.87 (0.94) |
| GRASP | 0.91 (1.08) | 0.96 (1.05) | 0.93 (1.02) | 0.87 (1.00) | 0.81 (0.97) | 0.89 (0.97) |
| GRASP-Pro | 0.73 (0.90) | 0.78 (0.94) | 0.87 (0.97) | 0.95 (1.03) | 1.01 (1.03) | 0.99 (0.99) |

relative to GRASP (fine-scale ratio item / grasp per annulus):

| cs100 (ref) | 1.09 | 1.04 | 1.07 | 1.15 | 1.23 | 1.12 |
| tofts8 in-coil+prior | 1.16 | 1.12 | 0.99 | 1.04 | 1.07 | 0.91 |
| tofts8 out-coil+prior | 1.18 | 1.13 | 0.98 | 1.01 | 1.06 | 0.97 |
| NIK-free | 1.11 | 1.11 | 1.03 | 1.10 | 1.14 | 0.97 |
| GRASP | 1.00 | 1.00 | 1.00 | 1.00 | 1.00 | 1.00 |
| GRASP-Pro | 0.79 | 0.81 | 0.93 | 1.10 | 1.24 | 1.10 |
RADIAL_DONE
# sharpness vs radius, p3 slice 21, 90 s frame; fine-scale rms (highpass sigma 3) / same of cs100 per annulus of the body mask; intensity ratio in brackets

| recon | 0-16 px | 16-32 px | 32-48 px | 48-64 px | 64-80 px | 80-96 px |
|---|---|---|---|---|---|---|
| cs100 (ref) | 1.00 (1.00) | 1.00 (1.00) | 1.00 (1.00) | 1.00 (1.00) | 1.00 (1.00) | 1.00 (1.00) |
| tofts8 in-coil+prior | 0.94 (1.11) | 1.10 (1.07) | 0.95 (1.00) | 0.93 (1.00) | 0.89 (1.00) | 0.80 (0.94) |
| tofts8 out-coil+prior | 0.97 (1.09) | 1.09 (1.07) | 0.94 (1.02) | 0.89 (1.00) | 0.85 (0.99) | 0.82 (0.93) |
| NIK-free | 0.91 (0.99) | 1.09 (1.02) | 0.96 (1.00) | 1.02 (1.00) | 0.94 (1.00) | 0.83 (0.95) |
| GRASP | 0.79 (1.07) | 0.88 (1.08) | 0.87 (1.04) | 0.83 (1.02) | 0.67 (0.97) | 0.67 (0.94) |
| GRASP-Pro | 0.62 (0.89) | 0.76 (0.93) | 0.79 (0.96) | 0.85 (1.01) | 1.01 (1.05) | 0.99 (1.05) |

relative to GRASP (fine-scale ratio item / grasp per annulus):

| cs100 (ref) | 1.27 | 1.13 | 1.15 | 1.21 | 1.49 | 1.49 |
| tofts8 in-coil+prior | 1.20 | 1.24 | 1.09 | 1.13 | 1.33 | 1.20 |
| tofts8 out-coil+prior | 1.23 | 1.24 | 1.07 | 1.08 | 1.27 | 1.23 |
| NIK-free | 1.15 | 1.24 | 1.10 | 1.24 | 1.41 | 1.24 |
| GRASP | 1.00 | 1.00 | 1.00 | 1.00 | 1.00 | 1.00 |
| GRASP-Pro | 0.79 | 0.86 | 0.91 | 1.03 | 1.51 | 1.48 |
RADIAL_DONE
P3 exit 0
