2026-09-27 17:27:03 host gpu02.cluster job 3391156 task 7 stage train
GPU 0: NVIDIA H100 NVL (UUID: GPU-8e413919-ea16-cb0a-3a38-410620ba1bbd)
  MIG 2g.24gb     Device  0: (UUID: MIG-281c0c74-ddae-5f82-9b91-3e7d8a855877)
GPU 1: NVIDIA H100 NVL (UUID: GPU-6525825b-42ba-d600-6e82-921c05f7390b)
GPU 2: NVIDIA H100 NVL (UUID: GPU-64ef941c-2af9-b1a4-b0f1-3dea68d79f02)
GPU 3: NVIDIA H100 NVL (UUID: GPU-daac2482-6ad0-32bd-5511-a75765fd3610)
task 7: tofts8ks5 slice 27 seed 1 -> results/tofts_vs_patlak/p14/invivo_prod_ks5/tofts8_sl27_s1
device=cuda
model=wire_ff_tofts h512 d12 w062 | FF k256/5 t32/1.5 | dcf_pow 0 env 0.75 | 10000 steps, batch 65536, split 0.7
    explicit heldout: 215 VAL spokes
    spoke-reduction: 1727 acquired spokes, 7073792 samples, heldout=yes (same input as CS)
wandb: [wandb.login()] Loaded credentials for https://api.wandb.ai from /home/P101440/.netrc.
wandb: Currently logged in as: spshenov (spshenov-university-of-amsterdam) to https://api.wandb.ai. Use `wandb login --relogin` to force relogin
wandb: setting up run vaw6lhz1
wandb: Tracking run with wandb version 0.25.0
wandb: Run data is saved locally in results/tofts_vs_patlak/p14/invivo_prod_ks5/tofts8_sl27_s1/wandb_runs/wandb/run-20260927_172707-vaw6lhz1
wandb: Run `wandb offline` to turn off syncing.
wandb: Syncing run gnik_tofts8_sl27_s1_s27
wandb: ⭐️ View project at https://wandb.ai/spshenov-university-of-amsterdam/DCE_NIK
wandb: 🚀 View run at https://wandb.ai/spshenov-university-of-amsterdam/DCE_NIK/runs/vaw6lhz1
[wandb] gnik_tofts8_sl27_s1_s27: mode online
    [coef-tv] grid 512 every 32 weight 0 delta 0.1
    [support] mask orientation rot180 (inside-energy fractions now, untrained model: {'id': 0.789, 'rot180': 0.789, 'fliplr': 0.79, 'flipud': 0.79})
/net/beegfs/users/P101440/DCE_NIK/train_grasp_nik.py:329: UserWarning: Converting a tensor with requires_grad=True to a scalar may lead to unexpected behavior.
Consider using tensor.detach() first. (Triggered internally at /pytorch/torch/csrc/autograd/generated/python_variable_methods.cpp:836.)
  (scale_tv * pen + scale_sup * pen_s).backward(); tot += float(pen); tot_s += float(pen_s)
    step   1000  train 1.158e+00  heldout 6.249e-01
    step   2000  train 1.044e+00  heldout 5.584e-01
    step   3000  train 9.419e-01  heldout 5.245e-01
    step   4000  train 8.828e-01  heldout 5.242e-01
    step   5000  train 8.311e-01  heldout 5.207e-01
    step   6000  train 8.151e-01  heldout 5.239e-01
    step   7000  train 7.891e-01  heldout 5.267e-01
    step   8000  train 7.668e-01  heldout 5.278e-01
    step   9000  train 7.565e-01  heldout 5.344e-01
    step  10000  train 7.459e-01  heldout 5.372e-01
    final weights kept (best heldout 5.207e-01 at step 5000)
    RESOURCES slice 27: peak_gpu_MB 12838 params 5531216 best_heldout 5.2071e-01
wandb: updating run metadata
wandb: uploading output.log; uploading wandb-summary.json; uploading config.yaml
wandb: 
wandb: Run history:
wandb: best_heldout_mse  █▂▂▁▁▁▁▁▁
wandb:        best_step ▁▄▅▇██████
wandb:          coef_tv ▁▁▁▁▁▁▁▁▁▁
wandb:      heldout_mse █▄▁▁▁▁▁▁▂▂
wandb:             loss █▆▄▃▂▂▂▁▁▁
wandb:               lr ▁▁▁▁▁▁▁▁▁▁
wandb:      peak_gpu_mb ▁█████████
wandb:            pisco ▁▁▁▁▁▁▁▁▁▁
wandb:          support ▅▁▁▃▃▄▆▇▇█
wandb:        val_knmse █▄▁▁▁▁▁▁▂▂
wandb:               +1 ...
wandb: 
wandb: Run summary:
wandb: best_heldout_mse 0.52071
wandb:        best_step 5000
wandb:          coef_tv 0
wandb:      heldout_mse 0.53722
wandb:             loss 0.74588
wandb:               lr 1e-05
wandb:           params 5531216
wandb:      peak_gpu_mb 12837.71631
wandb:            pisco 0
wandb:          support 0.00255
wandb:               +3 ...
wandb: 
wandb: 🚀 View run gnik_tofts8_sl27_s1_s27 at: https://wandb.ai/spshenov-university-of-amsterdam/DCE_NIK/runs/vaw6lhz1
wandb: ⭐️ View project at: https://wandb.ai/spshenov-university-of-amsterdam/DCE_NIK
wandb: Synced 5 W&B file(s), 0 media file(s), 0 artifact file(s) and 0 other file(s)
wandb: Find logs at: results/tofts_vs_patlak/p14/invivo_prod_ks5/tofts8_sl27_s1/wandb_runs/wandb/run-20260927_172707-vaw6lhz1/logs
slice 27  nik (256, 256, 431)  (5557s)  vs CS: corr 0.976  nrmse 0.151
done 5558s -> results/tofts_vs_patlak/p14/invivo_prod_ks5/tofts8_sl27_s1
[W927 18:59:44.305870348 AllocatorConfig.cpp:28] Warning: PYTORCH_CUDA_ALLOC_CONF is deprecated, use PYTORCH_ALLOC_CONF instead (function operator())
2026-09-27 18:59:44 TRAIN_DONE tofts8ks5 sl27 s1 exit 0
