2026-09-27 20:32:33 host gpu02.cluster job 3391160 task 10 stage train
GPU 0: NVIDIA H100 NVL (UUID: GPU-8e413919-ea16-cb0a-3a38-410620ba1bbd)
  MIG 2g.24gb     Device  0: (UUID: MIG-281c0c74-ddae-5f82-9b91-3e7d8a855877)
GPU 1: NVIDIA H100 NVL (UUID: GPU-6525825b-42ba-d600-6e82-921c05f7390b)
GPU 2: NVIDIA H100 NVL (UUID: GPU-64ef941c-2af9-b1a4-b0f1-3dea68d79f02)
GPU 3: NVIDIA H100 NVL (UUID: GPU-daac2482-6ad0-32bd-5511-a75765fd3610)
task 10: tofts8ks5oc slice 24 seed 0 -> results/tofts_vs_patlak/p14/invivo_prod_ks5_oc/tofts8_sl24_s0
device=cuda
model=wire_ff_tofts h512 d12 w062 | FF k256/5 t32/1.5 | dcf_pow 0 env 0.75 | 10000 steps, batch 65536, split 0.7
    explicit heldout: 215 VAL spokes
    spoke-reduction: 1727 acquired spokes, 7073792 samples, heldout=yes (same input as CS)
wandb: [wandb.login()] Loaded credentials for https://api.wandb.ai from /home/P101440/.netrc.
wandb: Currently logged in as: spshenov (spshenov-university-of-amsterdam) to https://api.wandb.ai. Use `wandb login --relogin` to force relogin
wandb: setting up run crexs9jy
wandb: Tracking run with wandb version 0.25.0
wandb: Run data is saved locally in results/tofts_vs_patlak/p14/invivo_prod_ks5_oc/tofts8_sl24_s0/wandb_runs/wandb/run-20260927_203237-crexs9jy
wandb: Run `wandb offline` to turn off syncing.
wandb: Syncing run gnik_tofts8_sl24_s0_s24
wandb: ⭐️ View project at https://wandb.ai/spshenov-university-of-amsterdam/DCE_NIK
wandb: 🚀 View run at https://wandb.ai/spshenov-university-of-amsterdam/DCE_NIK/runs/crexs9jy
[wandb] gnik_tofts8_sl24_s0_s24: mode online
    [coef-tv] grid 512 every 32 weight 0 delta 0.1
    [support] mask orientation rot180 (inside-energy fractions now, untrained model: {'id': 0.905, 'rot180': 0.905, 'fliplr': 0.905, 'flipud': 0.905})
/net/beegfs/users/P101440/DCE_NIK/train_grasp_nik.py:329: UserWarning: Converting a tensor with requires_grad=True to a scalar may lead to unexpected behavior.
Consider using tensor.detach() first. (Triggered internally at /pytorch/torch/csrc/autograd/generated/python_variable_methods.cpp:836.)
  (scale_tv * pen + scale_sup * pen_s).backward(); tot += float(pen); tot_s += float(pen_s)
    step   1000  train 1.252e+00  heldout 6.631e-01
    step   2000  train 1.117e+00  heldout 5.761e-01
    step   3000  train 1.068e+00  heldout 5.518e-01
    step   4000  train 1.023e+00  heldout 5.333e-01
    step   5000  train 8.308e-01  heldout 4.566e-01
    step   6000  train 7.476e-01  heldout 4.317e-01
    step   7000  train 6.638e-01  heldout 4.561e-01
    step   8000  train 6.239e-01  heldout 4.628e-01
    step   9000  train 5.825e-01  heldout 4.655e-01
    step  10000  train 5.611e-01  heldout 4.649e-01
    final weights kept (best heldout 4.317e-01 at step 6000)
    RESOURCES slice 24: peak_gpu_MB 12835 params 5641856 best_heldout 4.3175e-01
wandb: updating run metadata
wandb: uploading config.yaml; uploading output.log; uploading wandb-summary.json
wandb: 
wandb: Run history:
wandb: best_heldout_mse  █▇▆▂▁▁▁▁▁
wandb:        best_step ▁▃▅▆▇█████
wandb:          coef_tv ▁▁▁▁▁▁▁▁▁▁
wandb:      heldout_mse █▅▅▄▂▁▂▂▂▂
wandb:             loss █▇▆▆▄▃▂▂▁▁
wandb:               lr ▁▁▁▁▁▁▁▁▁▁
wandb:      peak_gpu_mb ▁█████████
wandb:            pisco ▁▁▁▁▁▁▁▁▁▁
wandb:          support ▇▅▄▂▁▁▅▇██
wandb:        val_knmse █▅▅▄▂▁▂▂▂▂
wandb:               +1 ...
wandb: 
wandb: Run summary:
wandb: best_heldout_mse 0.43175
wandb:        best_step 6000
wandb:          coef_tv 0
wandb:      heldout_mse 0.46486
wandb:             loss 0.56107
wandb:               lr 1e-05
wandb:           params 5641856
wandb:      peak_gpu_mb 12834.98047
wandb:            pisco 0
wandb:          support 0.0029
wandb:               +3 ...
wandb: 
wandb: 🚀 View run gnik_tofts8_sl24_s0_s24 at: https://wandb.ai/spshenov-university-of-amsterdam/DCE_NIK/runs/crexs9jy
wandb: ⭐️ View project at: https://wandb.ai/spshenov-university-of-amsterdam/DCE_NIK
wandb: Synced 5 W&B file(s), 0 media file(s), 0 artifact file(s) and 0 other file(s)
wandb: Find logs at: results/tofts_vs_patlak/p14/invivo_prod_ks5_oc/tofts8_sl24_s0/wandb_runs/wandb/run-20260927_203237-crexs9jy/logs
slice 24  nik (256, 256, 431)  (5524s)  vs CS: corr 0.973  nrmse 0.157
done 5525s -> results/tofts_vs_patlak/p14/invivo_prod_ks5_oc/tofts8_sl24_s0
[W927 22:04:40.956066510 AllocatorConfig.cpp:28] Warning: PYTORCH_CUDA_ALLOC_CONF is deprecated, use PYTORCH_ALLOC_CONF instead (function operator())
2026-09-27 22:04:41 TRAIN_DONE tofts8ks5oc sl24 s0 exit 0
