2026-09-27 15:53:43 host gpu03.cluster job 3391152 task 4 stage train
GPU 0: NVIDIA H100 NVL (UUID: GPU-ba65053c-72ed-1c58-80be-07549e6f1e8a)
  MIG 2g.24gb     Device  0: (UUID: MIG-f328f7be-cd56-503a-9bd5-4e010efe4fe5)
GPU 1: NVIDIA H100 NVL (UUID: GPU-eaa03982-4105-4fd4-05b4-dfe14a5475f9)
GPU 2: NVIDIA H100 NVL (UUID: GPU-c8d1c94c-c938-e03b-b589-eac076bd5f3f)
GPU 3: NVIDIA H100 NVL (UUID: GPU-11c2853b-6154-8665-333f-81dc10b2382c)
task 4: tofts8ks5 slice 24 seed 1 -> results/tofts_vs_patlak/p14/invivo_prod_ks5/tofts8_sl24_s1
device=cuda
model=wire_ff_tofts h512 d12 w062 | FF k256/5 t32/1.5 | dcf_pow 0 env 0.75 | 10000 steps, batch 65536, split 0.7
    explicit heldout: 215 VAL spokes
    spoke-reduction: 1727 acquired spokes, 7073792 samples, heldout=yes (same input as CS)
wandb: [wandb.login()] Loaded credentials for https://api.wandb.ai from /home/P101440/.netrc.
wandb: Currently logged in as: spshenov (spshenov-university-of-amsterdam) to https://api.wandb.ai. Use `wandb login --relogin` to force relogin
wandb: setting up run 3xjvav5v
wandb: Tracking run with wandb version 0.25.0
wandb: Run data is saved locally in results/tofts_vs_patlak/p14/invivo_prod_ks5/tofts8_sl24_s1/wandb_runs/wandb/run-20260927_155347-3xjvav5v
wandb: Run `wandb offline` to turn off syncing.
wandb: Syncing run gnik_tofts8_sl24_s1_s24
wandb: ⭐️ View project at https://wandb.ai/spshenov-university-of-amsterdam/DCE_NIK
wandb: 🚀 View run at https://wandb.ai/spshenov-university-of-amsterdam/DCE_NIK/runs/3xjvav5v
[wandb] gnik_tofts8_sl24_s1_s24: mode online
    [coef-tv] grid 512 every 32 weight 0 delta 0.1
    [support] mask orientation rot180 (inside-energy fractions now, untrained model: {'id': 0.798, 'rot180': 0.799, 'fliplr': 0.798, 'flipud': 0.799})
/net/beegfs/users/P101440/DCE_NIK/train_grasp_nik.py:329: UserWarning: Converting a tensor with requires_grad=True to a scalar may lead to unexpected behavior.
Consider using tensor.detach() first. (Triggered internally at /pytorch/torch/csrc/autograd/generated/python_variable_methods.cpp:836.)
  (scale_tv * pen + scale_sup * pen_s).backward(); tot += float(pen); tot_s += float(pen_s)
    step   1000  train 1.135e+00  heldout 5.953e-01
    step   2000  train 1.017e+00  heldout 5.216e-01
    step   3000  train 9.197e-01  heldout 4.942e-01
    step   4000  train 8.013e-01  heldout 4.795e-01
    step   5000  train 7.394e-01  heldout 4.852e-01
    step   6000  train 7.096e-01  heldout 4.962e-01
    step   7000  train 6.687e-01  heldout 5.115e-01
    step   8000  train 6.472e-01  heldout 5.155e-01
    step   9000  train 6.242e-01  heldout 5.304e-01
    step  10000  train 6.126e-01  heldout 5.370e-01
    final weights kept (best heldout 4.795e-01 at step 4000)
    RESOURCES slice 24: peak_gpu_MB 12838 params 5531216 best_heldout 4.7950e-01
wandb: updating run metadata
wandb: 
wandb: Run history:
wandb: best_heldout_mse  █▃▁▁▁▁▁▁▁
wandb:        best_step ▁▅▆███████
wandb:          coef_tv ▁▁▁▁▁▁▁▁▁▁
wandb:      heldout_mse █▄▂▁▁▂▃▃▄▄
wandb:             loss █▆▅▄▃▂▂▁▁▁
wandb:               lr ▁▁▁▁▁▁▁▁▁▁
wandb:      peak_gpu_mb ▁█████████
wandb:            pisco ▁▁▁▁▁▁▁▁▁▁
wandb:          support ▃▁▂▂▃▄▅▆▇█
wandb:        val_knmse █▄▂▁▁▂▃▃▄▄
wandb:               +1 ...
wandb: 
wandb: Run summary:
wandb: best_heldout_mse 0.4795
wandb:        best_step 4000
wandb:          coef_tv 0
wandb:      heldout_mse 0.53697
wandb:             loss 0.61259
wandb:               lr 1e-05
wandb:           params 5531216
wandb:      peak_gpu_mb 12837.71631
wandb:            pisco 0
wandb:          support 0.00385
wandb:               +3 ...
wandb: 
wandb: 🚀 View run gnik_tofts8_sl24_s1_s24 at: https://wandb.ai/spshenov-university-of-amsterdam/DCE_NIK/runs/3xjvav5v
wandb: ⭐️ View project at: https://wandb.ai/spshenov-university-of-amsterdam/DCE_NIK
wandb: Synced 5 W&B file(s), 0 media file(s), 0 artifact file(s) and 0 other file(s)
wandb: Find logs at: results/tofts_vs_patlak/p14/invivo_prod_ks5/tofts8_sl24_s1/wandb_runs/wandb/run-20260927_155347-3xjvav5v/logs
slice 24  nik (256, 256, 431)  (5553s)  vs CS: corr 0.972  nrmse 0.162
done 5554s -> results/tofts_vs_patlak/p14/invivo_prod_ks5/tofts8_sl24_s1
[W927 17:26:19.618405745 AllocatorConfig.cpp:28] Warning: PYTORCH_CUDA_ALLOC_CONF is deprecated, use PYTORCH_ALLOC_CONF instead (function operator())
2026-09-27 17:26:19 TRAIN_DONE tofts8ks5 sl24 s1 exit 0
