2026-09-27 22:04:43 host gpu02.cluster job 3391161 task 0 stage train
GPU 0: NVIDIA H100 NVL (UUID: GPU-8e413919-ea16-cb0a-3a38-410620ba1bbd)
  MIG 2g.24gb     Device  0: (UUID: MIG-281c0c74-ddae-5f82-9b91-3e7d8a855877)
GPU 1: NVIDIA H100 NVL (UUID: GPU-6525825b-42ba-d600-6e82-921c05f7390b)
GPU 2: NVIDIA H100 NVL (UUID: GPU-64ef941c-2af9-b1a4-b0f1-3dea68d79f02)
GPU 3: NVIDIA H100 NVL (UUID: GPU-daac2482-6ad0-32bd-5511-a75765fd3610)
Submitted batch job 3391162
eval chained afterany 3391129
task 0: sigma 3.5 -> results/tofts_vs_patlak/bw_test/ks3.5
device=cuda
model=wire_ff_tofts h512 d12 w062 | FF k256/3.5 t32/1.5 | dcf_pow 0 env 0.75 | 10000 steps, batch 65536, split 0.7
    explicit heldout: 170 VAL spokes
    spoke-reduction: 1368 acquired spokes, 4202496 samples, heldout=yes (same input as CS)
wandb: [wandb.login()] Loaded credentials for https://api.wandb.ai from /home/P101440/.netrc.
wandb: Currently logged in as: spshenov (spshenov-university-of-amsterdam) to https://api.wandb.ai. Use `wandb login --relogin` to force relogin
wandb: setting up run qyksaall
wandb: Tracking run with wandb version 0.25.0
wandb: Run data is saved locally in results/tofts_vs_patlak/bw_test/ks3.5/wandb_runs/wandb/run-20260927_220447-qyksaall
wandb: Run `wandb offline` to turn off syncing.
wandb: Syncing run gnik_ks3.5_s21
wandb: ⭐️ View project at https://wandb.ai/spshenov-university-of-amsterdam/DCE_NIK
wandb: 🚀 View run at https://wandb.ai/spshenov-university-of-amsterdam/DCE_NIK/runs/qyksaall
[wandb] gnik_ks3.5_s21: mode online
    [coef-tv] grid 384 every 32 weight 0 delta 0.1
    [support] mask orientation rot180 (inside-energy fractions now, untrained model: {'id': 0.725, 'rot180': 0.725, 'fliplr': 0.725, 'flipud': 0.723})
/net/beegfs/users/P101440/DCE_NIK/train_grasp_nik.py:329: UserWarning: Converting a tensor with requires_grad=True to a scalar may lead to unexpected behavior.
Consider using tensor.detach() first. (Triggered internally at /pytorch/torch/csrc/autograd/generated/python_variable_methods.cpp:836.)
  (scale_tv * pen + scale_sup * pen_s).backward(); tot += float(pen); tot_s += float(pen_s)
    step   1000  train 1.073e+00  heldout 6.116e-01
    step   2000  train 8.882e-01  heldout 5.493e-01
    step   3000  train 7.741e-01  heldout 5.558e-01
    step   4000  train 6.815e-01  heldout 5.753e-01
    step   5000  train 6.285e-01  heldout 5.995e-01
    step   6000  train 5.890e-01  heldout 6.145e-01
    step   7000  train 5.592e-01  heldout 6.281e-01
    step   8000  train 5.301e-01  heldout 6.223e-01
    step   9000  train 5.100e-01  heldout 6.369e-01
    step  10000  train 4.997e-01  heldout 6.470e-01
    final weights kept (best heldout 5.493e-01 at step 2000)
    RESOURCES slice 21: peak_gpu_MB 12462 params 5531216 best_heldout 5.4929e-01
wandb: updating run metadata
wandb: uploading history steps 9-9, summary, console lines 17-17
wandb: 
wandb: Run history:
wandb: best_heldout_mse  ▁▁▁▁▁▁▁▁▁
wandb:        best_step ▁█████████
wandb:          coef_tv ▁▁▁▁▁▁▁▁▁▁
wandb:      heldout_mse ▅▁▁▃▅▆▇▆▇█
wandb:             loss █▆▄▃▃▂▂▁▁▁
wandb:               lr ▁▁▁▁▁▁▁▁▁▁
wandb:      peak_gpu_mb ▁█████████
wandb:            pisco ▁▁▁▁▁▁▁▁▁▁
wandb:          support ▂▁▃▄▆▆▇▇██
wandb:        val_knmse ▅▁▁▃▅▆▇▆▇█
wandb:               +1 ...
wandb: 
wandb: Run summary:
wandb: best_heldout_mse 0.54929
wandb:        best_step 2000
wandb:          coef_tv 0
wandb:      heldout_mse 0.64701
wandb:             loss 0.49974
wandb:               lr 1e-05
wandb:           params 5531216
wandb:      peak_gpu_mb 12461.91162
wandb:            pisco 0
wandb:          support 0.03232
wandb:               +3 ...
wandb: 
wandb: 🚀 View run gnik_ks3.5_s21 at: https://wandb.ai/spshenov-university-of-amsterdam/DCE_NIK/runs/qyksaall
wandb: ⭐️ View project at: https://wandb.ai/spshenov-university-of-amsterdam/DCE_NIK
wandb: Synced 5 W&B file(s), 0 media file(s), 0 artifact file(s) and 0 other file(s)
wandb: Find logs at: results/tofts_vs_patlak/bw_test/ks3.5/wandb_runs/wandb/run-20260927_220447-qyksaall/logs
slice 21  nik (192, 192, 342)  (3838s)  vs CS: corr 0.957  nrmse 0.212
done 3839s -> results/tofts_vs_patlak/bw_test/ks3.5
[W927 23:08:44.503229449 AllocatorConfig.cpp:28] Warning: PYTORCH_CUDA_ALLOC_CONF is deprecated, use PYTORCH_ALLOC_CONF instead (function operator())
2026-09-27 23:08:44 TRAIN_DONE sigma 3.5 exit 0
