2026-09-27 22:04:43 host gpu03.cluster job 3391129 task 1 stage train
GPU 0: NVIDIA H100 NVL (UUID: GPU-ba65053c-72ed-1c58-80be-07549e6f1e8a)
  MIG 2g.24gb     Device  0: (UUID: MIG-f328f7be-cd56-503a-9bd5-4e010efe4fe5)
GPU 1: NVIDIA H100 NVL (UUID: GPU-eaa03982-4105-4fd4-05b4-dfe14a5475f9)
GPU 2: NVIDIA H100 NVL (UUID: GPU-c8d1c94c-c938-e03b-b589-eac076bd5f3f)
GPU 3: NVIDIA H100 NVL (UUID: GPU-11c2853b-6154-8665-333f-81dc10b2382c)
task 1: sigma 5 -> results/tofts_vs_patlak/bw_test/ks5
device=cuda
model=wire_ff_tofts h512 d12 w062 | FF k256/5 t32/1.5 | dcf_pow 0 env 0.75 | 10000 steps, batch 65536, split 0.7
    explicit heldout: 170 VAL spokes
    spoke-reduction: 1368 acquired spokes, 4202496 samples, heldout=yes (same input as CS)
wandb: [wandb.login()] Loaded credentials for https://api.wandb.ai from /home/P101440/.netrc.
wandb: Currently logged in as: spshenov (spshenov-university-of-amsterdam) to https://api.wandb.ai. Use `wandb login --relogin` to force relogin
wandb: setting up run 8ke2uh4c
wandb: Tracking run with wandb version 0.25.0
wandb: Run data is saved locally in results/tofts_vs_patlak/bw_test/ks5/wandb_runs/wandb/run-20260927_220447-8ke2uh4c
wandb: Run `wandb offline` to turn off syncing.
wandb: Syncing run gnik_ks5_s21
wandb: ⭐️ View project at https://wandb.ai/spshenov-university-of-amsterdam/DCE_NIK
wandb: 🚀 View run at https://wandb.ai/spshenov-university-of-amsterdam/DCE_NIK/runs/8ke2uh4c
[wandb] gnik_ks5_s21: mode online
    [coef-tv] grid 384 every 32 weight 0 delta 0.1
    [support] mask orientation rot180 (inside-energy fractions now, untrained model: {'id': 0.622, 'rot180': 0.623, 'fliplr': 0.623, 'flipud': 0.619})
/net/beegfs/users/P101440/DCE_NIK/train_grasp_nik.py:329: UserWarning: Converting a tensor with requires_grad=True to a scalar may lead to unexpected behavior.
Consider using tensor.detach() first. (Triggered internally at /pytorch/torch/csrc/autograd/generated/python_variable_methods.cpp:836.)
  (scale_tv * pen + scale_sup * pen_s).backward(); tot += float(pen); tot_s += float(pen_s)
    step   1000  train 9.803e-01  heldout 5.998e-01
    step   2000  train 8.198e-01  heldout 5.531e-01
    step   3000  train 7.002e-01  heldout 5.692e-01
    step   4000  train 6.179e-01  heldout 5.908e-01
    step   5000  train 5.766e-01  heldout 6.174e-01
    step   6000  train 5.387e-01  heldout 6.347e-01
    step   7000  train 5.112e-01  heldout 6.439e-01
    step   8000  train 4.888e-01  heldout 6.329e-01
    step   9000  train 4.675e-01  heldout 6.504e-01
    step  10000  train 4.600e-01  heldout 6.572e-01
    final weights kept (best heldout 5.531e-01 at step 2000)
    RESOURCES slice 21: peak_gpu_MB 12462 params 5531216 best_heldout 5.5306e-01
wandb: updating run metadata
wandb: uploading output.log; uploading wandb-summary.json; uploading config.yaml
wandb: uploading history steps 9-9, summary, console lines 17-17
wandb: 
wandb: Run history:
wandb: best_heldout_mse  ▁▁▁▁▁▁▁▁▁
wandb:        best_step ▁█████████
wandb:          coef_tv ▁▁▁▁▁▁▁▁▁▁
wandb:      heldout_mse ▄▁▂▄▅▆▇▆██
wandb:             loss █▆▄▃▃▂▂▁▁▁
wandb:               lr ▁▁▁▁▁▁▁▁▁▁
wandb:      peak_gpu_mb ▁█████████
wandb:            pisco ▁▁▁▁▁▁▁▁▁▁
wandb:          support ▃▁▃▅▆▇▇███
wandb:        val_knmse ▄▁▂▄▅▆▇▆██
wandb:               +1 ...
wandb: 
wandb: Run summary:
wandb: best_heldout_mse 0.55306
wandb:        best_step 2000
wandb:          coef_tv 0
wandb:      heldout_mse 0.65716
wandb:             loss 0.46004
wandb:               lr 1e-05
wandb:           params 5531216
wandb:      peak_gpu_mb 12461.91162
wandb:            pisco 0
wandb:          support 0.03423
wandb:               +3 ...
wandb: 
wandb: 🚀 View run gnik_ks5_s21 at: https://wandb.ai/spshenov-university-of-amsterdam/DCE_NIK/runs/8ke2uh4c
wandb: ⭐️ View project at: https://wandb.ai/spshenov-university-of-amsterdam/DCE_NIK
wandb: Synced 5 W&B file(s), 0 media file(s), 0 artifact file(s) and 0 other file(s)
wandb: Find logs at: results/tofts_vs_patlak/bw_test/ks5/wandb_runs/wandb/run-20260927_220447-8ke2uh4c/logs
slice 21  nik (192, 192, 342)  (3836s)  vs CS: corr 0.957  nrmse 0.212
done 3836s -> results/tofts_vs_patlak/bw_test/ks5
[W927 23:08:41.794148627 AllocatorConfig.cpp:28] Warning: PYTORCH_CUDA_ALLOC_CONF is deprecated, use PYTORCH_ALLOC_CONF instead (function operator())
2026-09-27 23:08:41 TRAIN_DONE sigma 5 exit 0
