2026-09-28 19:34:14 host gpu02.cluster job 3396394 task 12 stage train
GPU 0: NVIDIA H100 NVL (UUID: GPU-8e413919-ea16-cb0a-3a38-410620ba1bbd)
  MIG 2g.24gb     Device  0: (UUID: MIG-281c0c74-ddae-5f82-9b91-3e7d8a855877)
GPU 1: NVIDIA H100 NVL (UUID: GPU-6525825b-42ba-d600-6e82-921c05f7390b)
GPU 2: NVIDIA H100 NVL (UUID: GPU-64ef941c-2af9-b1a4-b0f1-3dea68d79f02)
GPU 3: NVIDIA H100 NVL (UUID: GPU-daac2482-6ad0-32bd-5511-a75765fd3610)
task 12: free slice 21 seed 0 sigma 5 -> results/tofts_vs_patlak/p14/invivo_prod_ks5/free_sl21_s0
device=cuda
model=wire_ff_res h512 d12 w062 | FF k256/5 t32/1.5 | dcf_pow 0 env 0.75 | 10000 steps, batch 65536, split 0.7
    explicit heldout: 215 VAL spokes
    spoke-reduction: 1727 acquired spokes, 7073792 samples, heldout=yes (same input as CS)
wandb: [wandb.login()] Loaded credentials for https://api.wandb.ai from /home/P101440/.netrc.
wandb: Currently logged in as: spshenov (spshenov-university-of-amsterdam) to https://api.wandb.ai. Use `wandb login --relogin` to force relogin
wandb: setting up run 14a0q837
wandb: Tracking run with wandb version 0.25.0
wandb: Run data is saved locally in results/tofts_vs_patlak/p14/invivo_prod_ks5/free_sl21_s0/wandb_runs/wandb/run-20260928_193419-14a0q837
wandb: Run `wandb offline` to turn off syncing.
wandb: Syncing run gnik_free_sl21_s0_s21
wandb: ⭐️ View project at https://wandb.ai/spshenov-university-of-amsterdam/DCE_NIK
wandb: 🚀 View run at https://wandb.ai/spshenov-university-of-amsterdam/DCE_NIK/runs/14a0q837
[wandb] gnik_free_sl21_s0_s21: mode online
/net/beegfs/users/P101440/DCE_NIK/train_grasp_nik.py:424: UserWarning: Converting a tensor with requires_grad=True to a scalar may lead to unexpected behavior.
Consider using tensor.detach() first. (Triggered internally at /pytorch/torch/csrc/autograd/generated/python_variable_methods.cpp:836.)
  run.log(dict(loss=float(loss), heldout_mse=hl, val_knmse=hl / yhe_energy, best_heldout_mse=best_heldout, coef_tv=ctv_last, support=sup_last, pisco=pisco_last,
    step   1000  train 1.048e+00  heldout 5.553e-01
    step   2000  train 9.399e-01  heldout 5.283e-01
    step   3000  train 8.507e-01  heldout 5.260e-01
    step   4000  train 7.737e-01  heldout 5.247e-01
    step   5000  train 7.158e-01  heldout 5.089e-01
    step   6000  train 6.422e-01  heldout 4.784e-01
    step   7000  train 5.928e-01  heldout 4.519e-01
    step   8000  train 5.542e-01  heldout 4.352e-01
    step   9000  train 5.311e-01  heldout 4.247e-01
    step  10000  train 5.006e-01  heldout 4.179e-01
    final weights kept (best heldout 4.179e-01 at step 10000)
    RESOURCES slice 21: peak_gpu_MB 12849 params 5549634 best_heldout 4.1795e-01
wandb: updating run metadata
wandb: uploading history steps 9-9, summary, console lines 15-15
wandb: 
wandb: Run history:
wandb: best_heldout_mse  ███▇▅▃▂▁▁
wandb:        best_step ▁▂▃▄▅▅▆▇▇█
wandb:          coef_tv ▁▁▁▁▁▁▁▁▁▁
wandb:      heldout_mse █▇▇▆▆▄▃▂▁▁
wandb:             loss █▇▅▄▄▃▂▂▁▁
wandb:               lr ▁▁▁▁▁▁▁▁▁▁
wandb:      peak_gpu_mb ▁█████████
wandb:            pisco ▁▁▁▁▁▁▁▁▁▁
wandb:          support ▁▁▁▁▁▁▁▁▁▁
wandb:        val_knmse █▇▇▆▆▄▃▂▁▁
wandb:               +1 ...
wandb: 
wandb: Run summary:
wandb: best_heldout_mse 0.41795
wandb:        best_step 10000
wandb:          coef_tv 0
wandb:      heldout_mse 0.41795
wandb:             loss 0.5006
wandb:               lr 1e-05
wandb:           params 5549634
wandb:      peak_gpu_mb 12848.66016
wandb:            pisco 0
wandb:          support 0
wandb:               +3 ...
wandb: 
wandb: 🚀 View run gnik_free_sl21_s0_s21 at: https://wandb.ai/spshenov-university-of-amsterdam/DCE_NIK/runs/14a0q837
wandb: ⭐️ View project at: https://wandb.ai/spshenov-university-of-amsterdam/DCE_NIK
wandb: Synced 5 W&B file(s), 0 media file(s), 0 artifact file(s) and 0 other file(s)
wandb: Find logs at: results/tofts_vs_patlak/p14/invivo_prod_ks5/free_sl21_s0/wandb_runs/wandb/run-20260928_193419-14a0q837/logs
slice 21  nik (256, 256, 431)  (2893s)  vs CS: corr 0.965  nrmse 0.177
done 2894s -> results/tofts_vs_patlak/p14/invivo_prod_ks5/free_sl21_s0
[W928 20:22:30.884542207 AllocatorConfig.cpp:28] Warning: PYTORCH_CUDA_ALLOC_CONF is deprecated, use PYTORCH_ALLOC_CONF instead (function operator())
2026-09-28 20:22:31 TRAIN_DONE free sl21 s0 exit 0
