2026-09-28 19:36:44 host gpu02.cluster job 3396395 task 13 stage train
GPU 0: NVIDIA H100 NVL (UUID: GPU-8e413919-ea16-cb0a-3a38-410620ba1bbd)
GPU 1: NVIDIA H100 NVL (UUID: GPU-6525825b-42ba-d600-6e82-921c05f7390b)
  MIG 2g.24gb     Device  0: (UUID: MIG-5fbcb857-7ec1-52fa-967f-a37150159422)
GPU 2: NVIDIA H100 NVL (UUID: GPU-64ef941c-2af9-b1a4-b0f1-3dea68d79f02)
GPU 3: NVIDIA H100 NVL (UUID: GPU-daac2482-6ad0-32bd-5511-a75765fd3610)
task 13: free slice 24 seed 0 sigma 5 -> results/tofts_vs_patlak/p14/invivo_prod_ks5/free_sl24_s0
device=cuda
model=wire_ff_res h512 d12 w062 | FF k256/5 t32/1.5 | dcf_pow 0 env 0.75 | 10000 steps, batch 65536, split 0.7
    explicit heldout: 215 VAL spokes
    spoke-reduction: 1727 acquired spokes, 7073792 samples, heldout=yes (same input as CS)
wandb: [wandb.login()] Loaded credentials for https://api.wandb.ai from /home/P101440/.netrc.
wandb: Currently logged in as: spshenov (spshenov-university-of-amsterdam) to https://api.wandb.ai. Use `wandb login --relogin` to force relogin
wandb: setting up run 7beptgid
wandb: Tracking run with wandb version 0.25.0
wandb: Run data is saved locally in results/tofts_vs_patlak/p14/invivo_prod_ks5/free_sl24_s0/wandb_runs/wandb/run-20260928_193648-7beptgid
wandb: Run `wandb offline` to turn off syncing.
wandb: Syncing run gnik_free_sl24_s0_s24
wandb: ⭐️ View project at https://wandb.ai/spshenov-university-of-amsterdam/DCE_NIK
wandb: 🚀 View run at https://wandb.ai/spshenov-university-of-amsterdam/DCE_NIK/runs/7beptgid
[wandb] gnik_free_sl24_s0_s24: mode online
/net/beegfs/users/P101440/DCE_NIK/train_grasp_nik.py:424: UserWarning: Converting a tensor with requires_grad=True to a scalar may lead to unexpected behavior.
Consider using tensor.detach() first. (Triggered internally at /pytorch/torch/csrc/autograd/generated/python_variable_methods.cpp:836.)
  run.log(dict(loss=float(loss), heldout_mse=hl, val_knmse=hl / yhe_energy, best_heldout_mse=best_heldout, coef_tv=ctv_last, support=sup_last, pisco=pisco_last,
    step   1000  train 8.936e-01  heldout 4.670e-01
    step   2000  train 7.107e-01  heldout 4.463e-01
    step   3000  train 5.793e-01  heldout 4.119e-01
    step   4000  train 4.669e-01  heldout 3.355e-01
    step   5000  train 4.146e-01  heldout 3.031e-01
    step   6000  train 3.843e-01  heldout 2.888e-01
    step   7000  train 3.601e-01  heldout 2.795e-01
    step   8000  train 3.541e-01  heldout 2.744e-01
    step   9000  train 3.413e-01  heldout 2.725e-01
    step  10000  train 3.341e-01  heldout 2.721e-01
    final weights kept (best heldout 2.721e-01 at step 10000)
    RESOURCES slice 24: peak_gpu_MB 12849 params 5549634 best_heldout 2.7214e-01
wandb: updating run metadata
wandb: 
wandb: Run history:
wandb: best_heldout_mse  █▇▄▂▂▁▁▁▁
wandb:        best_step ▁▂▃▄▅▅▆▇▇█
wandb:          coef_tv ▁▁▁▁▁▁▁▁▁▁
wandb:      heldout_mse █▇▆▃▂▂▁▁▁▁
wandb:             loss █▆▄▃▂▂▁▁▁▁
wandb:               lr ▁▁▁▁▁▁▁▁▁▁
wandb:      peak_gpu_mb ▁█████████
wandb:            pisco ▁▁▁▁▁▁▁▁▁▁
wandb:          support ▁▁▁▁▁▁▁▁▁▁
wandb:        val_knmse █▇▆▃▂▂▁▁▁▁
wandb:               +1 ...
wandb: 
wandb: Run summary:
wandb: best_heldout_mse 0.27214
wandb:        best_step 10000
wandb:          coef_tv 0
wandb:      heldout_mse 0.27214
wandb:             loss 0.33412
wandb:               lr 1e-05
wandb:           params 5549634
wandb:      peak_gpu_mb 12848.66016
wandb:            pisco 0
wandb:          support 0
wandb:               +3 ...
wandb: 
wandb: 🚀 View run gnik_free_sl24_s0_s24 at: https://wandb.ai/spshenov-university-of-amsterdam/DCE_NIK/runs/7beptgid
wandb: ⭐️ View project at: https://wandb.ai/spshenov-university-of-amsterdam/DCE_NIK
wandb: Synced 5 W&B file(s), 0 media file(s), 0 artifact file(s) and 0 other file(s)
wandb: Find logs at: results/tofts_vs_patlak/p14/invivo_prod_ks5/free_sl24_s0/wandb_runs/wandb/run-20260928_193648-7beptgid/logs
slice 24  nik (256, 256, 431)  (2824s)  vs CS: corr 0.967  nrmse 0.174
done 2825s -> results/tofts_vs_patlak/p14/invivo_prod_ks5/free_sl24_s0
[W928 20:23:51.544020140 AllocatorConfig.cpp:28] Warning: PYTORCH_CUDA_ALLOC_CONF is deprecated, use PYTORCH_ALLOC_CONF instead (function operator())
2026-09-28 20:23:51 TRAIN_DONE free sl24 s0 exit 0
