2026-09-28 11:44:33 host gpu03.cluster job 3395516 task 2 stage train
GPU 0: NVIDIA H100 NVL (UUID: GPU-ba65053c-72ed-1c58-80be-07549e6f1e8a)
GPU 1: NVIDIA H100 NVL (UUID: GPU-eaa03982-4105-4fd4-05b4-dfe14a5475f9)
GPU 2: NVIDIA H100 NVL (UUID: GPU-c8d1c94c-c938-e03b-b589-eac076bd5f3f)
  MIG 2g.24gb     Device  0: (UUID: MIG-bbe93c91-7dfa-5181-9573-fffd3e3ea5ce)
GPU 3: NVIDIA H100 NVL (UUID: GPU-11c2853b-6154-8665-333f-81dc10b2382c)
task 2: tofts8oc slice 24 seed 1 sigma 5 -> results/tofts_vs_patlak/p14/invivo_prod_ks5_oc/tofts8_sl24_s1
device=cuda
model=wire_ff_tofts h512 d12 w062 | FF k256/5 t32/1.5 | dcf_pow 0 env 0.75 | 10000 steps, batch 65536, split 0.7
    explicit heldout: 215 VAL spokes
    spoke-reduction: 1727 acquired spokes, 7073792 samples, heldout=yes (same input as CS)
wandb: [wandb.login()] Loaded credentials for https://api.wandb.ai from /home/P101440/.netrc.
wandb: Currently logged in as: spshenov (spshenov-university-of-amsterdam) to https://api.wandb.ai. Use `wandb login --relogin` to force relogin
wandb: setting up run j8a53owv
wandb: Tracking run with wandb version 0.25.0
wandb: Run data is saved locally in results/tofts_vs_patlak/p14/invivo_prod_ks5_oc/tofts8_sl24_s1/wandb_runs/wandb/run-20260928_114438-j8a53owv
wandb: Run `wandb offline` to turn off syncing.
wandb: Syncing run gnik_tofts8_sl24_s1_s24
wandb: ⭐️ View project at https://wandb.ai/spshenov-university-of-amsterdam/DCE_NIK
wandb: 🚀 View run at https://wandb.ai/spshenov-university-of-amsterdam/DCE_NIK/runs/j8a53owv
[wandb] gnik_tofts8_sl24_s1_s24: mode online
    [coef-tv] grid 512 every 32 weight 0 delta 0.1
    [support] mask orientation rot180 (inside-energy fractions now, untrained model: {'id': 0.903, 'rot180': 0.903, 'fliplr': 0.903, 'flipud': 0.903})
/net/beegfs/users/P101440/DCE_NIK/train_grasp_nik.py:329: UserWarning: Converting a tensor with requires_grad=True to a scalar may lead to unexpected behavior.
Consider using tensor.detach() first. (Triggered internally at /pytorch/torch/csrc/autograd/generated/python_variable_methods.cpp:836.)
  (scale_tv * pen + scale_sup * pen_s).backward(); tot += float(pen); tot_s += float(pen_s)
    step   1000  train 1.210e+00  heldout 6.631e-01
    step   2000  train 1.151e+00  heldout 5.756e-01
    step   3000  train 1.114e+00  heldout 5.511e-01
    step   4000  train 1.035e+00  heldout 5.354e-01
    step   5000  train 9.509e-01  heldout 5.037e-01
    step   6000  train 7.724e-01  heldout 4.410e-01
    step   7000  train 7.181e-01  heldout 4.438e-01
    step   8000  train 6.512e-01  heldout 4.663e-01
    step   9000  train 6.131e-01  heldout 4.741e-01
    step  10000  train 5.910e-01  heldout 4.774e-01
    final weights kept (best heldout 4.410e-01 at step 6000)
    RESOURCES slice 24: peak_gpu_MB 12835 params 5641856 best_heldout 4.4095e-01
wandb: updating run metadata
wandb: uploading config.yaml; uploading output.log; uploading wandb-summary.json
wandb: 
wandb: Run history:
wandb: best_heldout_mse  █▇▆▄▁▁▁▁▁
wandb:        best_step ▁▃▅▆▇█████
wandb:          coef_tv ▁▁▁▁▁▁▁▁▁▁
wandb:      heldout_mse █▅▄▄▃▁▁▂▂▂
wandb:             loss █▇▇▆▅▃▂▂▁▁
wandb:               lr ▁▁▁▁▁▁▁▁▁▁
wandb:      peak_gpu_mb ▁█████████
wandb:            pisco ▁▁▁▁▁▁▁▁▁▁
wandb:          support ▆▄▃▂▁▁▂▆▇█
wandb:        val_knmse █▅▄▄▃▁▁▂▂▂
wandb:               +1 ...
wandb: 
wandb: Run summary:
wandb: best_heldout_mse 0.44095
wandb:        best_step 6000
wandb:          coef_tv 0
wandb:      heldout_mse 0.47743
wandb:             loss 0.59096
wandb:               lr 1e-05
wandb:           params 5641856
wandb:      peak_gpu_mb 12834.98047
wandb:            pisco 0
wandb:          support 0.0029
wandb:               +3 ...
wandb: 
wandb: 🚀 View run gnik_tofts8_sl24_s1_s24 at: https://wandb.ai/spshenov-university-of-amsterdam/DCE_NIK/runs/j8a53owv
wandb: ⭐️ View project at: https://wandb.ai/spshenov-university-of-amsterdam/DCE_NIK
wandb: Synced 5 W&B file(s), 0 media file(s), 0 artifact file(s) and 0 other file(s)
wandb: Find logs at: results/tofts_vs_patlak/p14/invivo_prod_ks5_oc/tofts8_sl24_s1/wandb_runs/wandb/run-20260928_114438-j8a53owv/logs
slice 24  nik (256, 256, 431)  (5539s)  vs CS: corr 0.975  nrmse 0.153
done 5540s -> results/tofts_vs_patlak/p14/invivo_prod_ks5_oc/tofts8_sl24_s1
[W928 13:16:56.410241359 AllocatorConfig.cpp:28] Warning: PYTORCH_CUDA_ALLOC_CONF is deprecated, use PYTORCH_ALLOC_CONF instead (function operator())
2026-09-28 13:16:56 TRAIN_DONE tofts8oc sl24 s1 exit 0
