2026-09-28 16:23:34 host gpu02.cluster job 3396015 task 9 stage train
GPU 0: NVIDIA H100 NVL (UUID: GPU-8e413919-ea16-cb0a-3a38-410620ba1bbd)
GPU 1: NVIDIA H100 NVL (UUID: GPU-6525825b-42ba-d600-6e82-921c05f7390b)
GPU 2: NVIDIA H100 NVL (UUID: GPU-64ef941c-2af9-b1a4-b0f1-3dea68d79f02)
  MIG 2g.24gb     Device  0: (UUID: MIG-2038141f-8495-5c55-b48a-e2d7d63f2df1)
GPU 3: NVIDIA H100 NVL (UUID: GPU-daac2482-6ad0-32bd-5511-a75765fd3610)
task 9: sub16 slice 21 seed 0 sigma 5 -> results/tofts_vs_patlak/p14/invivo_prod_ks5/sub16_sl21_s0
device=cuda
model=wire_ff_subspace rank16 h512 d12 w062 | FF k256/5 t32/1.5 | dcf_pow 0 env 0.75 | 10000 steps, batch 65536, split 0.7
    explicit heldout: 215 VAL spokes
    spoke-reduction: 1727 acquired spokes, 7073792 samples, heldout=yes (same input as CS)
wandb: [wandb.login()] Loaded credentials for https://api.wandb.ai from /home/P101440/.netrc.
wandb: Currently logged in as: spshenov (spshenov-university-of-amsterdam) to https://api.wandb.ai. Use `wandb login --relogin` to force relogin
wandb: setting up run auvgbyq8
wandb: Tracking run with wandb version 0.25.0
wandb: Run data is saved locally in results/tofts_vs_patlak/p14/invivo_prod_ks5/sub16_sl21_s0/wandb_runs/wandb/run-20260928_162339-auvgbyq8
wandb: Run `wandb offline` to turn off syncing.
wandb: Syncing run gnik_sub16_sl21_s0_s21
wandb: ⭐️ View project at https://wandb.ai/spshenov-university-of-amsterdam/DCE_NIK
wandb: 🚀 View run at https://wandb.ai/spshenov-university-of-amsterdam/DCE_NIK/runs/auvgbyq8
[wandb] gnik_sub16_sl21_s0_s21: mode online
    warmstarted Phi from PCA basis (rank 16, 100 frames, fit MSE 2.089e-04)
    [coef-tv] grid 512 every 32 weight 0 delta 0.1
    [support] mask orientation rot180 (inside-energy fractions now, untrained model: {'id': 0.879, 'rot180': 0.879, 'fliplr': 0.879, 'flipud': 0.878})
/net/beegfs/users/P101440/DCE_NIK/train_grasp_nik.py:329: UserWarning: Converting a tensor with requires_grad=True to a scalar may lead to unexpected behavior.
Consider using tensor.detach() first. (Triggered internally at /pytorch/torch/csrc/autograd/generated/python_variable_methods.cpp:836.)
  (scale_tv * pen + scale_sup * pen_s).backward(); tot += float(pen); tot_s += float(pen_s)
    step   1000  train 8.711e-01  heldout 4.892e-01
    step   2000  train 5.099e-01  heldout 3.343e-01
    step   3000  train 4.269e-01  heldout 2.982e-01
    step   4000  train 3.955e-01  heldout 2.833e-01
    step   5000  train 3.871e-01  heldout 2.765e-01
    step   6000  train 3.762e-01  heldout 2.701e-01
    step   7000  train 3.665e-01  heldout 2.638e-01
    step   8000  train 3.627e-01  heldout 2.675e-01
    step   9000  train 3.741e-01  heldout 2.686e-01
    step  10000  train 3.587e-01  heldout 2.596e-01
    final weights kept (best heldout 2.596e-01 at step 10000)
    RESOURCES slice 21: peak_gpu_MB 12838 params 5558016 best_heldout 2.5956e-01
wandb: updating run metadata
wandb: uploading output.log; uploading wandb-summary.json; uploading config.yaml
wandb: uploading history steps 9-9, summary, console lines 18-18
wandb: 
wandb: Run history:
wandb: best_heldout_mse  █▅▃▃▂▁▁▁▁
wandb:        best_step ▁▂▃▄▅▅▆▆▆█
wandb:          coef_tv ▁▁▁▁▁▁▁▁▁▁
wandb:      heldout_mse █▃▂▂▂▁▁▁▁▁
wandb:             loss █▃▂▂▁▁▁▁▁▁
wandb:               lr ▁▁▁▁▁▁▁▁▁▁
wandb:      peak_gpu_mb ▁█████████
wandb:            pisco ▁▁▁▁▁▁▁▁▁▁
wandb:          support █▆▃▁▁▂▂▃▄▄
wandb:        val_knmse █▃▂▂▂▁▁▁▁▁
wandb:               +1 ...
wandb: 
wandb: Run summary:
wandb: best_heldout_mse 0.25956
wandb:        best_step 10000
wandb:          coef_tv 0
wandb:      heldout_mse 0.25956
wandb:             loss 0.3587
wandb:               lr 1e-05
wandb:           params 5558016
wandb:      peak_gpu_mb 12838.00977
wandb:            pisco 0
wandb:          support 0.01062
wandb:               +3 ...
wandb: 
wandb: 🚀 View run gnik_sub16_sl21_s0_s21 at: https://wandb.ai/spshenov-university-of-amsterdam/DCE_NIK/runs/auvgbyq8
wandb: ⭐️ View project at: https://wandb.ai/spshenov-university-of-amsterdam/DCE_NIK
wandb: Synced 5 W&B file(s), 0 media file(s), 0 artifact file(s) and 0 other file(s)
wandb: Find logs at: results/tofts_vs_patlak/p14/invivo_prod_ks5/sub16_sl21_s0/wandb_runs/wandb/run-20260928_162339-auvgbyq8/logs
slice 21  nik (256, 256, 431)  (5776s)  vs CS: corr 0.926  nrmse 0.257
done 5777s -> results/tofts_vs_patlak/p14/invivo_prod_ks5/sub16_sl21_s0
[W928 17:59:54.911985649 AllocatorConfig.cpp:28] Warning: PYTORCH_CUDA_ALLOC_CONF is deprecated, use PYTORCH_ALLOC_CONF instead (function operator())
2026-09-28 17:59:55 TRAIN_DONE sub16 sl21 s0 exit 0
