2026-10-01 13:23:41 host worker01.cluster job 3425652
saved results/realdata_nik_vs_cs_figures/figures/recon_gifs_single/p3_sl18_modelfree_31spoke.gif 11.2 MB
saved results/realdata_nik_vs_cs_figures/figures/recon_gifs_single/p3_sl18_tofts8_incoil_prior.gif 8.6 MB
saved results/realdata_nik_vs_cs_figures/figures/recon_gifs_single/p3_sl18_tofts8_outcoil_prior.gif 8.8 MB
saved results/realdata_nik_vs_cs_figures/figures/recon_gifs_single/p3_sl18_patlak_prior.gif 8.1 MB
saved results/realdata_nik_vs_cs_figures/figures/recon_gifs_single/p3_sl18_sub16_prior.gif 8.4 MB
saved results/realdata_nik_vs_cs_figures/figures/recon_gifs_single/p3_sl18_nikfree.gif 9.6 MB
saved results/realdata_nik_vs_cs_figures/figures/recon_gifs_single/p3_sl18_grasp_12spf_k80.gif 9.1 MB
saved results/realdata_nik_vs_cs_figures/figures/recon_gifs_single/p3_sl18_grasppro_k5_k80.gif 9.2 MB
GIF_DONE
saved results/realdata_nik_vs_cs_figures/figures/recon_gifs_single/p3_sl19_modelfree_31spoke.gif 11.8 MB
saved results/realdata_nik_vs_cs_figures/figures/recon_gifs_single/p3_sl19_tofts8_incoil_prior.gif 8.2 MB
saved results/realdata_nik_vs_cs_figures/figures/recon_gifs_single/p3_sl19_tofts8_outcoil_prior.gif 9.0 MB
saved results/realdata_nik_vs_cs_figures/figures/recon_gifs_single/p3_sl19_patlak_prior.gif 8.1 MB
saved results/realdata_nik_vs_cs_figures/figures/recon_gifs_single/p3_sl19_sub16_prior.gif 9.0 MB
saved results/realdata_nik_vs_cs_figures/figures/recon_gifs_single/p3_sl19_nikfree.gif 9.8 MB
saved results/realdata_nik_vs_cs_figures/figures/recon_gifs_single/p3_sl19_grasp_12spf_k80.gif 9.7 MB
saved results/realdata_nik_vs_cs_figures/figures/recon_gifs_single/p3_sl19_grasppro_k5_k80.gif 9.1 MB
GIF_DONE
saved results/realdata_nik_vs_cs_figures/figures/recon_gifs_single/p3_sl21_modelfree_31spoke.gif 11.8 MB
saved results/realdata_nik_vs_cs_figures/figures/recon_gifs_single/p3_sl21_tofts8_incoil_prior.gif 9.4 MB
saved results/realdata_nik_vs_cs_figures/figures/recon_gifs_single/p3_sl21_tofts8_outcoil_prior.gif 9.5 MB
saved results/realdata_nik_vs_cs_figures/figures/recon_gifs_single/p3_sl21_patlak_prior.gif 8.8 MB
saved results/realdata_nik_vs_cs_figures/figures/recon_gifs_single/p3_sl21_sub16_prior.gif 9.2 MB
saved results/realdata_nik_vs_cs_figures/figures/recon_gifs_single/p3_sl21_nikfree.gif 9.9 MB
saved results/realdata_nik_vs_cs_figures/figures/recon_gifs_single/p3_sl21_grasp_12spf_k80.gif 9.3 MB
saved results/realdata_nik_vs_cs_figures/figures/recon_gifs_single/p3_sl21_grasppro_k5_k80.gif 9.5 MB
GIF_DONE
GIF p3 exit 0
saved results/realdata_nik_vs_cs_figures/figures/recon_gifs_single/p14_sl21_modelfree_31spoke.gif 23.6 MB
saved results/realdata_nik_vs_cs_figures/figures/recon_gifs_single/p14_sl21_tofts8_incoil_prior.gif 18.2 MB
saved results/realdata_nik_vs_cs_figures/figures/recon_gifs_single/p14_sl21_tofts8_outcoil_prior.gif 18.0 MB
saved results/realdata_nik_vs_cs_figures/figures/recon_gifs_single/p14_sl21_patlak_prior.gif 17.3 MB
saved results/realdata_nik_vs_cs_figures/figures/recon_gifs_single/p14_sl21_sub16_prior.gif 18.5 MB
saved results/realdata_nik_vs_cs_figures/figures/recon_gifs_single/p14_sl21_nikfree.gif 19.9 MB
saved results/realdata_nik_vs_cs_figures/figures/recon_gifs_single/p14_sl21_grasp_12spf_k80.gif 19.5 MB
saved results/realdata_nik_vs_cs_figures/figures/recon_gifs_single/p14_sl21_grasppro_k5_k80.gif 19.1 MB
GIF_DONE
saved results/realdata_nik_vs_cs_figures/figures/recon_gifs_single/p14_sl24_modelfree_31spoke.gif 23.8 MB
saved results/realdata_nik_vs_cs_figures/figures/recon_gifs_single/p14_sl24_tofts8_incoil_prior.gif 18.0 MB
saved results/realdata_nik_vs_cs_figures/figures/recon_gifs_single/p14_sl24_tofts8_outcoil_prior.gif 17.9 MB
saved results/realdata_nik_vs_cs_figures/figures/recon_gifs_single/p14_sl24_patlak_prior.gif 17.4 MB
saved results/realdata_nik_vs_cs_figures/figures/recon_gifs_single/p14_sl24_sub16_prior.gif 19.1 MB
saved results/realdata_nik_vs_cs_figures/figures/recon_gifs_single/p14_sl24_nikfree.gif 20.3 MB
saved results/realdata_nik_vs_cs_figures/figures/recon_gifs_single/p14_sl24_grasp_12spf_k80.gif 19.7 MB
saved results/realdata_nik_vs_cs_figures/figures/recon_gifs_single/p14_sl24_grasppro_k5_k80.gif 18.9 MB
GIF_DONE
saved results/realdata_nik_vs_cs_figures/figures/recon_gifs_single/p14_sl27_modelfree_31spoke.gif 23.2 MB
saved results/realdata_nik_vs_cs_figures/figures/recon_gifs_single/p14_sl27_tofts8_incoil_prior.gif 17.6 MB
saved results/realdata_nik_vs_cs_figures/figures/recon_gifs_single/p14_sl27_tofts8_outcoil_prior.gif 17.6 MB
saved results/realdata_nik_vs_cs_figures/figures/recon_gifs_single/p14_sl27_patlak_prior.gif 16.9 MB
saved results/realdata_nik_vs_cs_figures/figures/recon_gifs_single/p14_sl27_sub16_prior.gif 17.9 MB
saved results/realdata_nik_vs_cs_figures/figures/recon_gifs_single/p14_sl27_nikfree.gif 19.2 MB
saved results/realdata_nik_vs_cs_figures/figures/recon_gifs_single/p14_sl27_grasp_12spf_k80.gif 18.7 MB
saved results/realdata_nik_vs_cs_figures/figures/recon_gifs_single/p14_sl27_grasppro_k5_k80.gif 18.7 MB
GIF_DONE
GIF p14 exit 0
19538870 results/realdata_nik_vs_cs_figures/figures/recon_gifs_single/p14_sl21_grasp_12spf_k80.gif
19092139 results/realdata_nik_vs_cs_figures/figures/recon_gifs_single/p14_sl21_grasppro_k5_k80.gif
23575434 results/realdata_nik_vs_cs_figures/figures/recon_gifs_single/p14_sl21_modelfree_31spoke.gif
19910833 results/realdata_nik_vs_cs_figures/figures/recon_gifs_single/p14_sl21_nikfree.gif
17288006 results/realdata_nik_vs_cs_figures/figures/recon_gifs_single/p14_sl21_patlak_prior.gif
18535507 results/realdata_nik_vs_cs_figures/figures/recon_gifs_single/p14_sl21_sub16_prior.gif
18167776 results/realdata_nik_vs_cs_figures/figures/recon_gifs_single/p14_sl21_tofts8_incoil_prior.gif
17956223 results/realdata_nik_vs_cs_figures/figures/recon_gifs_single/p14_sl21_tofts8_outcoil_prior.gif
19667492 results/realdata_nik_vs_cs_figures/figures/recon_gifs_single/p14_sl24_grasp_12spf_k80.gif
18894162 results/realdata_nik_vs_cs_figures/figures/recon_gifs_single/p14_sl24_grasppro_k5_k80.gif
23759266 results/realdata_nik_vs_cs_figures/figures/recon_gifs_single/p14_sl24_modelfree_31spoke.gif
20336650 results/realdata_nik_vs_cs_figures/figures/recon_gifs_single/p14_sl24_nikfree.gif
17413929 results/realdata_nik_vs_cs_figures/figures/recon_gifs_single/p14_sl24_patlak_prior.gif
19132395 results/realdata_nik_vs_cs_figures/figures/recon_gifs_single/p14_sl24_sub16_prior.gif
17995839 results/realdata_nik_vs_cs_figures/figures/recon_gifs_single/p14_sl24_tofts8_incoil_prior.gif
17880598 results/realdata_nik_vs_cs_figures/figures/recon_gifs_single/p14_sl24_tofts8_outcoil_prior.gif
18654271 results/realdata_nik_vs_cs_figures/figures/recon_gifs_single/p14_sl27_grasp_12spf_k80.gif
18721481 results/realdata_nik_vs_cs_figures/figures/recon_gifs_single/p14_sl27_grasppro_k5_k80.gif
23185144 results/realdata_nik_vs_cs_figures/figures/recon_gifs_single/p14_sl27_modelfree_31spoke.gif
19245151 results/realdata_nik_vs_cs_figures/figures/recon_gifs_single/p14_sl27_nikfree.gif
16852427 results/realdata_nik_vs_cs_figures/figures/recon_gifs_single/p14_sl27_patlak_prior.gif
17909121 results/realdata_nik_vs_cs_figures/figures/recon_gifs_single/p14_sl27_sub16_prior.gif
17574445 results/realdata_nik_vs_cs_figures/figures/recon_gifs_single/p14_sl27_tofts8_incoil_prior.gif
17625900 results/realdata_nik_vs_cs_figures/figures/recon_gifs_single/p14_sl27_tofts8_outcoil_prior.gif
9079672 results/realdata_nik_vs_cs_figures/figures/recon_gifs_single/p3_sl18_grasp_12spf_k80.gif
9211457 results/realdata_nik_vs_cs_figures/figures/recon_gifs_single/p3_sl18_grasppro_k5_k80.gif
11213182 results/realdata_nik_vs_cs_figures/figures/recon_gifs_single/p3_sl18_modelfree_31spoke.gif
9557215 results/realdata_nik_vs_cs_figures/figures/recon_gifs_single/p3_sl18_nikfree.gif
8057305 results/realdata_nik_vs_cs_figures/figures/recon_gifs_single/p3_sl18_patlak_prior.gif
8425307 results/realdata_nik_vs_cs_figures/figures/recon_gifs_single/p3_sl18_sub16_prior.gif
8566892 results/realdata_nik_vs_cs_figures/figures/recon_gifs_single/p3_sl18_tofts8_incoil_prior.gif
8783344 results/realdata_nik_vs_cs_figures/figures/recon_gifs_single/p3_sl18_tofts8_outcoil_prior.gif
9721396 results/realdata_nik_vs_cs_figures/figures/recon_gifs_single/p3_sl19_grasp_12spf_k80.gif
9120941 results/realdata_nik_vs_cs_figures/figures/recon_gifs_single/p3_sl19_grasppro_k5_k80.gif
11835827 results/realdata_nik_vs_cs_figures/figures/recon_gifs_single/p3_sl19_modelfree_31spoke.gif
9759241 results/realdata_nik_vs_cs_figures/figures/recon_gifs_single/p3_sl19_nikfree.gif
8142927 results/realdata_nik_vs_cs_figures/figures/recon_gifs_single/p3_sl19_patlak_prior.gif
8981345 results/realdata_nik_vs_cs_figures/figures/recon_gifs_single/p3_sl19_sub16_prior.gif
8195277 results/realdata_nik_vs_cs_figures/figures/recon_gifs_single/p3_sl19_tofts8_incoil_prior.gif
9036279 results/realdata_nik_vs_cs_figures/figures/recon_gifs_single/p3_sl19_tofts8_outcoil_prior.gif
9288365 results/realdata_nik_vs_cs_figures/figures/recon_gifs_single/p3_sl21_grasp_12spf_k80.gif
9494414 results/realdata_nik_vs_cs_figures/figures/recon_gifs_single/p3_sl21_grasppro_k5_k80.gif
11772001 results/realdata_nik_vs_cs_figures/figures/recon_gifs_single/p3_sl21_modelfree_31spoke.gif
9940257 results/realdata_nik_vs_cs_figures/figures/recon_gifs_single/p3_sl21_nikfree.gif
8828565 results/realdata_nik_vs_cs_figures/figures/recon_gifs_single/p3_sl21_patlak_prior.gif
9181708 results/realdata_nik_vs_cs_figures/figures/recon_gifs_single/p3_sl21_sub16_prior.gif
9413307 results/realdata_nik_vs_cs_figures/figures/recon_gifs_single/p3_sl21_tofts8_incoil_prior.gif
9520221 results/realdata_nik_vs_cs_figures/figures/recon_gifs_single/p3_sl21_tofts8_outcoil_prior.gif
staged
