2026-10-02 18:45:31 host gpu03.cluster job 3441652 task 1 stage train
GPU 0: NVIDIA H100 NVL (UUID: GPU-ba65053c-72ed-1c58-80be-07549e6f1e8a)
GPU 1: NVIDIA H100 NVL (UUID: GPU-eaa03982-4105-4fd4-05b4-dfe14a5475f9)
GPU 2: NVIDIA H100 NVL (UUID: GPU-c8d1c94c-c938-e03b-b589-eac076bd5f3f)
  MIG 2g.24gb     Device  0: (UUID: MIG-bbe93c91-7dfa-5181-9573-fffd3e3ea5ce)
GPU 3: NVIDIA H100 NVL (UUID: GPU-11c2853b-6154-8665-333f-81dc10b2382c)
task 1: sub16 own protocol p3 slice 19 -> results/tofts_vs_patlak/invivo_prod_sub16wd/sub16_sl19_s0
error    libmamba Could not set lock (Resource temporarily unavailable)
warning  libmamba Cannot lock '/home/P101440/.cache/mamba/proc'
    Waiting for other mamba process to finish
device=cuda
model=wire_ff_subspace rank16 h512 d12 w062 | FF k256/2.5 t32/1.5 | dcf_pow 0 env 0.75 | 10000 steps, batch 65536, split 0.7
    explicit heldout: 170 VAL spokes
    spoke-reduction: 1368 acquired spokes, 4202496 samples, heldout=yes (same input as CS)
wandb: [wandb.login()] Loaded credentials for https://api.wandb.ai from /home/P101440/.netrc.
wandb: Currently logged in as: spshenov (spshenov-university-of-amsterdam) to https://api.wandb.ai. Use `wandb login --relogin` to force relogin
wandb: setting up run md5ubalk
wandb: Tracking run with wandb version 0.25.0
wandb: Run data is saved locally in results/tofts_vs_patlak/invivo_prod_sub16wd/sub16_sl19_s0/wandb_runs/wandb/run-20261002_184536-md5ubalk
wandb: Run `wandb offline` to turn off syncing.
wandb: Syncing run gnik_sub16_sl19_s0_s19
wandb: ⭐️ View project at https://wandb.ai/spshenov-university-of-amsterdam/DCE_NIK
wandb: 🚀 View run at https://wandb.ai/spshenov-university-of-amsterdam/DCE_NIK/runs/md5ubalk
[wandb] gnik_sub16_sl19_s0_s19: mode online
    warmstarted Phi from PCA basis (rank 16, 100 frames, fit MSE 9.121e-05)
    [coef-tv] grid 384 every 32 weight 0 delta 0.1
    [support] mask orientation rot180 (inside-energy fractions now, untrained model: {'id': 0.899, 'rot180': 0.9, 'fliplr': 0.9, 'flipud': 0.899})
/net/beegfs/users/P101440/DCE_NIK/train_grasp_nik.py:336: UserWarning: Converting a tensor with requires_grad=True to a scalar may lead to unexpected behavior.
Consider using tensor.detach() first. (Triggered internally at /pytorch/torch/csrc/autograd/generated/python_variable_methods.cpp:836.)
  (scale_tv * pen + scale_sup * pen_s).backward(); tot += float(pen); tot_s += float(pen_s)
    step   1000  train 4.207e-01  heldout 2.417e-01
    step   2000  train 1.880e-01  heldout 1.498e-01
    step   3000  train 1.415e-01  heldout 1.306e-01
    step   4000  train 1.192e-01  heldout 1.238e-01
    step   5000  train 1.087e-01  heldout 1.189e-01
    step   6000  train 9.733e-02  heldout 1.124e-01
    step   7000  train 8.915e-02  heldout 1.092e-01
    step   8000  train 8.302e-02  heldout 1.078e-01
    step   9000  train 8.326e-02  heldout 1.064e-01
    step  10000  train 7.852e-02  heldout 1.068e-01
    final weights kept (best heldout 1.064e-01 at step 9000)
    RESOURCES slice 19: peak_gpu_MB 12462 params 5558016 best_heldout 1.0635e-01
wandb: updating run metadata
wandb: uploading output.log; uploading wandb-summary.json; uploading config.yaml
wandb: uploading history steps 9-9, summary, console lines 18-18
wandb: 
wandb: Run history:
wandb: best_heldout_mse  █▅▄▃▂▁▁▁▁
wandb:        best_step ▁▃▃▄▅▆▆▇██
wandb:          coef_tv ▁▁▁▁▁▁▁▁▁▁
wandb:      heldout_mse █▃▂▂▂▁▁▁▁▁
wandb:             loss █▃▂▂▂▁▁▁▁▁
wandb:               lr ▁▁▁▁▁▁▁▁▁▁
wandb:      peak_gpu_mb ▁█████████
wandb:            pisco ▁▁▁▁▁▁▁▁▁▁
wandb:          support █▃▂▁▁▁▁▁▁▁
wandb:        val_knmse █▃▂▂▂▁▁▁▁▁
wandb:               +1 ...
wandb: 
wandb: Run summary:
wandb: best_heldout_mse 0.10635
wandb:        best_step 9000
wandb:          coef_tv 0
wandb:      heldout_mse 0.10681
wandb:             loss 0.07852
wandb:               lr 1e-05
wandb:           params 5558016
wandb:      peak_gpu_mb 12462.20801
wandb:            pisco 0
wandb:          support 0.00299
wandb:               +3 ...
wandb: 
wandb: 🚀 View run gnik_sub16_sl19_s0_s19 at: https://wandb.ai/spshenov-university-of-amsterdam/DCE_NIK/runs/md5ubalk
wandb: ⭐️ View project at: https://wandb.ai/spshenov-university-of-amsterdam/DCE_NIK
wandb: Synced 5 W&B file(s), 0 media file(s), 0 artifact file(s) and 0 other file(s)
wandb: Find logs at: results/tofts_vs_patlak/invivo_prod_sub16wd/sub16_sl19_s0/wandb_runs/wandb/run-20261002_184536-md5ubalk/logs
slice 19  nik (192, 192, 342)  (3974s)  vs CS: corr 0.955  nrmse 0.220
done 3975s -> results/tofts_vs_patlak/invivo_prod_sub16wd/sub16_sl19_s0
[W1002 19:51:49.552957531 AllocatorConfig.cpp:28] Warning: PYTORCH_CUDA_ALLOC_CONF is deprecated, use PYTORCH_ALLOC_CONF instead (function operator())
2026-10-02 19:51:49 TRAIN_DONE sub16wd p3 sl19 exit 0
