2026-10-02 19:52:01 host gpu03.cluster job 3441734 task 3 stage train
GPU 0: NVIDIA H100 NVL (UUID: GPU-ba65053c-72ed-1c58-80be-07549e6f1e8a)
GPU 1: NVIDIA H100 NVL (UUID: GPU-eaa03982-4105-4fd4-05b4-dfe14a5475f9)
GPU 2: NVIDIA H100 NVL (UUID: GPU-c8d1c94c-c938-e03b-b589-eac076bd5f3f)
  MIG 2g.24gb     Device  0: (UUID: MIG-bbe93c91-7dfa-5181-9573-fffd3e3ea5ce)
GPU 3: NVIDIA H100 NVL (UUID: GPU-11c2853b-6154-8665-333f-81dc10b2382c)
task 3: sub16 own protocol p14 slice 24 -> results/tofts_vs_patlak/p14/invivo_prod_ks5_sub16wd/sub16_sl24_s0
device=cuda
model=wire_ff_subspace rank16 h512 d12 w062 | FF k256/5 t32/1.5 | dcf_pow 0 env 0.75 | 10000 steps, batch 65536, split 0.7
    explicit heldout: 215 VAL spokes
    spoke-reduction: 1727 acquired spokes, 7073792 samples, heldout=yes (same input as CS)
wandb: [wandb.login()] Loaded credentials for https://api.wandb.ai from /home/P101440/.netrc.
wandb: Currently logged in as: spshenov (spshenov-university-of-amsterdam) to https://api.wandb.ai. Use `wandb login --relogin` to force relogin
wandb: setting up run pkivm0dn
wandb: Tracking run with wandb version 0.25.0
wandb: Run data is saved locally in results/tofts_vs_patlak/p14/invivo_prod_ks5_sub16wd/sub16_sl24_s0/wandb_runs/wandb/run-20261002_195206-pkivm0dn
wandb: Run `wandb offline` to turn off syncing.
wandb: Syncing run gnik_sub16_sl24_s0_s24
wandb: ⭐️ View project at https://wandb.ai/spshenov-university-of-amsterdam/DCE_NIK
wandb: 🚀 View run at https://wandb.ai/spshenov-university-of-amsterdam/DCE_NIK/runs/pkivm0dn
[wandb] gnik_sub16_sl24_s0_s24: mode online
    warmstarted Phi from PCA basis (rank 16, 100 frames, fit MSE 3.554e-04)
    [coef-tv] grid 512 every 32 weight 0 delta 0.1
    [support] mask orientation rot180 (inside-energy fractions now, untrained model: {'id': 0.858, 'rot180': 0.858, 'fliplr': 0.858, 'flipud': 0.857})
/net/beegfs/users/P101440/DCE_NIK/train_grasp_nik.py:336: UserWarning: Converting a tensor with requires_grad=True to a scalar may lead to unexpected behavior.
Consider using tensor.detach() first. (Triggered internally at /pytorch/torch/csrc/autograd/generated/python_variable_methods.cpp:836.)
  (scale_tv * pen + scale_sup * pen_s).backward(); tot += float(pen); tot_s += float(pen_s)
    step   1000  train 5.444e-01  heldout 3.395e-01
    step   2000  train 3.103e-01  heldout 2.250e-01
    step   3000  train 2.652e-01  heldout 1.992e-01
    step   4000  train 2.517e-01  heldout 1.909e-01
    step   5000  train 2.356e-01  heldout 1.813e-01
    step   6000  train 2.234e-01  heldout 1.769e-01
    step   7000  train 2.161e-01  heldout 1.750e-01
    step   8000  train 2.101e-01  heldout 1.691e-01
    step   9000  train 2.081e-01  heldout 1.688e-01
    step  10000  train 1.995e-01  heldout 1.667e-01
    final weights kept (best heldout 1.667e-01 at step 10000)
    RESOURCES slice 24: peak_gpu_MB 12838 params 5558016 best_heldout 1.6674e-01
wandb: updating run metadata
wandb: 
wandb: Run history:
wandb: best_heldout_mse  █▅▄▃▂▂▁▁▁
wandb:        best_step ▁▂▃▄▅▅▆▇▇█
wandb:          coef_tv ▁▁▁▁▁▁▁▁▁▁
wandb:      heldout_mse █▃▂▂▂▁▁▁▁▁
wandb:             loss █▃▂▂▂▁▁▁▁▁
wandb:               lr ▁▁▁▁▁▁▁▁▁▁
wandb:      peak_gpu_mb ▁█████████
wandb:            pisco ▁▁▁▁▁▁▁▁▁▁
wandb:          support █▄▃▂▂▁▁▁▁▁
wandb:        val_knmse █▃▂▂▂▁▁▁▁▁
wandb:               +1 ...
wandb: 
wandb: Run summary:
wandb: best_heldout_mse 0.16674
wandb:        best_step 10000
wandb:          coef_tv 0
wandb:      heldout_mse 0.16674
wandb:             loss 0.19948
wandb:               lr 1e-05
wandb:           params 5558016
wandb:      peak_gpu_mb 12838.00977
wandb:            pisco 0
wandb:          support 0.0024
wandb:               +3 ...
wandb: 
wandb: 🚀 View run gnik_sub16_sl24_s0_s24 at: https://wandb.ai/spshenov-university-of-amsterdam/DCE_NIK/runs/pkivm0dn
wandb: ⭐️ View project at: https://wandb.ai/spshenov-university-of-amsterdam/DCE_NIK
wandb: Synced 5 W&B file(s), 0 media file(s), 0 artifact file(s) and 0 other file(s)
wandb: Find logs at: results/tofts_vs_patlak/p14/invivo_prod_ks5_sub16wd/sub16_sl24_s0/wandb_runs/wandb/run-20261002_195206-pkivm0dn/logs
slice 24  nik (256, 256, 431)  (5756s)  vs CS: corr 0.958  nrmse 0.197
done 5760s -> results/tofts_vs_patlak/p14/invivo_prod_ks5_sub16wd/sub16_sl24_s0
[W1002 21:28:03.932641003 AllocatorConfig.cpp:28] Warning: PYTORCH_CUDA_ALLOC_CONF is deprecated, use PYTORCH_ALLOC_CONF instead (function operator())
2026-10-02 21:28:03 TRAIN_DONE sub16wd p14 sl24 exit 0
