2026-10-03 00:01:10 host gpu03.cluster job 3447048 task 1 stage train
GPU 0: NVIDIA H100 NVL (UUID: GPU-ba65053c-72ed-1c58-80be-07549e6f1e8a)
GPU 1: NVIDIA H100 NVL (UUID: GPU-eaa03982-4105-4fd4-05b4-dfe14a5475f9)
  MIG 2g.24gb     Device  0: (UUID: MIG-7fdc2adf-8d97-57e9-a2a9-0e63797cb117)
GPU 2: NVIDIA H100 NVL (UUID: GPU-c8d1c94c-c938-e03b-b589-eac076bd5f3f)
GPU 3: NVIDIA H100 NVL (UUID: GPU-11c2853b-6154-8665-333f-81dc10b2382c)
task 1: sub16 wd3e-3 prior w0_10 (--phi-w0 10) -> results/tofts_vs_patlak/sub16_osc/w0_10/sub16_sl21_s0
device=cuda
model=wire_ff_subspace rank16 h512 d12 w062 | FF k256/2.5 t32/1.5 | dcf_pow 0 env 0.75 | 10000 steps, batch 65536, split 0.7
    explicit heldout: 170 VAL spokes
    spoke-reduction: 1368 acquired spokes, 4202496 samples, heldout=yes (same input as CS)
wandb: [wandb.login()] Loaded credentials for https://api.wandb.ai from /home/P101440/.netrc.
wandb: Currently logged in as: spshenov (spshenov-university-of-amsterdam) to https://api.wandb.ai. Use `wandb login --relogin` to force relogin
wandb: setting up run 1dmkslrl
wandb: Tracking run with wandb version 0.25.0
wandb: Run data is saved locally in results/tofts_vs_patlak/sub16_osc/w0_10/sub16_sl21_s0/wandb_runs/wandb/run-20261003_000117-1dmkslrl
wandb: Run `wandb offline` to turn off syncing.
wandb: Syncing run gnik_sub16_sl21_s0_s21
wandb: ⭐️ View project at https://wandb.ai/spshenov-university-of-amsterdam/DCE_NIK
wandb: 🚀 View run at https://wandb.ai/spshenov-university-of-amsterdam/DCE_NIK/runs/1dmkslrl
[wandb] gnik_sub16_sl21_s0_s21: mode online
    warmstarted Phi from PCA basis (rank 16, 100 frames, fit MSE 1.864e-03)
    [coef-tv] grid 384 every 32 weight 0 delta 0.1
    [support] mask orientation rot180 (inside-energy fractions now, untrained model: {'id': 0.9, 'rot180': 0.9, 'fliplr': 0.9, 'flipud': 0.898})
/net/beegfs/users/P101440/DCE_NIK/train_grasp_nik.py:336: UserWarning: Converting a tensor with requires_grad=True to a scalar may lead to unexpected behavior.
Consider using tensor.detach() first. (Triggered internally at /pytorch/torch/csrc/autograd/generated/python_variable_methods.cpp:836.)
  (scale_tv * pen + scale_sup * pen_s).backward(); tot += float(pen); tot_s += float(pen_s)
    step   1000  train 8.092e-01  heldout 5.032e-01
    step   2000  train 5.135e-01  heldout 4.524e-01
    step   3000  train 4.135e-01  heldout 4.397e-01
    step   4000  train 3.450e-01  heldout 4.294e-01
    step   5000  train 3.103e-01  heldout 4.200e-01
    step   6000  train 2.709e-01  heldout 4.140e-01
    step   7000  train 2.587e-01  heldout 4.074e-01
    step   8000  train 2.162e-01  heldout 4.005e-01
    step   9000  train 2.320e-01  heldout 4.033e-01
    step  10000  train 2.245e-01  heldout 3.992e-01
    final weights kept (best heldout 3.992e-01 at step 10000)
    RESOURCES slice 21: peak_gpu_MB 12462 params 5558016 best_heldout 3.9919e-01
wandb: updating run metadata
wandb: uploading output.log; uploading wandb-summary.json; uploading config.yaml
wandb: 
wandb: Run history:
wandb: best_heldout_mse  █▆▅▄▃▂▁▁▁
wandb:        best_step ▁▂▃▄▅▅▆▇▇█
wandb:          coef_tv ▁▁▁▁▁▁▁▁▁▁
wandb:      heldout_mse █▅▄▃▂▂▂▁▁▁
wandb:             loss █▅▃▃▂▂▂▁▁▁
wandb:               lr ▁▁▁▁▁▁▁▁▁▁
wandb:      peak_gpu_mb ▁█████████
wandb:            pisco ▁▁▁▁▁▁▁▁▁▁
wandb:          support █▃▂▁▁▁▁▁▁▁
wandb:        val_knmse █▅▄▃▂▂▂▁▁▁
wandb:               +1 ...
wandb: 
wandb: Run summary:
wandb: best_heldout_mse 0.39919
wandb:        best_step 10000
wandb:          coef_tv 0
wandb:      heldout_mse 0.39919
wandb:             loss 0.22454
wandb:               lr 1e-05
wandb:           params 5558016
wandb:      peak_gpu_mb 12462.20801
wandb:            pisco 0
wandb:          support 0.00406
wandb:               +3 ...
wandb: 
wandb: 🚀 View run gnik_sub16_sl21_s0_s21 at: https://wandb.ai/spshenov-university-of-amsterdam/DCE_NIK/runs/1dmkslrl
wandb: ⭐️ View project at: https://wandb.ai/spshenov-university-of-amsterdam/DCE_NIK
wandb: Synced 5 W&B file(s), 0 media file(s), 0 artifact file(s) and 0 other file(s)
wandb: Find logs at: results/tofts_vs_patlak/sub16_osc/w0_10/sub16_sl21_s0/wandb_runs/wandb/run-20261003_000117-1dmkslrl/logs
slice 21  nik (192, 192, 342)  (3993s)  vs CS: corr 0.953  nrmse 0.222
done 3994s -> results/tofts_vs_patlak/sub16_osc/w0_10/sub16_sl21_s0
[W1003 01:07:48.686987707 AllocatorConfig.cpp:28] Warning: PYTORCH_CUDA_ALLOC_CONF is deprecated, use PYTORCH_ALLOC_CONF instead (function operator())
2026-10-03 01:07:48 TRAIN_DONE sub16osc w0_10 exit 0
