2026-10-03 00:01:10 host gpu03.cluster job 3447047 task 0 stage train
GPU 0: NVIDIA H100 NVL (UUID: GPU-ba65053c-72ed-1c58-80be-07549e6f1e8a)
  MIG 2g.24gb     Device  0: (UUID: MIG-f328f7be-cd56-503a-9bd5-4e010efe4fe5)
GPU 1: NVIDIA H100 NVL (UUID: GPU-eaa03982-4105-4fd4-05b4-dfe14a5475f9)
GPU 2: NVIDIA H100 NVL (UUID: GPU-c8d1c94c-c938-e03b-b589-eac076bd5f3f)
GPU 3: NVIDIA H100 NVL (UUID: GPU-11c2853b-6154-8665-333f-81dc10b2382c)
Submitted batch job 3447049
eval chained afterany 3447046
task 0: sub16 wd3e-3 prior nowarm (--no-warmstart) -> results/tofts_vs_patlak/sub16_osc/nowarm/sub16_sl21_s0
error    libmamba Could not set lock (Resource temporarily unavailable)
warning  libmamba Cannot lock '/home/P101440/.cache/mamba/proc'
    Waiting for other mamba process to finish
device=cuda
model=wire_ff_subspace rank16 h512 d12 w062 | FF k256/2.5 t32/1.5 | dcf_pow 0 env 0.75 | 10000 steps, batch 65536, split 0.7
    explicit heldout: 170 VAL spokes
    spoke-reduction: 1368 acquired spokes, 4202496 samples, heldout=yes (same input as CS)
wandb: [wandb.login()] Loaded credentials for https://api.wandb.ai from /home/P101440/.netrc.
wandb: Currently logged in as: spshenov (spshenov-university-of-amsterdam) to https://api.wandb.ai. Use `wandb login --relogin` to force relogin
wandb: setting up run s3kbaiae
wandb: Tracking run with wandb version 0.25.0
wandb: Run data is saved locally in results/tofts_vs_patlak/sub16_osc/nowarm/sub16_sl21_s0/wandb_runs/wandb/run-20261003_000117-s3kbaiae
wandb: Run `wandb offline` to turn off syncing.
wandb: Syncing run gnik_sub16_sl21_s0_s21
wandb: ⭐️ View project at https://wandb.ai/spshenov-university-of-amsterdam/DCE_NIK
wandb: 🚀 View run at https://wandb.ai/spshenov-university-of-amsterdam/DCE_NIK/runs/s3kbaiae
[wandb] gnik_sub16_sl21_s0_s21: mode online
    [coef-tv] grid 384 every 32 weight 0 delta 0.1
    [support] mask orientation rot180 (inside-energy fractions now, untrained model: {'id': 0.828, 'rot180': 0.829, 'fliplr': 0.826, 'flipud': 0.824})
/net/beegfs/users/P101440/DCE_NIK/train_grasp_nik.py:336: UserWarning: Converting a tensor with requires_grad=True to a scalar may lead to unexpected behavior.
Consider using tensor.detach() first. (Triggered internally at /pytorch/torch/csrc/autograd/generated/python_variable_methods.cpp:836.)
  (scale_tv * pen + scale_sup * pen_s).backward(); tot += float(pen); tot_s += float(pen_s)
    step   1000  train 7.258e-01  heldout 4.841e-01
    step   2000  train 4.816e-01  heldout 4.479e-01
    step   3000  train 3.803e-01  heldout 4.302e-01
    step   4000  train 3.134e-01  heldout 4.131e-01
    step   5000  train 2.877e-01  heldout 3.998e-01
    step   6000  train 2.557e-01  heldout 3.889e-01
    step   7000  train 2.410e-01  heldout 3.799e-01
    step   8000  train 2.203e-01  heldout 3.722e-01
    step   9000  train 1.933e-01  heldout 3.664e-01
    step  10000  train 2.136e-01  heldout 3.692e-01
    final weights kept (best heldout 3.664e-01 at step 9000)
    RESOURCES slice 21: peak_gpu_MB 12462 params 5558016 best_heldout 3.6643e-01
wandb: updating run metadata
wandb: uploading output.log; uploading wandb-summary.json; uploading config.yaml
wandb: uploading history steps 9-9, summary, console lines 17-17
wandb: 
wandb: Run history:
wandb: best_heldout_mse  █▆▅▄▃▂▁▁▁
wandb:        best_step ▁▃▃▄▅▆▆▇██
wandb:          coef_tv ▁▁▁▁▁▁▁▁▁▁
wandb:      heldout_mse █▆▅▄▃▂▂▁▁▁
wandb:             loss █▅▃▃▂▂▂▁▁▁
wandb:               lr ▁▁▁▁▁▁▁▁▁▁
wandb:      peak_gpu_mb ▁█████████
wandb:            pisco ▁▁▁▁▁▁▁▁▁▁
wandb:          support █▃▂▁▁▁▁▁▁▁
wandb:        val_knmse █▆▅▄▃▂▂▁▁▁
wandb:               +1 ...
wandb: 
wandb: Run summary:
wandb: best_heldout_mse 0.36643
wandb:        best_step 9000
wandb:          coef_tv 0
wandb:      heldout_mse 0.36918
wandb:             loss 0.21361
wandb:               lr 1e-05
wandb:           params 5558016
wandb:      peak_gpu_mb 12462.20801
wandb:            pisco 0
wandb:          support 0.00371
wandb:               +3 ...
wandb: 
wandb: 🚀 View run gnik_sub16_sl21_s0_s21 at: https://wandb.ai/spshenov-university-of-amsterdam/DCE_NIK/runs/s3kbaiae
wandb: ⭐️ View project at: https://wandb.ai/spshenov-university-of-amsterdam/DCE_NIK
wandb: Synced 5 W&B file(s), 0 media file(s), 0 artifact file(s) and 0 other file(s)
wandb: Find logs at: results/tofts_vs_patlak/sub16_osc/nowarm/sub16_sl21_s0/wandb_runs/wandb/run-20261003_000117-s3kbaiae/logs
slice 21  nik (192, 192, 342)  (4021s)  vs CS: corr 0.950  nrmse 0.229
done 4021s -> results/tofts_vs_patlak/sub16_osc/nowarm/sub16_sl21_s0
[W1003 01:08:15.982804361 AllocatorConfig.cpp:28] Warning: PYTORCH_CUDA_ALLOC_CONF is deprecated, use PYTORCH_ALLOC_CONF instead (function operator())
2026-10-03 01:08:15 TRAIN_DONE sub16osc nowarm exit 0
