{'label': 'sub16 wd3e-3+prior', 'frames': 342, 'aorta_ripple': 0.12262876624175542, 'aorta_corr_nav': -0.5875125634233861, 'aorta_nrmse': 0.9248892065169357, 'aorta_nrmse_smoothed': 0.9268465562308897, 'cortex_ripple': 0.03931028584894687, 'cortex_corr_nav': -0.39654572624839834, 'cortex_nrmse': 0.9177334808912513, 'cortex_nrmse_smoothed': 0.9184244339264088, 'medulla_ripple': 0.05033462475565245, 'medulla_corr_nav': 0.5618802370165104, 'medulla_nrmse': 0.9140216816150458, 'medulla_nrmse_smoothed': 0.9149463172653142}
{'label': 'sub16 nowarm', 'frames': 342, 'aorta_ripple': 0.04738013127041507, 'aorta_corr_nav': -0.08739861152452377, 'aorta_nrmse': 0.9218958643340277, 'aorta_nrmse_smoothed': 0.9235302995787839, 'cortex_ripple': 0.018476874548853137, 'cortex_corr_nav': -0.035503621321380886, 'cortex_nrmse': 0.9244718204994203, 'cortex_nrmse_smoothed': 0.924679815003567, 'medulla_ripple': 0.016466363426939256, 'medulla_corr_nav': 0.008243374273713328, 'medulla_nrmse': 0.9178279969972344, 'medulla_nrmse_smoothed': 0.917969853688527}
{'label': 'sub16 w0_10', 'frames': 342, 'aorta_ripple': 0.021242517415779132, 'aorta_corr_nav': -0.0047500491429726165, 'aorta_nrmse': 0.9258958505307767, 'aorta_nrmse_smoothed': 0.9260221091380338, 'cortex_ripple': 0.007024872312752729, 'cortex_corr_nav': -0.0015028703158593416, 'cortex_nrmse': 0.9217488697756072, 'cortex_nrmse_smoothed': 0.9219288284154107, 'medulla_ripple': 0.005643304519314364, 'medulla_corr_nav': -0.0008992626500962741, 'medulla_nrmse': 0.9131745992637422, 'medulla_nrmse_smoothed': 0.9134017889326665}
{'label': 'tofts8', 'frames': 342, 'aorta_ripple': 0.047819613332914034, 'aorta_corr_nav': -0.007365233997126354, 'aorta_nrmse': 0.9116551011804315, 'aorta_nrmse_smoothed': 0.9130357151676858, 'cortex_ripple': 0.012500527057672352, 'cortex_corr_nav': 0.0012901918339176682, 'cortex_nrmse': 0.905841575714391, 'cortex_nrmse_smoothed': 0.9059108142203454, 'medulla_ripple': 0.008635623988373664, 'medulla_corr_nav': 0.009051816175607949, 'medulla_nrmse': 0.9032369804038024, 'medulla_nrmse_smoothed': 0.9032970144932588}
{'label': 'NIK-free', 'frames': 342, 'aorta_ripple': 0.023840277064967073, 'aorta_corr_nav': -0.004285389567226773, 'aorta_nrmse': 0.9172663071872601, 'aorta_nrmse_smoothed': 0.9177673262833447, 'cortex_ripple': 0.005624821727026816, 'cortex_corr_nav': 0.015271701019541912, 'cortex_nrmse': 0.9162603518851431, 'cortex_nrmse_smoothed': 0.9163345865963792, 'medulla_ripple': 0.003733267574706396, 'medulla_corr_nav': 0.041482759976445634, 'medulla_nrmse': 0.9096115714465077, 'medulla_nrmse_smoothed': 0.9095450323411683}
{'label': 'GRASP', 'frames': 142, 'aorta_ripple': 0.13706665461379763, 'aorta_corr_nav': -0.01507725730265163, 'aorta_nrmse': 0.9439542711733554, 'aorta_nrmse_smoothed': 0.9443616986394731, 'cortex_ripple': 0.029785920508380793, 'cortex_corr_nav': -0.0011314115345303227, 'cortex_nrmse': 0.9368464684396537, 'cortex_nrmse_smoothed': 0.9369165022199604, 'medulla_ripple': 0.01309375991889441, 'medulla_corr_nav': 0.04413800637176908, 'medulla_nrmse': 0.934243447313447, 'medulla_nrmse_smoothed': 0.9342677046087601}
# ripple vs respiration, p3 slice 21: ripple = high-pass temporal std / mean; corr_nav = correlation of the high-passed curve with the k-centre respiratory navigator; nrmse vs model-free before / after smoothing the recon curve with the reference window (6.8 s)

| recon | frames | aorta_ripple | cortex_ripple | medulla_ripple | aorta_corr_nav | cortex_corr_nav | medulla_corr_nav | aorta_nrmse | cortex_nrmse | medulla_nrmse | aorta_nrmse_smoothed | cortex_nrmse_smoothed | medulla_nrmse_smoothed |
|---|---|---|---|---|---|---|---|---|---|---|---|---|---|
| model-free 31-spoke (control) | - | 0.108 | 0.027 | 0.021 | 0.025 | -0.135 | 0.505 | - | - | - | - | - | - |
| sub16 wd3e-3+prior | 342 | 0.123 | 0.039 | 0.050 | -0.588 | -0.397 | 0.562 | 0.925 | 0.918 | 0.914 | 0.927 | 0.918 | 0.915 |
| sub16 nowarm | 342 | 0.047 | 0.018 | 0.016 | -0.087 | -0.036 | 0.008 | 0.922 | 0.924 | 0.918 | 0.924 | 0.925 | 0.918 |
| sub16 w0_10 | 342 | 0.021 | 0.007 | 0.006 | -0.005 | -0.002 | -0.001 | 0.926 | 0.922 | 0.913 | 0.926 | 0.922 | 0.913 |
| tofts8 | 342 | 0.048 | 0.013 | 0.009 | -0.007 | 0.001 | 0.009 | 0.912 | 0.906 | 0.903 | 0.913 | 0.906 | 0.903 |
| NIK-free | 342 | 0.024 | 0.006 | 0.004 | -0.004 | 0.015 | 0.041 | 0.917 | 0.916 | 0.910 | 0.918 | 0.916 | 0.910 |
| GRASP | 142 | 0.137 | 0.030 | 0.013 | -0.015 | -0.001 | 0.044 | 0.944 | 0.937 | 0.934 | 0.944 | 0.937 | 0.934 |
RIPPLE_DONE
P3 exit 0
{'label': 'sub16 wd3e-3+prior', 'frames': 431, 'aorta_ripple': 0.04257961464731561, 'aorta_corr_nav': -0.020279118136720963, 'aorta_nrmse': 0.9529682877671586, 'aorta_nrmse_smoothed': 0.9552211642719978, 'liver_ripple': 0.020716831395879074, 'liver_corr_nav': -0.04290619313321573, 'liver_nrmse': 0.9224692770523564, 'liver_nrmse_smoothed': 0.9225743639356286, 'spleen_ripple': 0.020895366466634285, 'spleen_corr_nav': -0.03684661827225668, 'spleen_nrmse': 0.9415719001957661, 'spleen_nrmse_smoothed': 0.9413276606026122}
{'label': 'tofts8', 'frames': 431, 'aorta_ripple': 0.014063273374246675, 'aorta_corr_nav': -0.004802656061994727, 'aorta_nrmse': 0.9073601287991406, 'aorta_nrmse_smoothed': 0.9075059835358411, 'liver_ripple': 0.003074530214347426, 'liver_corr_nav': 0.009618515351734412, 'liver_nrmse': 0.9023097580931101, 'liver_nrmse_smoothed': 0.9023250198493016, 'spleen_ripple': 0.005004152774406828, 'spleen_corr_nav': -0.0013071301943156325, 'spleen_nrmse': 0.9151543703524007, 'spleen_nrmse_smoothed': 0.9152006159987611}
{'label': 'NIK-free', 'frames': 431, 'aorta_ripple': 0.004185065209297123, 'aorta_corr_nav': 0.006591267752269031, 'aorta_nrmse': 0.9218435854463535, 'aorta_nrmse_smoothed': 0.9219656948128766, 'liver_ripple': 0.0010133863392502208, 'liver_corr_nav': -0.011890273301013936, 'liver_nrmse': 0.9022476506082296, 'liver_nrmse_smoothed': 0.9023464181146837, 'spleen_ripple': 0.0016467351707166852, 'spleen_corr_nav': -0.012156837049307761, 'spleen_nrmse': 0.9163754573017489, 'spleen_nrmse_smoothed': 0.9164070024855341}
{'label': 'GRASP', 'frames': 179, 'aorta_ripple': 0.023216080947974584, 'aorta_corr_nav': -0.004869321933827736, 'aorta_nrmse': 0.9375942303432596, 'aorta_nrmse_smoothed': 0.9377226093025389, 'liver_ripple': 0.0038931063722415903, 'liver_corr_nav': 0.02972722748827002, 'liver_nrmse': 0.9345509274375665, 'liver_nrmse_smoothed': 0.9345510051988116, 'spleen_ripple': 0.008936252420728253, 'spleen_corr_nav': 0.005350031581297267, 'spleen_nrmse': 0.9347932966228283, 'spleen_nrmse_smoothed': 0.934877933357016}
# ripple vs respiration, p14 slice 24: ripple = high-pass temporal std / mean; corr_nav = correlation of the high-passed curve with the k-centre respiratory navigator; nrmse vs model-free before / after smoothing the recon curve with the reference window (5.6 s)

| recon | frames | aorta_ripple | liver_ripple | spleen_ripple | aorta_corr_nav | liver_corr_nav | spleen_corr_nav | aorta_nrmse | liver_nrmse | spleen_nrmse | aorta_nrmse_smoothed | liver_nrmse_smoothed | spleen_nrmse_smoothed |
|---|---|---|---|---|---|---|---|---|---|---|---|---|---|
| model-free 31-spoke (control) | - | 0.047 | 0.017 | 0.024 | 0.094 | -0.193 | -0.029 | - | - | - | - | - | - |
| sub16 wd3e-3+prior | 431 | 0.043 | 0.021 | 0.021 | -0.020 | -0.043 | -0.037 | 0.953 | 0.922 | 0.942 | 0.955 | 0.923 | 0.941 |
| tofts8 | 431 | 0.014 | 0.003 | 0.005 | -0.005 | 0.010 | -0.001 | 0.907 | 0.902 | 0.915 | 0.908 | 0.902 | 0.915 |
| NIK-free | 431 | 0.004 | 0.001 | 0.002 | 0.007 | -0.012 | -0.012 | 0.922 | 0.902 | 0.916 | 0.922 | 0.902 | 0.916 |
| GRASP | 179 | 0.023 | 0.004 | 0.009 | -0.005 | 0.030 | 0.005 | 0.938 | 0.935 | 0.935 | 0.938 | 0.935 | 0.935 |
RIPPLE_DONE
P14 exit 0
