2026-10-05 21:56:58 host gpu03.cluster job 3467051
GPU 0: NVIDIA H100 NVL (UUID: GPU-ba65053c-72ed-1c58-80be-07549e6f1e8a)
GPU 1: NVIDIA H100 NVL (UUID: GPU-eaa03982-4105-4fd4-05b4-dfe14a5475f9)
GPU 2: NVIDIA H100 NVL (UUID: GPU-c8d1c94c-c938-e03b-b589-eac076bd5f3f)
  MIG 1g.12gb     Device  0: (UUID: MIG-9841794e-0a23-5928-8cd0-5866c7337a38)
GPU 3: NVIDIA H100 NVL (UUID: GPU-11c2853b-6154-8665-333f-81dc10b2382c)
# artifacts at contrast arrival, p3 slice 21; arrival 55 s, aif peak 64 s; windows pre 0-40 s, arrival 50-75 s, plateau 90-150 s, late 200-375 s

## (1) artifact level per window (air energy / fine-scale fraction / temporal roughness)

| arm | pre | arrival | plateau | late |
|---|---|---|---|---|
| model-free 31-spoke | 0.563 / 0.323 / 0.234 | 0.545 / 0.343 / 0.261 | 0.464 / 0.316 / 0.244 | 0.459 / 0.300 / 0.234 |
| tofts8 in-coil+prior | 0.157 / 0.226 / 0.002 | 0.165 / 0.263 / 0.050 | 0.132 / 0.240 / 0.007 | 0.135 / 0.224 / 0.003 |
| tofts8 out-coil+prior | 0.162 / 0.222 / 0.001 | 0.157 / 0.253 / 0.036 | 0.133 / 0.237 / 0.005 | 0.136 / 0.221 / 0.002 |
| patlak+prior | 0.149 / 0.236 / 0.000 | 0.141 / 0.265 / 0.016 | 0.123 / 0.232 / 0.001 | 0.123 / 0.217 / 0.001 |
| sub16 (wd 3e-3)+prior | 0.166 / 0.265 / 0.093 | 0.161 / 0.276 / 0.103 | 0.143 / 0.256 / 0.089 | 0.142 / 0.254 / 0.089 |
| NIK-free | 0.212 / 0.246 / 0.024 | 0.198 / 0.269 / 0.018 | 0.176 / 0.253 / 0.015 | 0.175 / 0.235 / 0.015 |
| GRASP | 0.173 / 0.184 / 0.024 | 0.154 / 0.214 / 0.026 | 0.135 / 0.199 / 0.021 | 0.137 / 0.184 / 0.021 |
| GRASP-Pro | 0.221 / 0.251 / 0.087 | 0.191 / 0.252 / 0.103 | 0.159 / 0.236 / 0.113 | 0.160 / 0.240 / 0.117 |

## (2) tofts8 in-coil+prior: per-atom coefficient images

| atom | n_eff spokes | air energy | fine fraction | rms body | share at arrival | share late |
|---|---|---|---|---|---|---|
| 0 | 427 | 0.114 | 0.220 | 4.28e-05 | 0.54 | 0.51 |
| 1 | 440 | 0.160 | 0.239 | 2.01e-05 | 0.24 | 0.41 |
| 2 | 254 | 0.151 | 0.227 | 1.64e-05 | 0.11 | 0.03 |
| 3 | 195 | 0.284 | 0.363 | 4.17e-06 | 0.06 | 0.02 |
| 4 | 71 | 0.282 | 0.382 | 2.37e-06 | 0.01 | 0.00 |
| 5 | 143 | 0.450 | 0.430 | 2.89e-06 | 0.01 | 0.02 |
| 6 | 136 | 0.376 | 0.429 | 2.42e-06 | 0.01 | 0.01 |
| 7 | 439 | 0.568 | 0.474 | 2.95e-06 | 0.02 | 0.00 |

## (3) tofts8 in-coil+prior: k-space residual per spoke by window

| window | spokes | NMSE | MSE (normalized) |
|---|---|---|---|
| pre | 147 | 0.4739 | 0.4224 |
| arrival | 90 | 0.3205 | 0.3449 |
| plateau | 219 | 0.4053 | 0.5393 |
| late | 638 | 0.4460 | 0.6016 |
ARRIVAL_DONE
P3 exit 0
# artifacts at contrast arrival, p3 slice 21; arrival 55 s, aif peak 64 s; windows pre 0-40 s, arrival 50-75 s, plateau 90-150 s, late 200-375 s

## (1) artifact level per window (air energy / fine-scale fraction / temporal roughness)

| arm | pre | arrival | plateau | late |
|---|---|---|---|---|
| model-free 31-spoke | 0.563 / 0.323 / 0.234 | 0.545 / 0.343 / 0.261 | 0.464 / 0.316 / 0.244 | 0.459 / 0.300 / 0.234 |
| patlak+prior | 0.149 / 0.236 / 0.000 | 0.141 / 0.265 / 0.016 | 0.123 / 0.232 / 0.001 | 0.123 / 0.217 / 0.001 |

## (2) patlak+prior: per-atom coefficient images

| atom | n_eff spokes | air energy | fine fraction | rms body | share at arrival | share late |
|---|---|---|---|---|---|---|
| 0 | 427 | 0.141 | 0.399 | 2.78e-05 | 0.42 | 0.10 |
| 1 | 773 | 0.288 | 0.313 | 2.41e-05 | 0.02 | 0.32 |
| 2 | 1368 | 0.149 | 0.236 | 3.66e-05 | 0.56 | 0.58 |

## (3) patlak+prior: k-space residual per spoke by window

| window | spokes | NMSE | MSE (normalized) |
|---|---|---|---|
| pre | 147 | 0.5343 | 0.5459 |
| arrival | 90 | 0.4666 | 0.5602 |
| plateau | 219 | 0.4970 | 0.7526 |
| late | 638 | 0.4993 | 0.7318 |
ARRIVAL_DONE
P3 patlak exit 0
# artifacts at contrast arrival, p14 slice 24; arrival 40 s, aif peak 49 s; windows pre 0-40 s, arrival 35-60 s, plateau 90-150 s, late 200-390 s

## (1) artifact level per window (air energy / fine-scale fraction / temporal roughness)

| arm | pre | arrival | plateau | late |
|---|---|---|---|---|
| model-free 31-spoke | 0.576 / 0.334 / 0.294 | 0.543 / 0.337 / 0.309 | 0.447 / 0.304 / 0.294 | 0.467 / 0.308 / 0.284 |
| tofts8 in-coil+prior | 0.136 / 0.227 / 0.003 | 0.182 / 0.244 / 0.058 | 0.111 / 0.197 / 0.006 | 0.112 / 0.200 / 0.005 |
| tofts8 out-coil+prior | 0.132 / 0.221 / 0.002 | 0.159 / 0.231 / 0.040 | 0.109 / 0.201 / 0.004 | 0.109 / 0.205 / 0.003 |
| patlak+prior | 0.132 / 0.216 / 0.001 | 0.118 / 0.205 / 0.015 | 0.116 / 0.200 / 0.001 | 0.114 / 0.196 / 0.001 |
| sub16 (wd 3e-3)+prior | 0.158 / 0.234 / 0.080 | 0.156 / 0.230 / 0.079 | 0.136 / 0.212 / 0.074 | 0.140 / 0.217 / 0.075 |
| NIK-free | 0.208 / 0.244 / 0.016 | 0.195 / 0.244 / 0.014 | 0.154 / 0.196 / 0.011 | 0.162 / 0.207 / 0.010 |
| GRASP | 0.187 / 0.202 / 0.030 | 0.165 / 0.201 / 0.034 | 0.132 / 0.173 / 0.027 | 0.142 / 0.173 / 0.026 |
| GRASP-Pro | 0.149 / 0.237 / 0.087 | 0.159 / 0.238 / 0.099 | 0.148 / 0.228 / 0.093 | 0.147 / 0.227 / 0.092 |

## (2) tofts8 in-coil+prior: per-atom coefficient images

| atom | n_eff spokes | air energy | fine fraction | rms body | share at arrival | share late |
|---|---|---|---|---|---|---|
| 0 | 1167 | 0.110 | 0.198 | 1.65e-05 | 0.56 | 0.68 |
| 1 | 786 | 0.111 | 0.202 | 4.56e-06 | 0.18 | 0.25 |
| 2 | 196 | 0.131 | 0.221 | 4.21e-06 | 0.07 | 0.01 |
| 3 | 144 | 0.131 | 0.191 | 1.62e-06 | 0.14 | 0.02 |
| 4 | 108 | 0.296 | 0.310 | 6.94e-07 | 0.03 | 0.01 |
| 5 | 178 | 0.364 | 0.367 | 6.64e-07 | 0.00 | 0.01 |
| 6 | 230 | 0.413 | 0.416 | 9.67e-07 | 0.01 | 0.00 |
| 7 | 500 | 0.469 | 0.409 | 9.59e-07 | 0.02 | 0.02 |

## (3) tofts8 in-coil+prior: k-space residual per spoke by window

| window | spokes | NMSE | MSE (normalized) |
|---|---|---|---|
| pre | 178 | 0.4585 | 0.4301 |
| arrival | 111 | 0.3903 | 0.3959 |
| plateau | 264 | 0.4246 | 0.5937 |
| late | 840 | 0.4762 | 0.6573 |
ARRIVAL_DONE
P14 exit 0
