2026-10-06 14:13:34 host gpu03.cluster job 3472482 task 1 stage train
GPU 0: NVIDIA H100 NVL (UUID: GPU-ba65053c-72ed-1c58-80be-07549e6f1e8a)
GPU 1: NVIDIA H100 NVL (UUID: GPU-eaa03982-4105-4fd4-05b4-dfe14a5475f9)
GPU 2: NVIDIA H100 NVL (UUID: GPU-c8d1c94c-c938-e03b-b589-eac076bd5f3f)
  MIG 2g.24gb     Device  0: (UUID: MIG-bbe93c91-7dfa-5181-9573-fffd3e3ea5ce)
GPU 3: NVIDIA H100 NVL (UUID: GPU-11c2853b-6154-8665-333f-81dc10b2382c)
task 1: delay-tv weight 1 -> results/tofts_vs_patlak/delay_prior/dly1/tofts8_sl21_s0
device=cuda
model=wire_ff_tofts h512 d12 w062 | FF k256/2.5 t32/1.5 | dcf_pow 0 env 0.75 | 10000 steps, batch 65536, split 0.7
    explicit heldout: 170 VAL spokes
    spoke-reduction: 1368 acquired spokes, 4202496 samples, heldout=yes (same input as CS)
wandb: [wandb.login()] Loaded credentials for https://api.wandb.ai from /home/P101440/.netrc.
wandb: Currently logged in as: spshenov (spshenov-university-of-amsterdam) to https://api.wandb.ai. Use `wandb login --relogin` to force relogin
wandb: setting up run gym9nb64
wandb: Tracking run with wandb version 0.25.0
wandb: Run data is saved locally in results/tofts_vs_patlak/delay_prior/dly1/tofts8_sl21_s0/wandb_runs/wandb/run-20261006_141338-gym9nb64
wandb: Run `wandb offline` to turn off syncing.
wandb: Syncing run gnik_tofts8_sl21_s0_s21
wandb: ⭐️ View project at https://wandb.ai/spshenov-university-of-amsterdam/DCE_NIK
wandb: 🚀 View run at https://wandb.ai/spshenov-university-of-amsterdam/DCE_NIK/runs/gym9nb64
[wandb] gnik_tofts8_sl21_s0_s21: mode online
    [coef-tv] grid 384 every 32 weight 0 delta 0.1
    [support] mask orientation rot180 (inside-energy fractions now, untrained model: {'id': 0.816, 'rot180': 0.815, 'fliplr': 0.815, 'flipud': 0.814})
/net/beegfs/users/P101440/DCE_NIK/train_grasp_nik.py:349: UserWarning: Converting a tensor with requires_grad=True to a scalar may lead to unexpected behavior.
Consider using tensor.detach() first. (Triggered internally at /pytorch/torch/csrc/autograd/generated/python_variable_methods.cpp:836.)
  (scale_tv * pen + scale_sup * pen_s + scale_dly * pen_d).backward(); tot += float(pen); tot_s += float(pen_s); tot_d += float(pen_d)
    step   1000  train 1.139e+00  heldout 6.088e-01
    step   2000  train 9.529e-01  heldout 5.463e-01
    step   3000  train 8.659e-01  heldout 5.383e-01
    step   4000  train 7.953e-01  heldout 5.469e-01
    step   5000  train 7.289e-01  heldout 5.531e-01
    step   6000  train 6.712e-01  heldout 5.697e-01
    step   7000  train 6.329e-01  heldout 5.874e-01
    step   8000  train 5.947e-01  heldout 5.889e-01
    step   9000  train 5.644e-01  heldout 6.050e-01
    step  10000  train 5.512e-01  heldout 6.149e-01
    final weights kept (best heldout 5.383e-01 at step 3000)
    RESOURCES slice 21: peak_gpu_MB 12462 params 5531216 best_heldout 5.3830e-01
wandb: updating run metadata
wandb: uploading output.log; uploading wandb-summary.json; uploading config.yaml
wandb: uploading history steps 9-9, summary, console lines 17-17
wandb: 
wandb: Run history:
wandb: best_heldout_mse  █▁▁▁▁▁▁▁▁
wandb:        best_step ▁▆████████
wandb:          coef_tv ▁▁▁▁▁▁▁▁▁▁
wandb:         delay_tv ▁▃▄▆▇█████
wandb:      heldout_mse ▇▂▁▂▂▄▅▆▇█
wandb:             loss █▆▅▄▃▂▂▂▁▁
wandb:               lr ▁▁▁▁▁▁▁▁▁▁
wandb:      peak_gpu_mb ▁█████████
wandb:            pisco ▁▁▁▁▁▁▁▁▁▁
wandb:          support ▂▁▂▃▄▅▆▇██
wandb:               +2 ...
wandb: 
wandb: Run summary:
wandb: best_heldout_mse 0.5383
wandb:        best_step 3000
wandb:          coef_tv 0
wandb:         delay_tv 0.00598
wandb:      heldout_mse 0.61488
wandb:             loss 0.55121
wandb:               lr 1e-05
wandb:           params 5531216
wandb:      peak_gpu_mb 12461.9126
wandb:            pisco 0
wandb:               +4 ...
wandb: 
wandb: 🚀 View run gnik_tofts8_sl21_s0_s21 at: https://wandb.ai/spshenov-university-of-amsterdam/DCE_NIK/runs/gym9nb64
wandb: ⭐️ View project at: https://wandb.ai/spshenov-university-of-amsterdam/DCE_NIK
wandb: Synced 5 W&B file(s), 0 media file(s), 0 artifact file(s) and 0 other file(s)
wandb: Find logs at: results/tofts_vs_patlak/delay_prior/dly1/tofts8_sl21_s0/wandb_runs/wandb/run-20261006_141338-gym9nb64/logs
slice 21  nik (192, 192, 342)  (3856s)  vs CS: corr 0.957  nrmse 0.213
done 3857s -> results/tofts_vs_patlak/delay_prior/dly1/tofts8_sl21_s0
[W1006 15:17:53.756699419 AllocatorConfig.cpp:28] Warning: PYTORCH_CUDA_ALLOC_CONF is deprecated, use PYTORCH_ALLOC_CONF instead (function operator())
2026-10-06 15:17:53 TRAIN_DONE dly1 exit 0
