2026-10-06 17:11:35 host gpu02.cluster job 3473853 task 2 stage train
GPU 0: NVIDIA H100 NVL (UUID: GPU-8e413919-ea16-cb0a-3a38-410620ba1bbd)
  MIG 2g.24gb     Device  0: (UUID: MIG-281c0c74-ddae-5f82-9b91-3e7d8a855877)
GPU 1: NVIDIA H100 NVL (UUID: GPU-6525825b-42ba-d600-6e82-921c05f7390b)
GPU 2: NVIDIA H100 NVL (UUID: GPU-64ef941c-2af9-b1a4-b0f1-3dea68d79f02)
GPU 3: NVIDIA H100 NVL (UUID: GPU-daac2482-6ad0-32bd-5511-a75765fd3610)
task 2: patlak k100 -> results/tofts_vs_patlak/invivo_k100/patlak_sl21_s0
device=cuda
model=wire_ff_patlak h512 d12 w062 | FF k256/2.5 t32/1.5 | dcf_pow 0 env 0.75 | 10000 steps, batch 65536, split 0.7
    spoke-reduction: 1708 acquired spokes, 5246976 samples, heldout=NO (same input as CS)
wandb: [wandb.login()] Loaded credentials for https://api.wandb.ai from /home/P101440/.netrc.
wandb: Currently logged in as: spshenov (spshenov-university-of-amsterdam) to https://api.wandb.ai. Use `wandb login --relogin` to force relogin
wandb: setting up run s7c9vh4t
wandb: Tracking run with wandb version 0.25.0
wandb: Run data is saved locally in results/tofts_vs_patlak/invivo_k100/patlak_sl21_s0/wandb_runs/wandb/run-20261006_171141-s7c9vh4t
wandb: Run `wandb offline` to turn off syncing.
wandb: Syncing run gnik_patlak_sl21_s0_s21
wandb: ⭐️ View project at https://wandb.ai/spshenov-university-of-amsterdam/DCE_NIK
wandb: 🚀 View run at https://wandb.ai/spshenov-university-of-amsterdam/DCE_NIK/runs/s7c9vh4t
[wandb] gnik_patlak_sl21_s0_s21: mode online
    [coef-tv] grid 384 every 32 weight 0 delta 0.1
/net/beegfs/users/P101440/DCE_NIK/train_grasp_nik.py:416: UserWarning: Converting a tensor with requires_grad=True to a scalar may lead to unexpected behavior.
Consider using tensor.detach() first. (Triggered internally at /pytorch/torch/csrc/autograd/generated/python_variable_methods.cpp:836.)
  _tr_sum += float(loss); _tr_n += 1
    [support] mask orientation rot180 (inside-energy fractions now, untrained model: {'id': 0.818, 'rot180': 0.821, 'fliplr': 0.818, 'flipud': 0.817})
    step   1000  train 9.603e-01  (avg 1.257e+00, no held-out)
    step   2000  train 9.029e-01  (avg 9.326e-01, no held-out)
    step   3000  train 8.649e-01  (avg 8.887e-01, no held-out)
    step   4000  train 8.364e-01  (avg 8.565e-01, no held-out)
    step   5000  train 8.248e-01  (avg 8.342e-01, no held-out)
    step   6000  train 8.059e-01  (avg 8.174e-01, no held-out)
    step   7000  train 7.963e-01  (avg 8.024e-01, no held-out)
    step   8000  train 7.827e-01  (avg 7.890e-01, no held-out)
    step   9000  train 7.708e-01  (avg 7.762e-01, no held-out)
    step  10000  train 7.573e-01  (avg 7.645e-01, no held-out)
    final weights kept (best heldout inf at step 0)
    RESOURCES slice 21: peak_gpu_MB 12480 params 5520966 best_heldout inf
wandb: updating run metadata
wandb: uploading config.yaml; uploading output.log; uploading wandb-summary.json
wandb: 
wandb: Run history:
wandb:     coef_tv ▁▁▁▁▁▁▁▁▁▁
wandb:    delay_tv ▁▁▁▁▁▁▁▁▁▁
wandb:        loss █▆▅▄▃▃▂▂▁▁
wandb:          lr ▁▁▁▁▁▁▁▁▁▁
wandb: peak_gpu_mb ▁▁▁▁▁▁▁▁▁▁
wandb:     support ▆▁▁▂▃▃▅▆▇█
wandb:   train_avg █▃▃▂▂▂▂▁▁▁
wandb:      wall_s ▁▂▃▃▄▅▆▆▇█
wandb: 
wandb: Run summary:
wandb: best_heldout_mse inf
wandb:        best_step 0
wandb:          coef_tv 0
wandb:         delay_tv 0
wandb:             loss 0.75733
wandb:               lr 1e-05
wandb:           params 5520966
wandb:      peak_gpu_mb 12479.71777
wandb:          support 0.04628
wandb:        train_avg 0.76447
wandb:               +2 ...
wandb: 
wandb: 🚀 View run gnik_patlak_sl21_s0_s21 at: https://wandb.ai/spshenov-university-of-amsterdam/DCE_NIK/runs/s7c9vh4t
wandb: ⭐️ View project at: https://wandb.ai/spshenov-university-of-amsterdam/DCE_NIK
wandb: Synced 5 W&B file(s), 0 media file(s), 0 artifact file(s) and 0 other file(s)
wandb: Find logs at: results/tofts_vs_patlak/invivo_k100/patlak_sl21_s0/wandb_runs/wandb/run-20261006_171141-s7c9vh4t/logs
slice 21  nik (192, 192, 342)  (3873s)  vs CS: corr 0.956  nrmse 0.216
done 3875s -> results/tofts_vs_patlak/invivo_k100/patlak_sl21_s0
[W1006 18:16:12.862680113 AllocatorConfig.cpp:28] Warning: PYTORCH_CUDA_ALLOC_CONF is deprecated, use PYTORCH_ALLOC_CONF instead (function operator())
2026-10-06 18:16:13 TRAIN_DONE patlak k100 exit 0
