2026-10-06 18:56:05 host gpu02.cluster job 3474344 task 1 stage train
GPU 0: NVIDIA H100 NVL (UUID: GPU-8e413919-ea16-cb0a-3a38-410620ba1bbd)
  MIG 2g.24gb     Device  0: (UUID: MIG-281c0c74-ddae-5f82-9b91-3e7d8a855877)
GPU 1: NVIDIA H100 NVL (UUID: GPU-6525825b-42ba-d600-6e82-921c05f7390b)
GPU 2: NVIDIA H100 NVL (UUID: GPU-64ef941c-2af9-b1a4-b0f1-3dea68d79f02)
GPU 3: NVIDIA H100 NVL (UUID: GPU-daac2482-6ad0-32bd-5511-a75765fd3610)
task 1: nik-free t_sigma 4 -> results/tofts_vs_patlak/free_tsigma/ts4/free_sl21_s0
device=cuda
model=wire_ff_res h512 d12 w062 | FF k256/2.5 t32/4 | dcf_pow 0 env 0.75 | 10000 steps, batch 65536, split 0.7
    explicit heldout: 170 VAL spokes
    spoke-reduction: 1368 acquired spokes, 4202496 samples, heldout=yes (same input as CS)
wandb: [wandb.login()] Loaded credentials for https://api.wandb.ai from /home/P101440/.netrc.
wandb: Currently logged in as: spshenov (spshenov-university-of-amsterdam) to https://api.wandb.ai. Use `wandb login --relogin` to force relogin
wandb: setting up run 1ntx8b0j
wandb: Tracking run with wandb version 0.25.0
wandb: Run data is saved locally in results/tofts_vs_patlak/free_tsigma/ts4/free_sl21_s0/wandb_runs/wandb/run-20261006_185611-1ntx8b0j
wandb: Run `wandb offline` to turn off syncing.
wandb: Syncing run gnik_free_sl21_s0_s21
wandb: ⭐️ View project at https://wandb.ai/spshenov-university-of-amsterdam/DCE_NIK
wandb: 🚀 View run at https://wandb.ai/spshenov-university-of-amsterdam/DCE_NIK/runs/1ntx8b0j
[wandb] gnik_free_sl21_s0_s21: mode online
/net/beegfs/users/P101440/DCE_NIK/train_grasp_nik.py:416: UserWarning: Converting a tensor with requires_grad=True to a scalar may lead to unexpected behavior.
Consider using tensor.detach() first. (Triggered internally at /pytorch/torch/csrc/autograd/generated/python_variable_methods.cpp:836.)
  _tr_sum += float(loss); _tr_n += 1
    step   1000  train 7.067e-01  heldout 4.965e-01
    step   2000  train 3.933e-01  heldout 4.259e-01
    step   3000  train 2.417e-01  heldout 3.753e-01
    step   4000  train 1.882e-01  heldout 3.634e-01
    step   5000  train 1.627e-01  heldout 3.575e-01
    step   6000  train 1.481e-01  heldout 3.548e-01
    step   7000  train 1.358e-01  heldout 3.521e-01
    step   8000  train 1.303e-01  heldout 3.506e-01
    step   9000  train 1.164e-01  heldout 3.485e-01
    step  10000  train 1.155e-01  heldout 3.462e-01
    final weights kept (best heldout 3.462e-01 at step 10000)
    RESOURCES slice 21: peak_gpu_MB 12475 params 5549634 best_heldout 3.4622e-01
wandb: updating run metadata
wandb: uploading config.yaml; uploading output.log; uploading wandb-summary.json
wandb: 
wandb: Run history:
wandb: best_heldout_mse  █▄▃▂▂▂▁▁▁
wandb:        best_step ▁▂▃▄▅▅▆▇▇█
wandb:          coef_tv ▁▁▁▁▁▁▁▁▁▁
wandb:         delay_tv ▁▁▁▁▁▁▁▁▁▁
wandb:      heldout_mse █▅▂▂▂▁▁▁▁▁
wandb:             loss █▄▂▂▂▁▁▁▁▁
wandb:               lr ▁▁▁▁▁▁▁▁▁▁
wandb:      peak_gpu_mb ▁█████████
wandb:            pisco ▁▁▁▁▁▁▁▁▁▁
wandb:          support ▁▁▁▁▁▁▁▁▁▁
wandb:               +2 ...
wandb: 
wandb: Run summary:
wandb: best_heldout_mse 0.34622
wandb:        best_step 10000
wandb:          coef_tv 0
wandb:         delay_tv 0
wandb:      heldout_mse 0.34622
wandb:             loss 0.11554
wandb:               lr 1e-05
wandb:           params 5549634
wandb:      peak_gpu_mb 12474.71777
wandb:            pisco 0
wandb:               +4 ...
wandb: 
wandb: 🚀 View run gnik_free_sl21_s0_s21 at: https://wandb.ai/spshenov-university-of-amsterdam/DCE_NIK/runs/1ntx8b0j
wandb: ⭐️ View project at: https://wandb.ai/spshenov-university-of-amsterdam/DCE_NIK
wandb: Synced 5 W&B file(s), 0 media file(s), 0 artifact file(s) and 0 other file(s)
wandb: Find logs at: results/tofts_vs_patlak/free_tsigma/ts4/free_sl21_s0/wandb_runs/wandb/run-20261006_185611-1ntx8b0j/logs
slice 21  nik (192, 192, 342)  (2344s)  vs CS: corr 0.950  nrmse 0.230
done 2347s -> results/tofts_vs_patlak/free_tsigma/ts4/free_sl21_s0
[W1006 19:35:15.258176227 AllocatorConfig.cpp:28] Warning: PYTORCH_CUDA_ALLOC_CONF is deprecated, use PYTORCH_ALLOC_CONF instead (function operator())
2026-10-06 19:35:15 TRAIN_DONE free ts4 exit 0
