2026-10-06 18:34:35 host gpu03.cluster job 3474132 task 0 stage train
GPU 0: NVIDIA H100 NVL (UUID: GPU-ba65053c-72ed-1c58-80be-07549e6f1e8a)
GPU 1: NVIDIA H100 NVL (UUID: GPU-eaa03982-4105-4fd4-05b4-dfe14a5475f9)
GPU 2: NVIDIA H100 NVL (UUID: GPU-c8d1c94c-c938-e03b-b589-eac076bd5f3f)
  MIG 2g.24gb     Device  0: (UUID: MIG-bbe93c91-7dfa-5181-9573-fffd3e3ea5ce)
GPU 3: NVIDIA H100 NVL (UUID: GPU-11c2853b-6154-8665-333f-81dc10b2382c)
Submitted batch job 3474133
eval chained afterany 3473114
task 0: nik-free t_sigma 2.5 -> results/tofts_vs_patlak/free_tsigma/ts2.5/free_sl21_s0
device=cuda
model=wire_ff_res h512 d12 w062 | FF k256/2.5 t32/2.5 | dcf_pow 0 env 0.75 | 10000 steps, batch 65536, split 0.7
    explicit heldout: 170 VAL spokes
    spoke-reduction: 1368 acquired spokes, 4202496 samples, heldout=yes (same input as CS)
wandb: [wandb.login()] Loaded credentials for https://api.wandb.ai from /home/P101440/.netrc.
wandb: Currently logged in as: spshenov (spshenov-university-of-amsterdam) to https://api.wandb.ai. Use `wandb login --relogin` to force relogin
wandb: setting up run wh5mbpqi
wandb: Tracking run with wandb version 0.25.0
wandb: Run data is saved locally in results/tofts_vs_patlak/free_tsigma/ts2.5/free_sl21_s0/wandb_runs/wandb/run-20261006_183440-wh5mbpqi
wandb: Run `wandb offline` to turn off syncing.
wandb: Syncing run gnik_free_sl21_s0_s21
wandb: ⭐️ View project at https://wandb.ai/spshenov-university-of-amsterdam/DCE_NIK
wandb: 🚀 View run at https://wandb.ai/spshenov-university-of-amsterdam/DCE_NIK/runs/wh5mbpqi
[wandb] gnik_free_sl21_s0_s21: mode online
/net/beegfs/users/P101440/DCE_NIK/train_grasp_nik.py:416: UserWarning: Converting a tensor with requires_grad=True to a scalar may lead to unexpected behavior.
Consider using tensor.detach() first. (Triggered internally at /pytorch/torch/csrc/autograd/generated/python_variable_methods.cpp:836.)
  _tr_sum += float(loss); _tr_n += 1
    step   1000  train 6.951e-01  heldout 4.829e-01
    step   2000  train 4.385e-01  heldout 4.360e-01
    step   3000  train 3.345e-01  heldout 4.211e-01
    step   4000  train 2.846e-01  heldout 4.112e-01
    step   5000  train 2.558e-01  heldout 4.055e-01
    step   6000  train 2.203e-01  heldout 3.986e-01
    step   7000  train 2.101e-01  heldout 3.981e-01
    step   8000  train 1.845e-01  heldout 3.857e-01
    step   9000  train 1.549e-01  heldout 3.754e-01
    step  10000  train 1.417e-01  heldout 3.676e-01
    final weights kept (best heldout 3.676e-01 at step 10000)
    RESOURCES slice 21: peak_gpu_MB 12475 params 5549634 best_heldout 3.6764e-01
wandb: updating run metadata
wandb: uploading wandb-summary.json; uploading config.yaml; uploading output.log
wandb: uploading history steps 9-9, summary, console lines 15-15
wandb: 
wandb: Run history:
wandb: best_heldout_mse  █▆▅▅▄▄▃▂▁
wandb:        best_step ▁▂▃▄▅▅▆▇▇█
wandb:          coef_tv ▁▁▁▁▁▁▁▁▁▁
wandb:         delay_tv ▁▁▁▁▁▁▁▁▁▁
wandb:      heldout_mse █▅▄▄▃▃▃▂▁▁
wandb:             loss █▅▃▃▂▂▂▂▁▁
wandb:               lr ▁▁▁▁▁▁▁▁▁▁
wandb:      peak_gpu_mb ▁█████████
wandb:            pisco ▁▁▁▁▁▁▁▁▁▁
wandb:          support ▁▁▁▁▁▁▁▁▁▁
wandb:               +2 ...
wandb: 
wandb: Run summary:
wandb: best_heldout_mse 0.36764
wandb:        best_step 10000
wandb:          coef_tv 0
wandb:         delay_tv 0
wandb:      heldout_mse 0.36764
wandb:             loss 0.14168
wandb:               lr 1e-05
wandb:           params 5549634
wandb:      peak_gpu_mb 12474.71777
wandb:            pisco 0
wandb:               +4 ...
wandb: 
wandb: 🚀 View run gnik_free_sl21_s0_s21 at: https://wandb.ai/spshenov-university-of-amsterdam/DCE_NIK/runs/wh5mbpqi
wandb: ⭐️ View project at: https://wandb.ai/spshenov-university-of-amsterdam/DCE_NIK
wandb: Synced 5 W&B file(s), 0 media file(s), 0 artifact file(s) and 0 other file(s)
wandb: Find logs at: results/tofts_vs_patlak/free_tsigma/ts2.5/free_sl21_s0/wandb_runs/wandb/run-20261006_183440-wh5mbpqi/logs
slice 21  nik (192, 192, 342)  (2315s)  vs CS: corr 0.951  nrmse 0.227
done 2316s -> results/tofts_vs_patlak/free_tsigma/ts2.5/free_sl21_s0
[W1006 19:13:14.958466883 AllocatorConfig.cpp:28] Warning: PYTORCH_CUDA_ALLOC_CONF is deprecated, use PYTORCH_ALLOC_CONF instead (function operator())
2026-10-06 19:13:14 TRAIN_DONE free ts2.5 exit 0
