2026-10-07 17:09:43 host gpu03.cluster job 3487699 task 12
GPU 0: NVIDIA H100 NVL (UUID: GPU-ba65053c-72ed-1c58-80be-07549e6f1e8a)
  MIG 2g.24gb     Device  0: (UUID: MIG-f328f7be-cd56-503a-9bd5-4e010efe4fe5)
GPU 1: NVIDIA H100 NVL (UUID: GPU-eaa03982-4105-4fd4-05b4-dfe14a5475f9)
GPU 2: NVIDIA H100 NVL (UUID: GPU-c8d1c94c-c938-e03b-b589-eac076bd5f3f)
GPU 3: NVIDIA H100 NVL (UUID: GPU-11c2853b-6154-8665-333f-81dc10b2382c)
task 12: sub16 k100 slice 18 seed 0 -> results/tofts_vs_patlak/invivo_k100/sub16_sl18_s0
device=cuda
model=wire_ff_subspace rank16 h512 d12 w062 | FF k256/2.5 t32/1.5 | dcf_pow 0 env 0.75 | 10000 steps, batch 65536, split 0.7
    spoke-reduction: 1708 acquired spokes, 5246976 samples, heldout=NO (same input as CS)
wandb: [wandb.login()] Loaded credentials for https://api.wandb.ai from /home/P101440/.netrc.
wandb: Currently logged in as: spshenov (spshenov-university-of-amsterdam) to https://api.wandb.ai. Use `wandb login --relogin` to force relogin
wandb: setting up run vvt91zve
wandb: Tracking run with wandb version 0.25.0
wandb: Run data is saved locally in results/tofts_vs_patlak/invivo_k100/sub16_sl18_s0/wandb_runs/wandb/run-20261007_170947-vvt91zve
wandb: Run `wandb offline` to turn off syncing.
wandb: Syncing run gnik_sub16_sl18_s0_s18
wandb: ⭐️ View project at https://wandb.ai/spshenov-university-of-amsterdam/DCE_NIK
wandb: 🚀 View run at https://wandb.ai/spshenov-university-of-amsterdam/DCE_NIK/runs/vvt91zve
[wandb] gnik_sub16_sl18_s0_s18: mode online
    warmstarted Phi from PCA basis (rank 16, 100 frames, fit MSE 4.589e-05)
    [coef-tv] grid 384 every 32 weight 0 delta 0.1
/net/beegfs/users/P101440/DCE_NIK/train_grasp_nik.py:416: UserWarning: Converting a tensor with requires_grad=True to a scalar may lead to unexpected behavior.
Consider using tensor.detach() first. (Triggered internally at /pytorch/torch/csrc/autograd/generated/python_variable_methods.cpp:836.)
  _tr_sum += float(loss); _tr_n += 1
    [support] mask orientation rot180 (inside-energy fractions now, untrained model: {'id': 0.885, 'rot180': 0.888, 'fliplr': 0.887, 'flipud': 0.884})
    step   1000  train 4.202e-01  (avg 9.218e-01, no held-out)
    step   2000  train 2.508e-01  (avg 3.117e-01, no held-out)
    step   3000  train 1.900e-01  (avg 2.220e-01, no held-out)
    step   4000  train 1.628e-01  (avg 1.778e-01, no held-out)
    step   5000  train 1.472e-01  (avg 1.543e-01, no held-out)
    step   6000  train 1.370e-01  (avg 1.412e-01, no held-out)
    step   7000  train 1.246e-01  (avg 1.309e-01, no held-out)
    step   8000  train 1.238e-01  (avg 1.245e-01, no held-out)
    step   9000  train 1.276e-01  (avg 1.223e-01, no held-out)
    step  10000  train 1.097e-01  (avg 1.180e-01, no held-out)
    final weights kept (best heldout inf at step 0)
    RESOURCES slice 18: peak_gpu_MB 12480 params 5558016 best_heldout inf
wandb: updating run metadata
wandb: uploading history steps 9-9, summary, console lines 18-18
wandb: 
wandb: Run history:
wandb:     coef_tv ▁▁▁▁▁▁▁▁▁▁
wandb:    delay_tv ▁▁▁▁▁▁▁▁▁▁
wandb:        loss █▄▃▂▂▂▁▁▁▁
wandb:          lr ▁▁▁▁▁▁▁▁▁▁
wandb: peak_gpu_mb ▁▁▁▁▁▁▁▁▁▁
wandb:     support █▃▂▁▁▁▁▁▁▁
wandb:   train_avg █▃▂▂▁▁▁▁▁▁
wandb:      wall_s ▁▂▃▃▄▅▆▆▇█
wandb: 
wandb: Run summary:
wandb: best_heldout_mse inf
wandb:        best_step 0
wandb:          coef_tv 0
wandb:         delay_tv 0
wandb:             loss 0.10971
wandb:               lr 1e-05
wandb:           params 5558016
wandb:      peak_gpu_mb 12480.13965
wandb:          support 0.00363
wandb:        train_avg 0.11801
wandb:               +2 ...
wandb: 
wandb: 🚀 View run gnik_sub16_sl18_s0_s18 at: https://wandb.ai/spshenov-university-of-amsterdam/DCE_NIK/runs/vvt91zve
wandb: ⭐️ View project at: https://wandb.ai/spshenov-university-of-amsterdam/DCE_NIK
wandb: Synced 5 W&B file(s), 0 media file(s), 0 artifact file(s) and 0 other file(s)
wandb: Find logs at: results/tofts_vs_patlak/invivo_k100/sub16_sl18_s0/wandb_runs/wandb/run-20261007_170947-vvt91zve/logs
slice 18  nik (192, 192, 342)  (4005s)  vs CS: corr 0.965  nrmse 0.198
done 4006s -> results/tofts_vs_patlak/invivo_k100/sub16_sl18_s0
[W1007 18:16:32.476321044 AllocatorConfig.cpp:28] Warning: PYTORCH_CUDA_ALLOC_CONF is deprecated, use PYTORCH_ALLOC_CONF instead (function operator())
2026-10-07 18:16:32 TRAIN_DONE sub16 k100 sl18 s0 exit 0
