2026-10-07 11:45:25 host gpu03.cluster job 3483067 task 2
GPU 0: NVIDIA H100 NVL (UUID: GPU-ba65053c-72ed-1c58-80be-07549e6f1e8a)
  MIG 2g.24gb     Device  0: (UUID: MIG-f328f7be-cd56-503a-9bd5-4e010efe4fe5)
GPU 1: NVIDIA H100 NVL (UUID: GPU-eaa03982-4105-4fd4-05b4-dfe14a5475f9)
GPU 2: NVIDIA H100 NVL (UUID: GPU-c8d1c94c-c938-e03b-b589-eac076bd5f3f)
GPU 3: NVIDIA H100 NVL (UUID: GPU-11c2853b-6154-8665-333f-81dc10b2382c)
task 2: tofts8 k100 slice 18 seed 2 -> results/tofts_vs_patlak/invivo_k100/tofts8_sl18_s2
device=cuda
model=wire_ff_tofts h512 d12 w062 | FF k256/2.5 t32/1.5 | dcf_pow 0 env 0.75 | 10000 steps, batch 65536, split 0.7
    spoke-reduction: 1708 acquired spokes, 5246976 samples, heldout=NO (same input as CS)
wandb: [wandb.login()] Loaded credentials for https://api.wandb.ai from /home/P101440/.netrc.
wandb: Currently logged in as: spshenov (spshenov-university-of-amsterdam) to https://api.wandb.ai. Use `wandb login --relogin` to force relogin
wandb: setting up run pmeekcx2
wandb: Tracking run with wandb version 0.25.0
wandb: Run data is saved locally in results/tofts_vs_patlak/invivo_k100/tofts8_sl18_s2/wandb_runs/wandb/run-20261007_114529-pmeekcx2
wandb: Run `wandb offline` to turn off syncing.
wandb: Syncing run gnik_tofts8_sl18_s2_s18
wandb: ⭐️ View project at https://wandb.ai/spshenov-university-of-amsterdam/DCE_NIK
wandb: 🚀 View run at https://wandb.ai/spshenov-university-of-amsterdam/DCE_NIK/runs/pmeekcx2
[wandb] gnik_tofts8_sl18_s2_s18: mode online
    [coef-tv] grid 384 every 32 weight 0 delta 0.1
/net/beegfs/users/P101440/DCE_NIK/train_grasp_nik.py:416: UserWarning: Converting a tensor with requires_grad=True to a scalar may lead to unexpected behavior.
Consider using tensor.detach() first. (Triggered internally at /pytorch/torch/csrc/autograd/generated/python_variable_methods.cpp:836.)
  _tr_sum += float(loss); _tr_n += 1
    [support] mask orientation rot180 (inside-energy fractions now, untrained model: {'id': 0.82, 'rot180': 0.823, 'fliplr': 0.824, 'flipud': 0.823})
    step   1000  train 1.221e+00  (avg 2.330e+00, no held-out)
    step   2000  train 1.136e+00  (avg 1.152e+00, no held-out)
    step   3000  train 1.079e+00  (avg 1.098e+00, no held-out)
    step   4000  train 1.051e+00  (avg 1.069e+00, no held-out)
    step   5000  train 1.035e+00  (avg 1.043e+00, no held-out)
    step   6000  train 1.012e+00  (avg 1.019e+00, no held-out)
    step   7000  train 9.202e-01  (avg 9.561e-01, no held-out)
    step   8000  train 8.247e-01  (avg 8.642e-01, no held-out)
    step   9000  train 8.113e-01  (avg 8.218e-01, no held-out)
    step  10000  train 7.673e-01  (avg 7.964e-01, no held-out)
    final weights kept (best heldout inf at step 0)
    RESOURCES slice 18: peak_gpu_MB 12480 params 5531216 best_heldout inf
wandb: updating run metadata
wandb: uploading history steps 9-9, summary, console lines 17-17
wandb: 
wandb: Run history:
wandb:     coef_tv ▁▁▁▁▁▁▁▁▁▁
wandb:    delay_tv ▁▁▁▁▁▁▁▁▁▁
wandb:        loss █▇▆▅▅▅▃▂▂▁
wandb:          lr ▁▁▁▁▁▁▁▁▁▁
wandb: peak_gpu_mb ▁▁▁▁▁▁▁▁▁▁
wandb:     support ▇▂▁▂▃▅▅▅▇█
wandb:   train_avg █▃▂▂▂▂▂▁▁▁
wandb:      wall_s ▁▂▃▃▄▅▆▆▇█
wandb: 
wandb: Run summary:
wandb: best_heldout_mse inf
wandb:        best_step 0
wandb:          coef_tv 0
wandb:         delay_tv 0
wandb:             loss 0.76734
wandb:               lr 1e-05
wandb:           params 5531216
wandb:      peak_gpu_mb 12479.84326
wandb:          support 0.01303
wandb:        train_avg 0.7964
wandb:               +2 ...
wandb: 
wandb: 🚀 View run gnik_tofts8_sl18_s2_s18 at: https://wandb.ai/spshenov-university-of-amsterdam/DCE_NIK/runs/pmeekcx2
wandb: ⭐️ View project at: https://wandb.ai/spshenov-university-of-amsterdam/DCE_NIK
wandb: Synced 5 W&B file(s), 0 media file(s), 0 artifact file(s) and 0 other file(s)
wandb: Find logs at: results/tofts_vs_patlak/invivo_k100/tofts8_sl18_s2/wandb_runs/wandb/run-20261007_114529-pmeekcx2/logs
slice 18  nik (192, 192, 342)  (3857s)  vs CS: corr 0.971  nrmse 0.184
done 3858s -> results/tofts_vs_patlak/invivo_k100/tofts8_sl18_s2
[W1007 12:49:45.268724362 AllocatorConfig.cpp:28] Warning: PYTORCH_CUDA_ALLOC_CONF is deprecated, use PYTORCH_ALLOC_CONF instead (function operator())
2026-10-07 12:49:46 TRAIN_DONE tofts8 k100 sl18 s2 exit 0
