2026-10-07 18:16:43 host gpu02.cluster job 3487787 task 14
GPU 0: NVIDIA H100 NVL (UUID: GPU-8e413919-ea16-cb0a-3a38-410620ba1bbd)
  MIG 2g.24gb     Device  0: (UUID: MIG-281c0c74-ddae-5f82-9b91-3e7d8a855877)
GPU 1: NVIDIA H100 NVL (UUID: GPU-6525825b-42ba-d600-6e82-921c05f7390b)
GPU 2: NVIDIA H100 NVL (UUID: GPU-64ef941c-2af9-b1a4-b0f1-3dea68d79f02)
GPU 3: NVIDIA H100 NVL (UUID: GPU-daac2482-6ad0-32bd-5511-a75765fd3610)
task 14: free k100 slice 18 seed 0 -> results/tofts_vs_patlak/invivo_k100/free_sl18_s0
device=cuda
model=wire_ff_res h512 d12 w062 | FF k256/2.5 t32/1.5 | dcf_pow 0 env 0.75 | 10000 steps, batch 65536, split 0.7
    spoke-reduction: 1708 acquired spokes, 5246976 samples, heldout=NO (same input as CS)
wandb: [wandb.login()] Loaded credentials for https://api.wandb.ai from /home/P101440/.netrc.
wandb: Currently logged in as: spshenov (spshenov-university-of-amsterdam) to https://api.wandb.ai. Use `wandb login --relogin` to force relogin
wandb: setting up run iskgclv0
wandb: Tracking run with wandb version 0.25.0
wandb: Run data is saved locally in results/tofts_vs_patlak/invivo_k100/free_sl18_s0/wandb_runs/wandb/run-20261007_181648-iskgclv0
wandb: Run `wandb offline` to turn off syncing.
wandb: Syncing run gnik_free_sl18_s0_s18
wandb: ⭐️ View project at https://wandb.ai/spshenov-university-of-amsterdam/DCE_NIK
wandb: 🚀 View run at https://wandb.ai/spshenov-university-of-amsterdam/DCE_NIK/runs/iskgclv0
[wandb] gnik_free_sl18_s0_s18: mode online
/net/beegfs/users/P101440/DCE_NIK/train_grasp_nik.py:416: UserWarning: Converting a tensor with requires_grad=True to a scalar may lead to unexpected behavior.
Consider using tensor.detach() first. (Triggered internally at /pytorch/torch/csrc/autograd/generated/python_variable_methods.cpp:836.)
  _tr_sum += float(loss); _tr_n += 1
    step   1000  train 9.877e-01  (avg 1.352e+00, no held-out)
    step   2000  train 5.854e-01  (avg 7.701e-01, no held-out)
    step   3000  train 4.228e-01  (avg 4.893e-01, no held-out)
    step   4000  train 3.215e-01  (avg 3.677e-01, no held-out)
    step   5000  train 2.816e-01  (avg 2.963e-01, no held-out)
    step   6000  train 2.366e-01  (avg 2.529e-01, no held-out)
    step   7000  train 2.090e-01  (avg 2.250e-01, no held-out)
    step   8000  train 1.948e-01  (avg 2.037e-01, no held-out)
    step   9000  train 1.861e-01  (avg 1.880e-01, no held-out)
    step  10000  train 1.679e-01  (avg 1.753e-01, no held-out)
    final weights kept (best heldout inf at step 0)
    RESOURCES slice 18: peak_gpu_MB 12493 params 5549634 best_heldout inf
wandb: updating run metadata
wandb: uploading history steps 9-9, summary, console lines 15-15
wandb: 
wandb: Run history:
wandb:     coef_tv ▁▁▁▁▁▁▁▁▁▁
wandb:    delay_tv ▁▁▁▁▁▁▁▁▁▁
wandb:        loss █▅▃▂▂▂▁▁▁▁
wandb:          lr ▁▁▁▁▁▁▁▁▁▁
wandb: peak_gpu_mb ▁▁▁▁▁▁▁▁▁▁
wandb:     support ▁▁▁▁▁▁▁▁▁▁
wandb:   train_avg █▅▃▂▂▁▁▁▁▁
wandb:      wall_s ▁▂▃▃▄▅▆▆▇█
wandb: 
wandb: Run summary:
wandb: best_heldout_mse inf
wandb:        best_step 0
wandb:          coef_tv 0
wandb:         delay_tv 0
wandb:             loss 0.16789
wandb:               lr 1e-05
wandb:           params 5549634
wandb:      peak_gpu_mb 12492.64844
wandb:          support 0
wandb:        train_avg 0.17526
wandb:               +2 ...
wandb: 
wandb: 🚀 View run gnik_free_sl18_s0_s18 at: https://wandb.ai/spshenov-university-of-amsterdam/DCE_NIK/runs/iskgclv0
wandb: ⭐️ View project at: https://wandb.ai/spshenov-university-of-amsterdam/DCE_NIK
wandb: Synced 5 W&B file(s), 0 media file(s), 0 artifact file(s) and 0 other file(s)
wandb: Find logs at: results/tofts_vs_patlak/invivo_k100/free_sl18_s0/wandb_runs/wandb/run-20261007_181648-iskgclv0/logs
slice 18  nik (192, 192, 342)  (2351s)  vs CS: corr 0.965  nrmse 0.201
done 2351s -> results/tofts_vs_patlak/invivo_k100/free_sl18_s0
[W1007 18:55:57.962606846 AllocatorConfig.cpp:28] Warning: PYTORCH_CUDA_ALLOC_CONF is deprecated, use PYTORCH_ALLOC_CONF instead (function operator())
2026-10-07 18:55:58 TRAIN_DONE free k100 sl18 s0 exit 0
