2026-10-07 16:05:12 host gpu03.cluster job 3484761 task 10
GPU 0: NVIDIA H100 NVL (UUID: GPU-ba65053c-72ed-1c58-80be-07549e6f1e8a)
  MIG 2g.24gb     Device  0: (UUID: MIG-f328f7be-cd56-503a-9bd5-4e010efe4fe5)
GPU 1: NVIDIA H100 NVL (UUID: GPU-eaa03982-4105-4fd4-05b4-dfe14a5475f9)
GPU 2: NVIDIA H100 NVL (UUID: GPU-c8d1c94c-c938-e03b-b589-eac076bd5f3f)
GPU 3: NVIDIA H100 NVL (UUID: GPU-11c2853b-6154-8665-333f-81dc10b2382c)
task 10: patlak k100 slice 18 seed 0 -> results/tofts_vs_patlak/invivo_k100/patlak_sl18_s0
device=cuda
model=wire_ff_patlak h512 d12 w062 | FF k256/2.5 t32/1.5 | dcf_pow 0 env 0.75 | 10000 steps, batch 65536, split 0.7
    spoke-reduction: 1708 acquired spokes, 5246976 samples, heldout=NO (same input as CS)
wandb: [wandb.login()] Loaded credentials for https://api.wandb.ai from /home/P101440/.netrc.
wandb: Currently logged in as: spshenov (spshenov-university-of-amsterdam) to https://api.wandb.ai. Use `wandb login --relogin` to force relogin
wandb: setting up run uglwrmc6
wandb: Tracking run with wandb version 0.25.0
wandb: Run data is saved locally in results/tofts_vs_patlak/invivo_k100/patlak_sl18_s0/wandb_runs/wandb/run-20261007_160517-uglwrmc6
wandb: Run `wandb offline` to turn off syncing.
wandb: Syncing run gnik_patlak_sl18_s0_s18
wandb: ⭐️ View project at https://wandb.ai/spshenov-university-of-amsterdam/DCE_NIK
wandb: 🚀 View run at https://wandb.ai/spshenov-university-of-amsterdam/DCE_NIK/runs/uglwrmc6
[wandb] gnik_patlak_sl18_s0_s18: mode online
    [coef-tv] grid 384 every 32 weight 0 delta 0.1
/net/beegfs/users/P101440/DCE_NIK/train_grasp_nik.py:416: UserWarning: Converting a tensor with requires_grad=True to a scalar may lead to unexpected behavior.
Consider using tensor.detach() first. (Triggered internally at /pytorch/torch/csrc/autograd/generated/python_variable_methods.cpp:836.)
  _tr_sum += float(loss); _tr_n += 1
    [support] mask orientation rot180 (inside-energy fractions now, untrained model: {'id': 0.813, 'rot180': 0.812, 'fliplr': 0.813, 'flipud': 0.811})
    step   1000  train 9.979e-01  (avg 1.279e+00, no held-out)
    step   2000  train 9.238e-01  (avg 9.541e-01, no held-out)
    step   3000  train 8.927e-01  (avg 9.116e-01, no held-out)
    step   4000  train 8.748e-01  (avg 8.886e-01, no held-out)
    step   5000  train 8.777e-01  (avg 8.735e-01, no held-out)
    step   6000  train 8.583e-01  (avg 8.640e-01, no held-out)
    step   7000  train 8.628e-01  (avg 8.560e-01, no held-out)
    step   8000  train 8.569e-01  (avg 8.501e-01, no held-out)
    step   9000  train 8.440e-01  (avg 8.456e-01, no held-out)
    step  10000  train 8.225e-01  (avg 8.417e-01, no held-out)
    final weights kept (best heldout inf at step 0)
    RESOURCES slice 18: peak_gpu_MB 12480 params 5520966 best_heldout inf
wandb: updating run metadata
wandb: uploading output.log; uploading wandb-summary.json; uploading config.yaml
wandb: 
wandb: Run history:
wandb:     coef_tv ▁▁▁▁▁▁▁▁▁▁
wandb:    delay_tv ▁▁▁▁▁▁▁▁▁▁
wandb:        loss █▅▄▃▃▂▃▂▂▁
wandb:          lr ▁▁▁▁▁▁▁▁▁▁
wandb: peak_gpu_mb ▁▁▁▁▁▁▁▁▁▁
wandb:     support █▆▅▄▄▃▂▂▁▁
wandb:   train_avg █▃▂▂▂▁▁▁▁▁
wandb:      wall_s ▁▂▃▃▄▅▆▆▇█
wandb: 
wandb: Run summary:
wandb: best_heldout_mse inf
wandb:        best_step 0
wandb:          coef_tv 0
wandb:         delay_tv 0
wandb:             loss 0.82252
wandb:               lr 1e-05
wandb:           params 5520966
wandb:      peak_gpu_mb 12479.71777
wandb:          support 0.01891
wandb:        train_avg 0.84171
wandb:               +2 ...
wandb: 
wandb: 🚀 View run gnik_patlak_sl18_s0_s18 at: https://wandb.ai/spshenov-university-of-amsterdam/DCE_NIK/runs/uglwrmc6
wandb: ⭐️ View project at: https://wandb.ai/spshenov-university-of-amsterdam/DCE_NIK
wandb: Synced 5 W&B file(s), 0 media file(s), 0 artifact file(s) and 0 other file(s)
wandb: Find logs at: results/tofts_vs_patlak/invivo_k100/patlak_sl18_s0/wandb_runs/wandb/run-20261007_160517-uglwrmc6/logs
slice 18  nik (192, 192, 342)  (3857s)  vs CS: corr 0.966  nrmse 0.197
done 3858s -> results/tofts_vs_patlak/invivo_k100/patlak_sl18_s0
[W1007 17:09:34.507342936 AllocatorConfig.cpp:28] Warning: PYTORCH_CUDA_ALLOC_CONF is deprecated, use PYTORCH_ALLOC_CONF instead (function operator())
2026-10-07 17:09:34 TRAIN_DONE patlak k100 sl18 s0 exit 0
