2026-10-07 18:18:13 host gpu03.cluster job 3482577 task 15
GPU 0: NVIDIA H100 NVL (UUID: GPU-ba65053c-72ed-1c58-80be-07549e6f1e8a)
  MIG 2g.24gb     Device  0: (UUID: MIG-f328f7be-cd56-503a-9bd5-4e010efe4fe5)
GPU 1: NVIDIA H100 NVL (UUID: GPU-eaa03982-4105-4fd4-05b4-dfe14a5475f9)
GPU 2: NVIDIA H100 NVL (UUID: GPU-c8d1c94c-c938-e03b-b589-eac076bd5f3f)
GPU 3: NVIDIA H100 NVL (UUID: GPU-11c2853b-6154-8665-333f-81dc10b2382c)
task 15: free k100 slice 19 seed 0 -> results/tofts_vs_patlak/invivo_k100/free_sl19_s0
device=cuda
model=wire_ff_res h512 d12 w062 | FF k256/2.5 t32/1.5 | dcf_pow 0 env 0.75 | 10000 steps, batch 65536, split 0.7
    spoke-reduction: 1708 acquired spokes, 5246976 samples, heldout=NO (same input as CS)
wandb: [wandb.login()] Loaded credentials for https://api.wandb.ai from /home/P101440/.netrc.
wandb: Currently logged in as: spshenov (spshenov-university-of-amsterdam) to https://api.wandb.ai. Use `wandb login --relogin` to force relogin
wandb: setting up run iks979kj
wandb: Tracking run with wandb version 0.25.0
wandb: Run data is saved locally in results/tofts_vs_patlak/invivo_k100/free_sl19_s0/wandb_runs/wandb/run-20261007_181817-iks979kj
wandb: Run `wandb offline` to turn off syncing.
wandb: Syncing run gnik_free_sl19_s0_s19
wandb: ⭐️ View project at https://wandb.ai/spshenov-university-of-amsterdam/DCE_NIK
wandb: 🚀 View run at https://wandb.ai/spshenov-university-of-amsterdam/DCE_NIK/runs/iks979kj
[wandb] gnik_free_sl19_s0_s19: mode online
/net/beegfs/users/P101440/DCE_NIK/train_grasp_nik.py:416: UserWarning: Converting a tensor with requires_grad=True to a scalar may lead to unexpected behavior.
Consider using tensor.detach() first. (Triggered internally at /pytorch/torch/csrc/autograd/generated/python_variable_methods.cpp:836.)
  _tr_sum += float(loss); _tr_n += 1
    step   1000  train 9.919e-01  (avg 1.343e+00, no held-out)
    step   2000  train 9.014e-01  (avg 9.629e-01, no held-out)
    step   3000  train 5.989e-01  (avg 7.459e-01, no held-out)
    step   4000  train 4.258e-01  (avg 5.141e-01, no held-out)
    step   5000  train 3.629e-01  (avg 3.869e-01, no held-out)
    step   6000  train 3.103e-01  (avg 3.347e-01, no held-out)
    step   7000  train 2.445e-01  (avg 2.798e-01, no held-out)
    step   8000  train 1.898e-01  (avg 2.156e-01, no held-out)
    step   9000  train 1.635e-01  (avg 1.762e-01, no held-out)
    step  10000  train 1.466e-01  (avg 1.562e-01, no held-out)
    final weights kept (best heldout inf at step 0)
    RESOURCES slice 19: peak_gpu_MB 12493 params 5549634 best_heldout inf
wandb: updating run metadata
wandb: uploading history steps 9-9, summary, console lines 15-15
wandb: 
wandb: Run history:
wandb:     coef_tv ▁▁▁▁▁▁▁▁▁▁
wandb:    delay_tv ▁▁▁▁▁▁▁▁▁▁
wandb:        loss █▇▅▃▃▂▂▁▁▁
wandb:          lr ▁▁▁▁▁▁▁▁▁▁
wandb: peak_gpu_mb ▁▁▁▁▁▁▁▁▁▁
wandb:     support ▁▁▁▁▁▁▁▁▁▁
wandb:   train_avg █▆▄▃▂▂▂▁▁▁
wandb:      wall_s ▁▂▃▃▄▅▆▆▇█
wandb: 
wandb: Run summary:
wandb: best_heldout_mse inf
wandb:        best_step 0
wandb:          coef_tv 0
wandb:         delay_tv 0
wandb:             loss 0.14657
wandb:               lr 1e-05
wandb:           params 5549634
wandb:      peak_gpu_mb 12492.64844
wandb:          support 0
wandb:        train_avg 0.15621
wandb:               +2 ...
wandb: 
wandb: 🚀 View run gnik_free_sl19_s0_s19 at: https://wandb.ai/spshenov-university-of-amsterdam/DCE_NIK/runs/iks979kj
wandb: ⭐️ View project at: https://wandb.ai/spshenov-university-of-amsterdam/DCE_NIK
wandb: Synced 5 W&B file(s), 0 media file(s), 0 artifact file(s) and 0 other file(s)
wandb: Find logs at: results/tofts_vs_patlak/invivo_k100/free_sl19_s0/wandb_runs/wandb/run-20261007_181817-iks979kj/logs
slice 19  nik (192, 192, 342)  (2315s)  vs CS: corr 0.961  nrmse 0.205
done 2316s -> results/tofts_vs_patlak/invivo_k100/free_sl19_s0
[W1007 18:56:51.083442748 AllocatorConfig.cpp:28] Warning: PYTORCH_CUDA_ALLOC_CONF is deprecated, use PYTORCH_ALLOC_CONF instead (function operator())
2026-10-07 18:56:52 TRAIN_DONE free k100 sl19 s0 exit 0
