2026-10-07 10:41:01 host gpu03.cluster job 3482584 task 1
GPU 0: NVIDIA H100 NVL (UUID: GPU-ba65053c-72ed-1c58-80be-07549e6f1e8a)
GPU 1: NVIDIA H100 NVL (UUID: GPU-eaa03982-4105-4fd4-05b4-dfe14a5475f9)
  MIG 2g.24gb     Device  0: (UUID: MIG-7fdc2adf-8d97-57e9-a2a9-0e63797cb117)
GPU 2: NVIDIA H100 NVL (UUID: GPU-c8d1c94c-c938-e03b-b589-eac076bd5f3f)
GPU 3: NVIDIA H100 NVL (UUID: GPU-11c2853b-6154-8665-333f-81dc10b2382c)
task 1: tofts8 k100 slice 18 seed 1 -> results/tofts_vs_patlak/invivo_k100/tofts8_sl18_s1
device=cuda
model=wire_ff_tofts h512 d12 w062 | FF k256/2.5 t32/1.5 | dcf_pow 0 env 0.75 | 10000 steps, batch 65536, split 0.7
    spoke-reduction: 1708 acquired spokes, 5246976 samples, heldout=NO (same input as CS)
wandb: [wandb.login()] Loaded credentials for https://api.wandb.ai from /home/P101440/.netrc.
wandb: Currently logged in as: spshenov (spshenov-university-of-amsterdam) to https://api.wandb.ai. Use `wandb login --relogin` to force relogin
wandb: setting up run j7u6emop
wandb: Tracking run with wandb version 0.25.0
wandb: Run data is saved locally in results/tofts_vs_patlak/invivo_k100/tofts8_sl18_s1/wandb_runs/wandb/run-20261007_104106-j7u6emop
wandb: Run `wandb offline` to turn off syncing.
wandb: Syncing run gnik_tofts8_sl18_s1_s18
wandb: ⭐️ View project at https://wandb.ai/spshenov-university-of-amsterdam/DCE_NIK
wandb: 🚀 View run at https://wandb.ai/spshenov-university-of-amsterdam/DCE_NIK/runs/j7u6emop
[wandb] gnik_tofts8_sl18_s1_s18: mode online
    [coef-tv] grid 384 every 32 weight 0 delta 0.1
/net/beegfs/users/P101440/DCE_NIK/train_grasp_nik.py:416: UserWarning: Converting a tensor with requires_grad=True to a scalar may lead to unexpected behavior.
Consider using tensor.detach() first. (Triggered internally at /pytorch/torch/csrc/autograd/generated/python_variable_methods.cpp:836.)
  _tr_sum += float(loss); _tr_n += 1
    [support] mask orientation rot180 (inside-energy fractions now, untrained model: {'id': 0.815, 'rot180': 0.816, 'fliplr': 0.817, 'flipud': 0.815})
    step   1000  train 1.227e+00  (avg 2.321e+00, no held-out)
    step   2000  train 1.104e+00  (avg 1.150e+00, no held-out)
    step   3000  train 1.074e+00  (avg 1.094e+00, no held-out)
    step   4000  train 1.061e+00  (avg 1.063e+00, no held-out)
    step   5000  train 1.027e+00  (avg 1.036e+00, no held-out)
    step   6000  train 9.896e-01  (avg 1.012e+00, no held-out)
    step   7000  train 9.165e-01  (avg 9.684e-01, no held-out)
    step   8000  train 8.348e-01  (avg 8.905e-01, no held-out)
    step   9000  train 8.031e-01  (avg 8.120e-01, no held-out)
    step  10000  train 7.679e-01  (avg 7.837e-01, no held-out)
    final weights kept (best heldout inf at step 0)
    RESOURCES slice 18: peak_gpu_MB 12480 params 5531216 best_heldout inf
wandb: updating run metadata
wandb: uploading wandb-summary.json; uploading config.yaml; uploading output.log
wandb: 
wandb: Run history:
wandb:     coef_tv ▁▁▁▁▁▁▁▁▁▁
wandb:    delay_tv ▁▁▁▁▁▁▁▁▁▁
wandb:        loss █▆▆▅▅▄▃▂▂▁
wandb:          lr ▁▁▁▁▁▁▁▁▁▁
wandb: peak_gpu_mb ▁▁▁▁▁▁▁▁▁▁
wandb:     support ▅▂▁▂▃▅▅▅▇█
wandb:   train_avg █▃▂▂▂▂▂▁▁▁
wandb:      wall_s ▁▂▃▃▄▅▆▆▇█
wandb: 
wandb: Run summary:
wandb: best_heldout_mse inf
wandb:        best_step 0
wandb:          coef_tv 0
wandb:         delay_tv 0
wandb:             loss 0.76788
wandb:               lr 1e-05
wandb:           params 5531216
wandb:      peak_gpu_mb 12479.84326
wandb:          support 0.01464
wandb:        train_avg 0.78368
wandb:               +2 ...
wandb: 
wandb: 🚀 View run gnik_tofts8_sl18_s1_s18 at: https://wandb.ai/spshenov-university-of-amsterdam/DCE_NIK/runs/j7u6emop
wandb: ⭐️ View project at: https://wandb.ai/spshenov-university-of-amsterdam/DCE_NIK
wandb: Synced 5 W&B file(s), 0 media file(s), 0 artifact file(s) and 0 other file(s)
wandb: Find logs at: results/tofts_vs_patlak/invivo_k100/tofts8_sl18_s1/wandb_runs/wandb/run-20261007_104106-j7u6emop/logs
slice 18  nik (192, 192, 342)  (3863s)  vs CS: corr 0.970  nrmse 0.186
done 3863s -> results/tofts_vs_patlak/invivo_k100/tofts8_sl18_s1
[W1007 11:45:27.451420841 AllocatorConfig.cpp:28] Warning: PYTORCH_CUDA_ALLOC_CONF is deprecated, use PYTORCH_ALLOC_CONF instead (function operator())
2026-10-07 11:45:27 TRAIN_DONE tofts8 k100 sl18 s1 exit 0
