2026-10-07 22:07:46 host gpu03.cluster job 3489316 task 5
GPU 0: NVIDIA H100 NVL (UUID: GPU-ba65053c-72ed-1c58-80be-07549e6f1e8a)
GPU 1: NVIDIA H100 NVL (UUID: GPU-eaa03982-4105-4fd4-05b4-dfe14a5475f9)
  MIG 2g.24gb     Device  0: (UUID: MIG-7fdc2adf-8d97-57e9-a2a9-0e63797cb117)
GPU 2: NVIDIA H100 NVL (UUID: GPU-c8d1c94c-c938-e03b-b589-eac076bd5f3f)
GPU 3: NVIDIA H100 NVL (UUID: GPU-11c2853b-6154-8665-333f-81dc10b2382c)
task 5: tofts8 k100 p14 slice 24 seed 2 -> results/tofts_vs_patlak/p14/invivo_k100/tofts8_sl24_s2
device=cuda
model=wire_ff_tofts h512 d12 w062 | FF k256/5 t32/1.5 | dcf_pow 0 env 0.75 | 10000 steps, batch 65536, split 0.7
    spoke-reduction: 2157 acquired spokes, 8835072 samples, heldout=NO (same input as CS)
wandb: [wandb.login()] Loaded credentials for https://api.wandb.ai from /home/P101440/.netrc.
wandb: Currently logged in as: spshenov (spshenov-university-of-amsterdam) to https://api.wandb.ai. Use `wandb login --relogin` to force relogin
wandb: setting up run 9oeqntzh
wandb: Tracking run with wandb version 0.25.0
wandb: Run data is saved locally in results/tofts_vs_patlak/p14/invivo_k100/tofts8_sl24_s2/wandb_runs/wandb/run-20261007_220750-9oeqntzh
wandb: Run `wandb offline` to turn off syncing.
wandb: Syncing run gnik_tofts8_sl24_s2_s24
wandb: ⭐️ View project at https://wandb.ai/spshenov-university-of-amsterdam/DCE_NIK
wandb: 🚀 View run at https://wandb.ai/spshenov-university-of-amsterdam/DCE_NIK/runs/9oeqntzh
[wandb] gnik_tofts8_sl24_s2_s24: mode online
    [coef-tv] grid 512 every 32 weight 0 delta 0.1
/net/beegfs/users/P101440/DCE_NIK/train_grasp_nik.py:416: UserWarning: Converting a tensor with requires_grad=True to a scalar may lead to unexpected behavior.
Consider using tensor.detach() first. (Triggered internally at /pytorch/torch/csrc/autograd/generated/python_variable_methods.cpp:836.)
  _tr_sum += float(loss); _tr_n += 1
    [support] mask orientation rot180 (inside-energy fractions now, untrained model: {'id': 0.817, 'rot180': 0.817, 'fliplr': 0.817, 'flipud': 0.817})
    step   1000  train 1.148e+00  (avg 2.366e+00, no held-out)
    step   2000  train 1.030e+00  (avg 1.085e+00, no held-out)
    step   3000  train 9.634e-01  (avg 9.924e-01, no held-out)
    step   4000  train 8.973e-01  (avg 9.323e-01, no held-out)
    step   5000  train 8.045e-01  (avg 8.588e-01, no held-out)
    step   6000  train 7.609e-01  (avg 7.840e-01, no held-out)
    step   7000  train 7.383e-01  (avg 7.534e-01, no held-out)
    step   8000  train 7.169e-01  (avg 7.334e-01, no held-out)
    step   9000  train 7.020e-01  (avg 7.137e-01, no held-out)
    step  10000  train 6.645e-01  (avg 6.823e-01, no held-out)
    final weights kept (best heldout inf at step 0)
    RESOURCES slice 24: peak_gpu_MB 12868 params 5531216 best_heldout inf
wandb: updating run metadata
wandb: 
wandb: Run history:
wandb:     coef_tv ▁▁▁▁▁▁▁▁▁▁
wandb:    delay_tv ▁▁▁▁▁▁▁▁▁▁
wandb:        loss █▆▅▄▃▂▂▂▂▁
wandb:          lr ▁▁▁▁▁▁▁▁▁▁
wandb: peak_gpu_mb ▁▁▁▁▁▁▁▁▁▁
wandb:     support ▅▁▂▁▂▄▃▅▆█
wandb:   train_avg █▃▂▂▂▁▁▁▁▁
wandb:      wall_s ▁▂▃▃▄▅▆▆▇█
wandb: 
wandb: Run summary:
wandb: best_heldout_mse inf
wandb:        best_step 0
wandb:          coef_tv 0
wandb:         delay_tv 0
wandb:             loss 0.66452
wandb:               lr 1e-05
wandb:           params 5531216
wandb:      peak_gpu_mb 12867.95312
wandb:          support 0.00244
wandb:        train_avg 0.68225
wandb:               +2 ...
wandb: 
wandb: 🚀 View run gnik_tofts8_sl24_s2_s24 at: https://wandb.ai/spshenov-university-of-amsterdam/DCE_NIK/runs/9oeqntzh
wandb: ⭐️ View project at: https://wandb.ai/spshenov-university-of-amsterdam/DCE_NIK
wandb: Synced 5 W&B file(s), 0 media file(s), 0 artifact file(s) and 0 other file(s)
wandb: Find logs at: results/tofts_vs_patlak/p14/invivo_k100/tofts8_sl24_s2/wandb_runs/wandb/run-20261007_220750-9oeqntzh/logs
slice 24  nik (256, 256, 431)  (5570s)  vs CS: corr 0.972  nrmse 0.162
done 5571s -> results/tofts_vs_patlak/p14/invivo_k100/tofts8_sl24_s2
[W1007 23:40:39.446429864 AllocatorConfig.cpp:28] Warning: PYTORCH_CUDA_ALLOC_CONF is deprecated, use PYTORCH_ALLOC_CONF instead (function operator())
2026-10-07 23:40:39 TRAIN_DONE tofts8 k100 p14 sl24 s2 exit 0
