2026-10-07 18:57:13 host gpu02.cluster job 3487805 task 1
GPU 0: NVIDIA H100 NVL (UUID: GPU-8e413919-ea16-cb0a-3a38-410620ba1bbd)
GPU 1: NVIDIA H100 NVL (UUID: GPU-6525825b-42ba-d600-6e82-921c05f7390b)
  MIG 2g.24gb     Device  0: (UUID: MIG-5fbcb857-7ec1-52fa-967f-a37150159422)
GPU 2: NVIDIA H100 NVL (UUID: GPU-64ef941c-2af9-b1a4-b0f1-3dea68d79f02)
GPU 3: NVIDIA H100 NVL (UUID: GPU-daac2482-6ad0-32bd-5511-a75765fd3610)
task 1: tofts8 k100 p14 slice 21 seed 1 -> results/tofts_vs_patlak/p14/invivo_k100/tofts8_sl21_s1
device=cuda
model=wire_ff_tofts h512 d12 w062 | FF k256/5 t32/1.5 | dcf_pow 0 env 0.75 | 10000 steps, batch 65536, split 0.7
    spoke-reduction: 2157 acquired spokes, 8835072 samples, heldout=NO (same input as CS)
wandb: [wandb.login()] Loaded credentials for https://api.wandb.ai from /home/P101440/.netrc.
wandb: Currently logged in as: spshenov (spshenov-university-of-amsterdam) to https://api.wandb.ai. Use `wandb login --relogin` to force relogin
wandb: setting up run 4ukjjjxx
wandb: Tracking run with wandb version 0.25.0
wandb: Run data is saved locally in results/tofts_vs_patlak/p14/invivo_k100/tofts8_sl21_s1/wandb_runs/wandb/run-20261007_185720-4ukjjjxx
wandb: Run `wandb offline` to turn off syncing.
wandb: Syncing run gnik_tofts8_sl21_s1_s21
wandb: ⭐️ View project at https://wandb.ai/spshenov-university-of-amsterdam/DCE_NIK
wandb: 🚀 View run at https://wandb.ai/spshenov-university-of-amsterdam/DCE_NIK/runs/4ukjjjxx
[wandb] gnik_tofts8_sl21_s1_s21: mode online
    [coef-tv] grid 512 every 32 weight 0 delta 0.1
/net/beegfs/users/P101440/DCE_NIK/train_grasp_nik.py:416: UserWarning: Converting a tensor with requires_grad=True to a scalar may lead to unexpected behavior.
Consider using tensor.detach() first. (Triggered internally at /pytorch/torch/csrc/autograd/generated/python_variable_methods.cpp:836.)
  _tr_sum += float(loss); _tr_n += 1
    [support] mask orientation rot180 (inside-energy fractions now, untrained model: {'id': 0.798, 'rot180': 0.798, 'fliplr': 0.798, 'flipud': 0.798})
    step   1000  train 1.293e+00  (avg 2.450e+00, no held-out)
    step   2000  train 1.159e+00  (avg 1.205e+00, no held-out)
    step   3000  train 1.095e+00  (avg 1.137e+00, no held-out)
    step   4000  train 1.055e+00  (avg 1.082e+00, no held-out)
    step   5000  train 9.773e-01  (avg 1.015e+00, no held-out)
    step   6000  train 9.105e-01  (avg 9.500e-01, no held-out)
    step   7000  train 8.790e-01  (avg 9.015e-01, no held-out)
    step   8000  train 8.564e-01  (avg 8.702e-01, no held-out)
    step   9000  train 8.494e-01  (avg 8.488e-01, no held-out)
    step  10000  train 8.206e-01  (avg 8.331e-01, no held-out)
    final weights kept (best heldout inf at step 0)
    RESOURCES slice 21: peak_gpu_MB 12868 params 5531216 best_heldout inf
wandb: updating run metadata
wandb: uploading history steps 9-9, summary, console lines 17-17
wandb: 
wandb: Run history:
wandb:     coef_tv ▁▁▁▁▁▁▁▁▁▁
wandb:    delay_tv ▁▁▁▁▁▁▁▁▁▁
wandb:        loss █▆▅▄▃▂▂▂▁▁
wandb:          lr ▁▁▁▁▁▁▁▁▁▁
wandb: peak_gpu_mb ▁▁▁▁▁▁▁▁▁▁
wandb:     support ▄▁▃▃▅▅▆▇▇█
wandb:   train_avg █▃▂▂▂▂▁▁▁▁
wandb:      wall_s ▁▂▃▃▄▅▆▆▇█
wandb: 
wandb: Run summary:
wandb: best_heldout_mse inf
wandb:        best_step 0
wandb:          coef_tv 0
wandb:         delay_tv 0
wandb:             loss 0.82063
wandb:               lr 1e-05
wandb:           params 5531216
wandb:      peak_gpu_mb 12867.95312
wandb:          support 0.00259
wandb:        train_avg 0.83314
wandb:               +2 ...
wandb: 
wandb: 🚀 View run gnik_tofts8_sl21_s1_s21 at: https://wandb.ai/spshenov-university-of-amsterdam/DCE_NIK/runs/4ukjjjxx
wandb: ⭐️ View project at: https://wandb.ai/spshenov-university-of-amsterdam/DCE_NIK
wandb: Synced 5 W&B file(s), 0 media file(s), 0 artifact file(s) and 0 other file(s)
wandb: Find logs at: results/tofts_vs_patlak/p14/invivo_k100/tofts8_sl21_s1/wandb_runs/wandb/run-20261007_185720-4ukjjjxx/logs
slice 21  nik (256, 256, 431)  (5695s)  vs CS: corr 0.973  nrmse 0.159
done 5700s -> results/tofts_vs_patlak/p14/invivo_k100/tofts8_sl21_s1
[W1007 20:32:15.532381626 AllocatorConfig.cpp:28] Warning: PYTORCH_CUDA_ALLOC_CONF is deprecated, use PYTORCH_ALLOC_CONF instead (function operator())
2026-10-07 20:32:15 TRAIN_DONE tofts8 k100 p14 sl21 s1 exit 0
