2026-10-08 07:21:47 host gpu02.cluster job 3496231 task 16
GPU 0: NVIDIA H100 NVL (UUID: GPU-8e413919-ea16-cb0a-3a38-410620ba1bbd)
  MIG 2g.24gb     Device  0: (UUID: MIG-281c0c74-ddae-5f82-9b91-3e7d8a855877)
GPU 1: NVIDIA H100 NVL (UUID: GPU-6525825b-42ba-d600-6e82-921c05f7390b)
GPU 2: NVIDIA H100 NVL (UUID: GPU-64ef941c-2af9-b1a4-b0f1-3dea68d79f02)
GPU 3: NVIDIA H100 NVL (UUID: GPU-daac2482-6ad0-32bd-5511-a75765fd3610)
task 16: sub16 k100 p14 slice 24 seed 0 -> results/tofts_vs_patlak/p14/invivo_k100/sub16_sl24_s0
device=cuda
model=wire_ff_subspace rank16 h512 d12 w062 | FF k256/5 t32/1.5 | dcf_pow 0 env 0.75 | 10000 steps, batch 65536, split 0.7
    spoke-reduction: 2157 acquired spokes, 8835072 samples, heldout=NO (same input as CS)
wandb: [wandb.login()] Loaded credentials for https://api.wandb.ai from /home/P101440/.netrc.
wandb: Currently logged in as: spshenov (spshenov-university-of-amsterdam) to https://api.wandb.ai. Use `wandb login --relogin` to force relogin
wandb: setting up run 5nhgagep
wandb: Tracking run with wandb version 0.25.0
wandb: Run data is saved locally in results/tofts_vs_patlak/p14/invivo_k100/sub16_sl24_s0/wandb_runs/wandb/run-20261008_072152-5nhgagep
wandb: Run `wandb offline` to turn off syncing.
wandb: Syncing run gnik_sub16_sl24_s0_s24
wandb: ⭐️ View project at https://wandb.ai/spshenov-university-of-amsterdam/DCE_NIK
wandb: 🚀 View run at https://wandb.ai/spshenov-university-of-amsterdam/DCE_NIK/runs/5nhgagep
[wandb] gnik_sub16_sl24_s0_s24: mode online
    warmstarted Phi from PCA basis (rank 16, 100 frames, fit MSE 3.554e-04)
    [coef-tv] grid 512 every 32 weight 0 delta 0.1
/net/beegfs/users/P101440/DCE_NIK/train_grasp_nik.py:416: UserWarning: Converting a tensor with requires_grad=True to a scalar may lead to unexpected behavior.
Consider using tensor.detach() first. (Triggered internally at /pytorch/torch/csrc/autograd/generated/python_variable_methods.cpp:836.)
  _tr_sum += float(loss); _tr_n += 1
    [support] mask orientation rot180 (inside-energy fractions now, untrained model: {'id': 0.858, 'rot180': 0.858, 'fliplr': 0.857, 'flipud': 0.857})
    step   1000  train 5.684e-01  (avg 9.968e-01, no held-out)
    step   2000  train 3.200e-01  (avg 4.019e-01, no held-out)
    step   3000  train 2.827e-01  (avg 2.978e-01, no held-out)
    step   4000  train 2.604e-01  (avg 2.693e-01, no held-out)
    step   5000  train 2.487e-01  (avg 2.531e-01, no held-out)
    step   6000  train 2.358e-01  (avg 2.410e-01, no held-out)
    step   7000  train 2.280e-01  (avg 2.339e-01, no held-out)
    step   8000  train 2.244e-01  (avg 2.271e-01, no held-out)
    step   9000  train 2.109e-01  (avg 2.216e-01, no held-out)
    step  10000  train 2.214e-01  (avg 2.203e-01, no held-out)
    final weights kept (best heldout inf at step 0)
    RESOURCES slice 24: peak_gpu_MB 12868 params 5558016 best_heldout inf
wandb: updating run metadata
wandb: uploading config.yaml; uploading output.log; uploading wandb-summary.json
wandb: 
wandb: Run history:
wandb:     coef_tv ▁▁▁▁▁▁▁▁▁▁
wandb:    delay_tv ▁▁▁▁▁▁▁▁▁▁
wandb:        loss █▃▂▂▂▁▁▁▁▁
wandb:          lr ▁▁▁▁▁▁▁▁▁▁
wandb: peak_gpu_mb ▁▁▁▁▁▁▁▁▁▁
wandb:     support █▄▃▂▂▁▁▁▁▁
wandb:   train_avg █▃▂▁▁▁▁▁▁▁
wandb:      wall_s ▁▂▃▃▄▅▆▆▇█
wandb: 
wandb: Run summary:
wandb: best_heldout_mse inf
wandb:        best_step 0
wandb:          coef_tv 0
wandb:         delay_tv 0
wandb:             loss 0.2214
wandb:               lr 1e-05
wandb:           params 5558016
wandb:      peak_gpu_mb 12868.24658
wandb:          support 0.00252
wandb:        train_avg 0.22032
wandb:               +2 ...
wandb: 
wandb: 🚀 View run gnik_sub16_sl24_s0_s24 at: https://wandb.ai/spshenov-university-of-amsterdam/DCE_NIK/runs/5nhgagep
wandb: ⭐️ View project at: https://wandb.ai/spshenov-university-of-amsterdam/DCE_NIK
wandb: Synced 5 W&B file(s), 0 media file(s), 0 artifact file(s) and 0 other file(s)
wandb: Find logs at: results/tofts_vs_patlak/p14/invivo_k100/sub16_sl24_s0/wandb_runs/wandb/run-20261008_072152-5nhgagep/logs
slice 24  nik (256, 256, 431)  (5734s)  vs CS: corr 0.954  nrmse 0.205
done 5735s -> results/tofts_vs_patlak/p14/invivo_k100/sub16_sl24_s0
[W1008 08:57:25.353036642 AllocatorConfig.cpp:28] Warning: PYTORCH_CUDA_ALLOC_CONF is deprecated, use PYTORCH_ALLOC_CONF instead (function operator())
2026-10-08 08:57:25 TRAIN_DONE sub16 k100 p14 sl24 s0 exit 0
