2026-10-08 08:57:38 host gpu02.cluster job 3496353 task 18
GPU 0: NVIDIA H100 NVL (UUID: GPU-8e413919-ea16-cb0a-3a38-410620ba1bbd)
  MIG 2g.24gb     Device  0: (UUID: MIG-281c0c74-ddae-5f82-9b91-3e7d8a855877)
GPU 1: NVIDIA H100 NVL (UUID: GPU-6525825b-42ba-d600-6e82-921c05f7390b)
GPU 2: NVIDIA H100 NVL (UUID: GPU-64ef941c-2af9-b1a4-b0f1-3dea68d79f02)
GPU 3: NVIDIA H100 NVL (UUID: GPU-daac2482-6ad0-32bd-5511-a75765fd3610)
task 18: free k100 p14 slice 21 seed 0 -> results/tofts_vs_patlak/p14/invivo_k100/free_sl21_s0
device=cuda
model=wire_ff_res h512 d12 w062 | FF k256/5 t32/1.5 | dcf_pow 0 env 0.75 | 10000 steps, batch 65536, split 0.7
    spoke-reduction: 2157 acquired spokes, 8835072 samples, heldout=NO (same input as CS)
wandb: [wandb.login()] Loaded credentials for https://api.wandb.ai from /home/P101440/.netrc.
wandb: Currently logged in as: spshenov (spshenov-university-of-amsterdam) to https://api.wandb.ai. Use `wandb login --relogin` to force relogin
wandb: setting up run zs5a1gqt
wandb: Tracking run with wandb version 0.25.0
wandb: Run data is saved locally in results/tofts_vs_patlak/p14/invivo_k100/free_sl21_s0/wandb_runs/wandb/run-20261008_085742-zs5a1gqt
wandb: Run `wandb offline` to turn off syncing.
wandb: Syncing run gnik_free_sl21_s0_s21
wandb: ⭐️ View project at https://wandb.ai/spshenov-university-of-amsterdam/DCE_NIK
wandb: 🚀 View run at https://wandb.ai/spshenov-university-of-amsterdam/DCE_NIK/runs/zs5a1gqt
[wandb] gnik_free_sl21_s0_s21: mode online
/net/beegfs/users/P101440/DCE_NIK/train_grasp_nik.py:416: UserWarning: Converting a tensor with requires_grad=True to a scalar may lead to unexpected behavior.
Consider using tensor.detach() first. (Triggered internally at /pytorch/torch/csrc/autograd/generated/python_variable_methods.cpp:836.)
  _tr_sum += float(loss); _tr_n += 1
    step   1000  train 1.082e+00  (avg 1.448e+00, no held-out)
    step   2000  train 9.768e-01  (avg 1.022e+00, no held-out)
    step   3000  train 9.270e-01  (avg 9.459e-01, no held-out)
    step   4000  train 8.608e-01  (avg 8.851e-01, no held-out)
    step   5000  train 7.959e-01  (avg 8.271e-01, no held-out)
    step   6000  train 7.201e-01  (avg 7.566e-01, no held-out)
    step   7000  train 6.561e-01  (avg 6.798e-01, no held-out)
    step   8000  train 5.963e-01  (avg 6.193e-01, no held-out)
    step   9000  train 5.644e-01  (avg 5.804e-01, no held-out)
    step  10000  train 5.464e-01  (avg 5.548e-01, no held-out)
    final weights kept (best heldout inf at step 0)
    RESOURCES slice 21: peak_gpu_MB 12879 params 5549634 best_heldout inf
wandb: updating run metadata
wandb: 
wandb: Run history:
wandb:     coef_tv ▁▁▁▁▁▁▁▁▁▁
wandb:    delay_tv ▁▁▁▁▁▁▁▁▁▁
wandb:        loss █▇▆▅▄▃▂▂▁▁
wandb:          lr ▁▁▁▁▁▁▁▁▁▁
wandb: peak_gpu_mb ▁▁▁▁▁▁▁▁▁▁
wandb:     support ▁▁▁▁▁▁▁▁▁▁
wandb:   train_avg █▅▄▄▃▃▂▂▁▁
wandb:      wall_s ▁▂▃▃▄▅▆▆▇█
wandb: 
wandb: Run summary:
wandb: best_heldout_mse inf
wandb:        best_step 0
wandb:          coef_tv 0
wandb:         delay_tv 0
wandb:             loss 0.54644
wandb:               lr 1e-05
wandb:           params 5549634
wandb:      peak_gpu_mb 12878.896
wandb:          support 0
wandb:        train_avg 0.55481
wandb:               +2 ...
wandb: 
wandb: 🚀 View run gnik_free_sl21_s0_s21 at: https://wandb.ai/spshenov-university-of-amsterdam/DCE_NIK/runs/zs5a1gqt
wandb: ⭐️ View project at: https://wandb.ai/spshenov-university-of-amsterdam/DCE_NIK
wandb: Synced 5 W&B file(s), 0 media file(s), 0 artifact file(s) and 0 other file(s)
wandb: Find logs at: results/tofts_vs_patlak/p14/invivo_k100/free_sl21_s0/wandb_runs/wandb/run-20261008_085742-zs5a1gqt/logs
slice 21  nik (256, 256, 431)  (2819s)  vs CS: corr 0.967  nrmse 0.173
done 2820s -> results/tofts_vs_patlak/p14/invivo_k100/free_sl21_s0
[W1008 09:44:40.534193423 AllocatorConfig.cpp:28] Warning: PYTORCH_CUDA_ALLOC_CONF is deprecated, use PYTORCH_ALLOC_CONF instead (function operator())
2026-10-08 09:44:40 TRAIN_DONE free k100 p14 sl21 s0 exit 0
