2026-10-08 02:46:15 host gpu02.cluster job 3494205 task 10
GPU 0: NVIDIA H100 NVL (UUID: GPU-8e413919-ea16-cb0a-3a38-410620ba1bbd)
  MIG 2g.24gb     Device  0: (UUID: MIG-281c0c74-ddae-5f82-9b91-3e7d8a855877)
GPU 1: NVIDIA H100 NVL (UUID: GPU-6525825b-42ba-d600-6e82-921c05f7390b)
GPU 2: NVIDIA H100 NVL (UUID: GPU-64ef941c-2af9-b1a4-b0f1-3dea68d79f02)
GPU 3: NVIDIA H100 NVL (UUID: GPU-daac2482-6ad0-32bd-5511-a75765fd3610)
task 10: tofts8oc k100 p14 slice 24 seed 0 -> results/tofts_vs_patlak/p14/invivo_k100_oc/tofts8_sl24_s0
device=cuda
model=wire_ff_tofts h512 d12 w062 | FF k256/5 t32/1.5 | dcf_pow 0 env 0.75 | 10000 steps, batch 65536, split 0.7
    spoke-reduction: 2157 acquired spokes, 8835072 samples, heldout=NO (same input as CS)
wandb: [wandb.login()] Loaded credentials for https://api.wandb.ai from /home/P101440/.netrc.
wandb: Currently logged in as: spshenov (spshenov-university-of-amsterdam) to https://api.wandb.ai. Use `wandb login --relogin` to force relogin
wandb: setting up run ul34vzlu
wandb: Tracking run with wandb version 0.25.0
wandb: Run data is saved locally in results/tofts_vs_patlak/p14/invivo_k100_oc/tofts8_sl24_s0/wandb_runs/wandb/run-20261008_024620-ul34vzlu
wandb: Run `wandb offline` to turn off syncing.
wandb: Syncing run gnik_tofts8_sl24_s0_s24
wandb: ⭐️ View project at https://wandb.ai/spshenov-university-of-amsterdam/DCE_NIK
wandb: 🚀 View run at https://wandb.ai/spshenov-university-of-amsterdam/DCE_NIK/runs/ul34vzlu
[wandb] gnik_tofts8_sl24_s0_s24: mode online
    [coef-tv] grid 512 every 32 weight 0 delta 0.1
/net/beegfs/users/P101440/DCE_NIK/train_grasp_nik.py:416: UserWarning: Converting a tensor with requires_grad=True to a scalar may lead to unexpected behavior.
Consider using tensor.detach() first. (Triggered internally at /pytorch/torch/csrc/autograd/generated/python_variable_methods.cpp:836.)
  _tr_sum += float(loss); _tr_n += 1
    [support] mask orientation rot180 (inside-energy fractions now, untrained model: {'id': 0.913, 'rot180': 0.913, 'fliplr': 0.913, 'flipud': 0.913})
    step   1000  train 1.259e+00  (avg 2.781e+00, no held-out)
    step   2000  train 1.138e+00  (avg 1.194e+00, no held-out)
    step   3000  train 1.123e+00  (avg 1.130e+00, no held-out)
    step   4000  train 1.061e+00  (avg 1.088e+00, no held-out)
    step   5000  train 9.413e-01  (avg 1.029e+00, no held-out)
    step   6000  train 7.704e-01  (avg 8.316e-01, no held-out)
    step   7000  train 7.408e-01  (avg 7.579e-01, no held-out)
    step   8000  train 6.686e-01  (avg 7.015e-01, no held-out)
    step   9000  train 6.146e-01  (avg 6.445e-01, no held-out)
    step  10000  train 5.946e-01  (avg 6.065e-01, no held-out)
    final weights kept (best heldout inf at step 0)
    RESOURCES slice 24: peak_gpu_MB 12865 params 5641856 best_heldout inf
wandb: updating run metadata
wandb: uploading output.log; uploading wandb-summary.json; uploading config.yaml
wandb: 
wandb: Run history:
wandb:     coef_tv ▁▁▁▁▁▁▁▁▁▁
wandb:    delay_tv ▁▁▁▁▁▁▁▁▁▁
wandb:        loss █▇▇▆▅▃▃▂▁▁
wandb:          lr ▁▁▁▁▁▁▁▁▁▁
wandb: peak_gpu_mb ▁▁▁▁▁▁▁▁▁▁
wandb:     support █▆▃▂▂▁▃▅▇█
wandb:   train_avg █▃▃▃▂▂▁▁▁▁
wandb:      wall_s ▁▂▃▃▄▅▆▆▇█
wandb: 
wandb: Run summary:
wandb: best_heldout_mse inf
wandb:        best_step 0
wandb:          coef_tv 0
wandb:         delay_tv 0
wandb:             loss 0.59465
wandb:               lr 1e-05
wandb:           params 5641856
wandb:      peak_gpu_mb 12865.21729
wandb:          support 0.00233
wandb:        train_avg 0.60652
wandb:               +2 ...
wandb: 
wandb: 🚀 View run gnik_tofts8_sl24_s0_s24 at: https://wandb.ai/spshenov-university-of-amsterdam/DCE_NIK/runs/ul34vzlu
wandb: ⭐️ View project at: https://wandb.ai/spshenov-university-of-amsterdam/DCE_NIK
wandb: Synced 5 W&B file(s), 0 media file(s), 0 artifact file(s) and 0 other file(s)
wandb: Find logs at: results/tofts_vs_patlak/p14/invivo_k100_oc/tofts8_sl24_s0/wandb_runs/wandb/run-20261008_024620-ul34vzlu/logs
slice 24  nik (256, 256, 431)  (5526s)  vs CS: corr 0.976  nrmse 0.149
done 5527s -> results/tofts_vs_patlak/p14/invivo_k100_oc/tofts8_sl24_s0
[W1008 04:18:25.792614549 AllocatorConfig.cpp:28] Warning: PYTORCH_CUDA_ALLOC_CONF is deprecated, use PYTORCH_ALLOC_CONF instead (function operator())
2026-10-08 04:18:26 TRAIN_DONE tofts8oc k100 p14 sl24 s0 exit 0
