2026-10-08 05:50:46 host gpu03.cluster job 3495997 task 15
GPU 0: NVIDIA H100 NVL (UUID: GPU-ba65053c-72ed-1c58-80be-07549e6f1e8a)
  MIG 2g.24gb     Device  0: (UUID: MIG-f328f7be-cd56-503a-9bd5-4e010efe4fe5)
GPU 1: NVIDIA H100 NVL (UUID: GPU-eaa03982-4105-4fd4-05b4-dfe14a5475f9)
GPU 2: NVIDIA H100 NVL (UUID: GPU-c8d1c94c-c938-e03b-b589-eac076bd5f3f)
GPU 3: NVIDIA H100 NVL (UUID: GPU-11c2853b-6154-8665-333f-81dc10b2382c)
task 15: sub16 k100 p14 slice 21 seed 0 -> results/tofts_vs_patlak/p14/invivo_k100/sub16_sl21_s0
device=cuda
model=wire_ff_subspace rank16 h512 d12 w062 | FF k256/5 t32/1.5 | dcf_pow 0 env 0.75 | 10000 steps, batch 65536, split 0.7
    spoke-reduction: 2157 acquired spokes, 8835072 samples, heldout=NO (same input as CS)
wandb: [wandb.login()] Loaded credentials for https://api.wandb.ai from /home/P101440/.netrc.
wandb: Currently logged in as: spshenov (spshenov-university-of-amsterdam) to https://api.wandb.ai. Use `wandb login --relogin` to force relogin
wandb: setting up run 5bsflw0f
wandb: Tracking run with wandb version 0.25.0
wandb: Run data is saved locally in results/tofts_vs_patlak/p14/invivo_k100/sub16_sl21_s0/wandb_runs/wandb/run-20261008_055051-5bsflw0f
wandb: Run `wandb offline` to turn off syncing.
wandb: Syncing run gnik_sub16_sl21_s0_s21
wandb: ⭐️ View project at https://wandb.ai/spshenov-university-of-amsterdam/DCE_NIK
wandb: 🚀 View run at https://wandb.ai/spshenov-university-of-amsterdam/DCE_NIK/runs/5bsflw0f
[wandb] gnik_sub16_sl21_s0_s21: mode online
    warmstarted Phi from PCA basis (rank 16, 100 frames, fit MSE 2.089e-04)
    [coef-tv] grid 512 every 32 weight 0 delta 0.1
/net/beegfs/users/P101440/DCE_NIK/train_grasp_nik.py:416: UserWarning: Converting a tensor with requires_grad=True to a scalar may lead to unexpected behavior.
Consider using tensor.detach() first. (Triggered internally at /pytorch/torch/csrc/autograd/generated/python_variable_methods.cpp:836.)
  _tr_sum += float(loss); _tr_n += 1
    [support] mask orientation rot180 (inside-energy fractions now, untrained model: {'id': 0.87, 'rot180': 0.87, 'fliplr': 0.869, 'flipud': 0.869})
    step   1000  train 8.472e-01  (avg 1.165e+00, no held-out)
    step   2000  train 4.846e-01  (avg 6.102e-01, no held-out)
    step   3000  train 4.199e-01  (avg 4.452e-01, no held-out)
    step   4000  train 3.872e-01  (avg 4.005e-01, no held-out)
    step   5000  train 3.737e-01  (avg 3.769e-01, no held-out)
    step   6000  train 3.559e-01  (avg 3.627e-01, no held-out)
    step   7000  train 3.491e-01  (avg 3.524e-01, no held-out)
    step   8000  train 3.400e-01  (avg 3.430e-01, no held-out)
    step   9000  train 3.368e-01  (avg 3.374e-01, no held-out)
    step  10000  train 3.379e-01  (avg 3.332e-01, no held-out)
    final weights kept (best heldout inf at step 0)
    RESOURCES slice 21: peak_gpu_MB 12868 params 5558016 best_heldout inf
wandb: updating run metadata
wandb: 
wandb: Run history:
wandb:     coef_tv ▁▁▁▁▁▁▁▁▁▁
wandb:    delay_tv ▁▁▁▁▁▁▁▁▁▁
wandb:        loss █▃▂▂▂▁▁▁▁▁
wandb:          lr ▁▁▁▁▁▁▁▁▁▁
wandb: peak_gpu_mb ▁▁▁▁▁▁▁▁▁▁
wandb:     support █▅▄▃▂▂▁▁▁▁
wandb:   train_avg █▃▂▂▁▁▁▁▁▁
wandb:      wall_s ▁▂▃▃▄▅▆▆▇█
wandb: 
wandb: Run summary:
wandb: best_heldout_mse inf
wandb:        best_step 0
wandb:          coef_tv 0
wandb:         delay_tv 0
wandb:             loss 0.33785
wandb:               lr 1e-05
wandb:           params 5558016
wandb:      peak_gpu_mb 12868.24658
wandb:          support 0.00291
wandb:        train_avg 0.33324
wandb:               +2 ...
wandb: 
wandb: 🚀 View run gnik_sub16_sl21_s0_s21 at: https://wandb.ai/spshenov-university-of-amsterdam/DCE_NIK/runs/5bsflw0f
wandb: ⭐️ View project at: https://wandb.ai/spshenov-university-of-amsterdam/DCE_NIK
wandb: Synced 5 W&B file(s), 0 media file(s), 0 artifact file(s) and 0 other file(s)
wandb: Find logs at: results/tofts_vs_patlak/p14/invivo_k100/sub16_sl21_s0/wandb_runs/wandb/run-20261008_055051-5bsflw0f/logs
slice 21  nik (256, 256, 431)  (5726s)  vs CS: corr 0.939  nrmse 0.234
done 5727s -> results/tofts_vs_patlak/p14/invivo_k100/sub16_sl21_s0
[W1008 07:26:15.759418709 AllocatorConfig.cpp:28] Warning: PYTORCH_CUDA_ALLOC_CONF is deprecated, use PYTORCH_ALLOC_CONF instead (function operator())
2026-10-08 07:26:15 TRAIN_DONE sub16 k100 p14 sl21 s0 exit 0
