2026-10-08 17:51:24 host gpu02.cluster job 3501933 task 1 stage train
GPU 0: NVIDIA H100 NVL (UUID: GPU-8e413919-ea16-cb0a-3a38-410620ba1bbd)
GPU 1: NVIDIA H100 NVL (UUID: GPU-6525825b-42ba-d600-6e82-921c05f7390b)
  MIG 2g.24gb     Device  0: (UUID: MIG-5fbcb857-7ec1-52fa-967f-a37150159422)
GPU 2: NVIDIA H100 NVL (UUID: GPU-64ef941c-2af9-b1a4-b0f1-3dea68d79f02)
GPU 3: NVIDIA H100 NVL (UUID: GPU-daac2482-6ad0-32bd-5511-a75765fd3610)
task 1: sub16 with aif (--model wire_ff_patlak --aif-file /net/beegfs/users/P101440/DCE_NIK/aif_slice21.npz --patlak-free 13 --support-weight 1 --support-mask spoke_masks/support_sl21_d6.npy --support-orient rot180 --coef-tv-every 32 --weight-decay 0.003) -> results/tofts_vs_patlak/aif_feat/sub16_sl21_s0
error    libmamba Could not set lock (Resource temporarily unavailable)
warning  libmamba Cannot lock '/home/P101440/.cache/mamba/proc'
    Waiting for other mamba process to finish
device=cuda
model=wire_ff_patlak h512 d12 w062 | FF k256/2.5 t32/1.5 | dcf_pow 0 env 0.75 | 10000 steps, batch 65536, split 0.7
    spoke-reduction: 1708 acquired spokes, 5246976 samples, heldout=NO (same input as CS)
wandb: [wandb.login()] Loaded credentials for https://api.wandb.ai from /home/P101440/.netrc.
wandb: Currently logged in as: spshenov (spshenov-university-of-amsterdam) to https://api.wandb.ai. Use `wandb login --relogin` to force relogin
wandb: setting up run p6lz29vk
wandb: Tracking run with wandb version 0.25.0
wandb: Run data is saved locally in results/tofts_vs_patlak/aif_feat/sub16_sl21_s0/wandb_runs/wandb/run-20261008_175128-p6lz29vk
wandb: Run `wandb offline` to turn off syncing.
wandb: Syncing run gnik_sub16_sl21_s0_s21
wandb: ⭐️ View project at https://wandb.ai/spshenov-university-of-amsterdam/DCE_NIK
wandb: 🚀 View run at https://wandb.ai/spshenov-university-of-amsterdam/DCE_NIK/runs/p6lz29vk
[wandb] gnik_sub16_sl21_s0_s21: mode online
    [coef-tv] grid 384 every 32 weight 0 delta 0.1
/net/beegfs/users/P101440/DCE_NIK/train_grasp_nik.py:424: UserWarning: Converting a tensor with requires_grad=True to a scalar may lead to unexpected behavior.
Consider using tensor.detach() first. (Triggered internally at /pytorch/torch/csrc/autograd/generated/python_variable_methods.cpp:836.)
  _tr_sum += float(loss); _tr_n += 1
    [support] mask orientation rot180 (inside-energy fractions now, untrained model: {'id': 0.838, 'rot180': 0.838, 'fliplr': 0.838, 'flipud': 0.834})
    step   1000  train 9.451e-01  (avg 1.520e+00, no held-out)
    step   2000  train 6.222e-01  (avg 7.839e-01, no held-out)
    step   3000  train 4.708e-01  (avg 5.387e-01, no held-out)
    step   4000  train 3.831e-01  (avg 4.273e-01, no held-out)
    step   5000  train 3.419e-01  (avg 3.573e-01, no held-out)
    step   6000  train 2.991e-01  (avg 3.145e-01, no held-out)
    step   7000  train 2.712e-01  (avg 2.852e-01, no held-out)
    step   8000  train 2.614e-01  (avg 2.667e-01, no held-out)
    step   9000  train 2.393e-01  (avg 2.486e-01, no held-out)
    step  10000  train 2.367e-01  (avg 2.426e-01, no held-out)
    final weights kept (best heldout inf at step 0)
    RESOURCES slice 21: peak_gpu_MB 12480 params 5557626 best_heldout inf
wandb: updating run metadata
wandb: uploading config.yaml; uploading output.log; uploading wandb-summary.json
wandb: 
wandb: Run history:
wandb:     coef_tv ▁▁▁▁▁▁▁▁▁▁
wandb:    delay_tv ▁▁▁▁▁▁▁▁▁▁
wandb:        loss █▅▃▂▂▂▁▁▁▁
wandb:          lr ▁▁▁▁▁▁▁▁▁▁
wandb: peak_gpu_mb ▁▁▁▁▁▁▁▁▁▁
wandb:     support █▄▂▁▁▁▁▁▁▁
wandb:   train_avg █▄▃▂▂▁▁▁▁▁
wandb:      wall_s ▁▂▃▃▄▅▆▆▇█
wandb: 
wandb: Run summary:
wandb: best_heldout_mse inf
wandb:        best_step 0
wandb:          coef_tv 0
wandb:         delay_tv 0
wandb:             loss 0.23667
wandb:               lr 1e-05
wandb:           params 5557626
wandb:      peak_gpu_mb 12480.13965
wandb:          support 0.00356
wandb:        train_avg 0.24258
wandb:               +2 ...
wandb: 
wandb: 🚀 View run gnik_sub16_sl21_s0_s21 at: https://wandb.ai/spshenov-university-of-amsterdam/DCE_NIK/runs/p6lz29vk
wandb: ⭐️ View project at: https://wandb.ai/spshenov-university-of-amsterdam/DCE_NIK
wandb: Synced 5 W&B file(s), 0 media file(s), 0 artifact file(s) and 0 other file(s)
wandb: Find logs at: results/tofts_vs_patlak/aif_feat/sub16_sl21_s0/wandb_runs/wandb/run-20261008_175128-p6lz29vk/logs
slice 21  nik (192, 192, 342)  (3973s)  vs CS: corr 0.951  nrmse 0.227
done 3974s -> results/tofts_vs_patlak/aif_feat/sub16_sl21_s0
[W1008 18:57:40.667320613 AllocatorConfig.cpp:28] Warning: PYTORCH_CUDA_ALLOC_CONF is deprecated, use PYTORCH_ALLOC_CONF instead (function operator())
2026-10-08 18:57:40 TRAIN_DONE sub16 aif exit 0
