2026-10-08 18:57:48 host gpu02.cluster job 3502341 task 1 stage train
GPU 0: NVIDIA H100 NVL (UUID: GPU-8e413919-ea16-cb0a-3a38-410620ba1bbd)
  MIG 2g.24gb     Device  0: (UUID: MIG-281c0c74-ddae-5f82-9b91-3e7d8a855877)
GPU 1: NVIDIA H100 NVL (UUID: GPU-6525825b-42ba-d600-6e82-921c05f7390b)
GPU 2: NVIDIA H100 NVL (UUID: GPU-64ef941c-2af9-b1a4-b0f1-3dea68d79f02)
GPU 3: NVIDIA H100 NVL (UUID: GPU-daac2482-6ad0-32bd-5511-a75765fd3610)
task 1: tofts8 supfast20 seed 1 -> results/tofts_vs_patlak/peak_levers/supfast20/tofts8_sl21_s1
device=cuda
model=wire_ff_tofts h512 d12 w062 | FF k256/2.5 t32/1.5 | dcf_pow 0 env 0.75 | 10000 steps, batch 65536, split 0.7
    spoke-reduction: 1708 acquired spokes, 5246976 samples, heldout=NO (same input as CS)
wandb: [wandb.login()] Loaded credentials for https://api.wandb.ai from /home/P101440/.netrc.
wandb: Currently logged in as: spshenov (spshenov-university-of-amsterdam) to https://api.wandb.ai. Use `wandb login --relogin` to force relogin
wandb: setting up run 3p9h5w8t
wandb: Tracking run with wandb version 0.25.0
wandb: Run data is saved locally in results/tofts_vs_patlak/peak_levers/supfast20/tofts8_sl21_s1/wandb_runs/wandb/run-20261008_185752-3p9h5w8t
wandb: Run `wandb offline` to turn off syncing.
wandb: Syncing run gnik_tofts8_sl21_s1_s21
wandb: ⭐️ View project at https://wandb.ai/spshenov-university-of-amsterdam/DCE_NIK
wandb: 🚀 View run at https://wandb.ai/spshenov-university-of-amsterdam/DCE_NIK/runs/3p9h5w8t
[wandb] gnik_tofts8_sl21_s1_s21: mode online
    [coef-tv] grid 384 every 32 weight 0 delta 0.1
    [prior groups] slow atoms 0..2: tv 1 support 1 | fast atoms 3..7: tv 1 support 20
/net/beegfs/users/P101440/DCE_NIK/train_grasp_nik.py:424: UserWarning: Converting a tensor with requires_grad=True to a scalar may lead to unexpected behavior.
Consider using tensor.detach() first. (Triggered internally at /pytorch/torch/csrc/autograd/generated/python_variable_methods.cpp:836.)
  _tr_sum += float(loss); _tr_n += 1
    [support] mask orientation rot180 (inside-energy fractions now, untrained model: {'id': 0.815, 'rot180': 0.815, 'fliplr': 0.815, 'flipud': 0.814})
    step   1000  train 1.114e+00  (avg 2.265e+00, no held-out)
    step   2000  train 9.729e-01  (avg 1.018e+00, no held-out)
    step   3000  train 8.740e-01  (avg 9.117e-01, no held-out)
    step   4000  train 8.243e-01  (avg 8.450e-01, no held-out)
    step   5000  train 7.696e-01  (avg 7.866e-01, no held-out)
    step   6000  train 7.192e-01  (avg 7.408e-01, no held-out)
    step   7000  train 6.844e-01  (avg 7.061e-01, no held-out)
    step   8000  train 6.750e-01  (avg 6.761e-01, no held-out)
    step   9000  train 6.435e-01  (avg 6.516e-01, no held-out)
    step  10000  train 6.123e-01  (avg 6.299e-01, no held-out)
    final weights kept (best heldout inf at step 0)
    RESOURCES slice 21: peak_gpu_MB 12480 params 5531216 best_heldout inf
wandb: updating run metadata
wandb: 
wandb: Run history:
wandb:     coef_tv ▁▁▁▁▁▁▁▁▁▁
wandb:    delay_tv ▁▁▁▁▁▁▁▁▁▁
wandb:        loss █▆▅▄▃▂▂▂▁▁
wandb:          lr ▁▁▁▁▁▁▁▁▁▁
wandb: peak_gpu_mb ▁▁▁▁▁▁▁▁▁▁
wandb:     support ▄▁▂▂▃▄▅▆▇█
wandb:   train_avg █▃▂▂▂▁▁▁▁▁
wandb:      wall_s ▁▂▃▃▄▅▆▆▇█
wandb: 
wandb: Run summary:
wandb: best_heldout_mse inf
wandb:        best_step 0
wandb:          coef_tv 0
wandb:         delay_tv 0
wandb:             loss 0.61235
wandb:               lr 1e-05
wandb:           params 5531216
wandb:      peak_gpu_mb 12479.84326
wandb:          support 0.02263
wandb:        train_avg 0.62989
wandb:               +2 ...
wandb: 
wandb: 🚀 View run gnik_tofts8_sl21_s1_s21 at: https://wandb.ai/spshenov-university-of-amsterdam/DCE_NIK/runs/3p9h5w8t
wandb: ⭐️ View project at: https://wandb.ai/spshenov-university-of-amsterdam/DCE_NIK
wandb: Synced 5 W&B file(s), 0 media file(s), 0 artifact file(s) and 0 other file(s)
wandb: Find logs at: results/tofts_vs_patlak/peak_levers/supfast20/tofts8_sl21_s1/wandb_runs/wandb/run-20261008_185752-3p9h5w8t/logs
slice 21  nik (192, 192, 342)  (3878s)  vs CS: corr 0.958  nrmse 0.209
done 3879s -> results/tofts_vs_patlak/peak_levers/supfast20/tofts8_sl21_s1
[W1008 20:02:29.104718896 AllocatorConfig.cpp:28] Warning: PYTORCH_CUDA_ALLOC_CONF is deprecated, use PYTORCH_ALLOC_CONF instead (function operator())
2026-10-08 20:02:29 TRAIN_DONE supfast20 s1 exit 0
