2026-10-08 20:39:47 host gpu03.cluster job 3502938 task 4 stage train
GPU 0: NVIDIA H100 NVL (UUID: GPU-ba65053c-72ed-1c58-80be-07549e6f1e8a)
  MIG 2g.24gb     Device  0: (UUID: MIG-f328f7be-cd56-503a-9bd5-4e010efe4fe5)
GPU 1: NVIDIA H100 NVL (UUID: GPU-eaa03982-4105-4fd4-05b4-dfe14a5475f9)
GPU 2: NVIDIA H100 NVL (UUID: GPU-c8d1c94c-c938-e03b-b589-eac076bd5f3f)
GPU 3: NVIDIA H100 NVL (UUID: GPU-11c2853b-6154-8665-333f-81dc10b2382c)
task 4: tofts8 dly0.1 seed 1 -> results/tofts_vs_patlak/peak_levers/dly0.1/tofts8_sl21_s1
device=cuda
model=wire_ff_tofts h512 d12 w062 | FF k256/2.5 t32/1.5 | dcf_pow 0 env 0.75 | 10000 steps, batch 65536, split 0.7
    spoke-reduction: 1708 acquired spokes, 5246976 samples, heldout=NO (same input as CS)
wandb: [wandb.login()] Loaded credentials for https://api.wandb.ai from /home/P101440/.netrc.
wandb: Currently logged in as: spshenov (spshenov-university-of-amsterdam) to https://api.wandb.ai. Use `wandb login --relogin` to force relogin
wandb: setting up run tj8k9u86
wandb: Tracking run with wandb version 0.25.0
wandb: Run data is saved locally in results/tofts_vs_patlak/peak_levers/dly0.1/tofts8_sl21_s1/wandb_runs/wandb/run-20261008_203951-tj8k9u86
wandb: Run `wandb offline` to turn off syncing.
wandb: Syncing run gnik_tofts8_sl21_s1_s21
wandb: ⭐️ View project at https://wandb.ai/spshenov-university-of-amsterdam/DCE_NIK
wandb: 🚀 View run at https://wandb.ai/spshenov-university-of-amsterdam/DCE_NIK/runs/tj8k9u86
[wandb] gnik_tofts8_sl21_s1_s21: mode online
    [coef-tv] grid 384 every 32 weight 0 delta 0.1
/net/beegfs/users/P101440/DCE_NIK/train_grasp_nik.py:424: UserWarning: Converting a tensor with requires_grad=True to a scalar may lead to unexpected behavior.
Consider using tensor.detach() first. (Triggered internally at /pytorch/torch/csrc/autograd/generated/python_variable_methods.cpp:836.)
  _tr_sum += float(loss); _tr_n += 1
    [support] mask orientation rot180 (inside-energy fractions now, untrained model: {'id': 0.815, 'rot180': 0.815, 'fliplr': 0.815, 'flipud': 0.814})
    step   1000  train 1.120e+00  (avg 2.244e+00, no held-out)
    step   2000  train 9.723e-01  (avg 1.016e+00, no held-out)
    step   3000  train 8.762e-01  (avg 9.104e-01, no held-out)
    step   4000  train 8.250e-01  (avg 8.493e-01, no held-out)
    step   5000  train 7.706e-01  (avg 7.890e-01, no held-out)
    step   6000  train 7.191e-01  (avg 7.405e-01, no held-out)
    step   7000  train 6.838e-01  (avg 7.044e-01, no held-out)
    step   8000  train 6.696e-01  (avg 6.733e-01, no held-out)
    step   9000  train 6.410e-01  (avg 6.475e-01, no held-out)
    step  10000  train 6.046e-01  (avg 6.256e-01, no held-out)
    final weights kept (best heldout inf at step 0)
    RESOURCES slice 21: peak_gpu_MB 12480 params 5531216 best_heldout inf
wandb: updating run metadata
wandb: uploading wandb-summary.json; uploading config.yaml; uploading output.log
wandb: 
wandb: Run history:
wandb:     coef_tv ▁▁▁▁▁▁▁▁▁▁
wandb:    delay_tv ▁▃▆▇▇█████
wandb:        loss █▆▅▄▃▃▂▂▁▁
wandb:          lr ▁▁▁▁▁▁▁▁▁▁
wandb: peak_gpu_mb ▁▁▁▁▁▁▁▁▁▁
wandb:     support ▂▁▂▃▄▅▆▇▇█
wandb:   train_avg █▃▂▂▂▁▁▁▁▁
wandb:      wall_s ▁▂▃▃▄▅▆▆▇█
wandb: 
wandb: Run summary:
wandb: best_heldout_mse inf
wandb:        best_step 0
wandb:          coef_tv 0
wandb:         delay_tv 0.00666
wandb:             loss 0.60463
wandb:               lr 1e-05
wandb:           params 5531216
wandb:      peak_gpu_mb 12479.84326
wandb:          support 0.02962
wandb:        train_avg 0.62556
wandb:               +2 ...
wandb: 
wandb: 🚀 View run gnik_tofts8_sl21_s1_s21 at: https://wandb.ai/spshenov-university-of-amsterdam/DCE_NIK/runs/tj8k9u86
wandb: ⭐️ View project at: https://wandb.ai/spshenov-university-of-amsterdam/DCE_NIK
wandb: Synced 5 W&B file(s), 0 media file(s), 0 artifact file(s) and 0 other file(s)
wandb: Find logs at: results/tofts_vs_patlak/peak_levers/dly0.1/tofts8_sl21_s1/wandb_runs/wandb/run-20261008_203951-tj8k9u86/logs
slice 21  nik (192, 192, 342)  (3862s)  vs CS: corr 0.959  nrmse 0.209
done 3863s -> results/tofts_vs_patlak/peak_levers/dly0.1/tofts8_sl21_s1
[W1008 21:44:11.194576020 AllocatorConfig.cpp:28] Warning: PYTORCH_CUDA_ALLOC_CONF is deprecated, use PYTORCH_ALLOC_CONF instead (function operator())
2026-10-08 21:44:12 TRAIN_DONE dly0.1 s1 exit 0
