2026-10-09 01:11:47 host gpu03.cluster job 3507785 task 2 stage train
GPU 0: NVIDIA H100 NVL (UUID: GPU-ba65053c-72ed-1c58-80be-07549e6f1e8a)
GPU 1: NVIDIA H100 NVL (UUID: GPU-eaa03982-4105-4fd4-05b4-dfe14a5475f9)
GPU 2: NVIDIA H100 NVL (UUID: GPU-c8d1c94c-c938-e03b-b589-eac076bd5f3f)
  MIG 2g.24gb     Device  0: (UUID: MIG-bbe93c91-7dfa-5181-9573-fffd3e3ea5ce)
GPU 3: NVIDIA H100 NVL (UUID: GPU-11c2853b-6154-8665-333f-81dc10b2382c)
task 2: patlak + 13 free, p14 slice 21 -> results/tofts_vs_patlak/p14/aif_feat/sub16_sl21_s0
device=cuda
model=wire_ff_patlak h512 d12 w062 | FF k256/5 t32/1.5 | dcf_pow 0 env 0.75 | 10000 steps, batch 65536, split 0.7
    spoke-reduction: 2157 acquired spokes, 8835072 samples, heldout=NO (same input as CS)
wandb: [wandb.login()] Loaded credentials for https://api.wandb.ai from /home/P101440/.netrc.
wandb: Currently logged in as: spshenov (spshenov-university-of-amsterdam) to https://api.wandb.ai. Use `wandb login --relogin` to force relogin
wandb: setting up run heb459m8
wandb: Tracking run with wandb version 0.25.0
wandb: Run data is saved locally in results/tofts_vs_patlak/p14/aif_feat/sub16_sl21_s0/wandb_runs/wandb/run-20261009_011153-heb459m8
wandb: Run `wandb offline` to turn off syncing.
wandb: Syncing run gnik_sub16_sl21_s0_s21
wandb: ⭐️ View project at https://wandb.ai/spshenov-university-of-amsterdam/DCE_NIK
wandb: 🚀 View run at https://wandb.ai/spshenov-university-of-amsterdam/DCE_NIK/runs/heb459m8
[wandb] gnik_sub16_sl21_s0_s21: mode online
    [coef-tv] grid 512 every 32 weight 0 delta 0.1
/net/beegfs/users/P101440/DCE_NIK/train_grasp_nik.py:424: UserWarning: Converting a tensor with requires_grad=True to a scalar may lead to unexpected behavior.
Consider using tensor.detach() first. (Triggered internally at /pytorch/torch/csrc/autograd/generated/python_variable_methods.cpp:836.)
  _tr_sum += float(loss); _tr_n += 1
    [support] mask orientation rot180 (inside-energy fractions now, untrained model: {'id': 0.813, 'rot180': 0.813, 'fliplr': 0.812, 'flipud': 0.812})
    step   1000  train 1.053e+00  (avg 1.698e+00, no held-out)
    step   2000  train 7.431e-01  (avg 9.523e-01, no held-out)
    step   3000  train 5.202e-01  (avg 5.934e-01, no held-out)
    step   4000  train 4.797e-01  (avg 4.946e-01, no held-out)
    step   5000  train 4.495e-01  (avg 4.596e-01, no held-out)
    step   6000  train 4.270e-01  (avg 4.383e-01, no held-out)
    step   7000  train 4.214e-01  (avg 4.237e-01, no held-out)
    step   8000  train 4.054e-01  (avg 4.140e-01, no held-out)
    step   9000  train 3.967e-01  (avg 4.057e-01, no held-out)
    step  10000  train 3.943e-01  (avg 3.999e-01, no held-out)
    final weights kept (best heldout inf at step 0)
    RESOURCES slice 21: peak_gpu_MB 12868 params 5557626 best_heldout inf
wandb: updating run metadata
wandb: uploading history steps 9-9, summary, console lines 17-17
wandb: 
wandb: Run history:
wandb:     coef_tv ▁▁▁▁▁▁▁▁▁▁
wandb:    delay_tv ▁▁▁▁▁▁▁▁▁▁
wandb:        loss █▅▂▂▂▁▁▁▁▁
wandb:          lr ▁▁▁▁▁▁▁▁▁▁
wandb: peak_gpu_mb ▁▁▁▁▁▁▁▁▁▁
wandb:     support █▅▃▂▂▁▁▁▁▁
wandb:   train_avg █▄▂▂▁▁▁▁▁▁
wandb:      wall_s ▁▂▃▃▄▅▆▆▇█
wandb: 
wandb: Run summary:
wandb: best_heldout_mse inf
wandb:        best_step 0
wandb:          coef_tv 0
wandb:         delay_tv 0
wandb:             loss 0.39434
wandb:               lr 1e-05
wandb:           params 5557626
wandb:      peak_gpu_mb 12868.24805
wandb:          support 0.00217
wandb:        train_avg 0.39994
wandb:               +2 ...
wandb: 
wandb: 🚀 View run gnik_sub16_sl21_s0_s21 at: https://wandb.ai/spshenov-university-of-amsterdam/DCE_NIK/runs/heb459m8
wandb: ⭐️ View project at: https://wandb.ai/spshenov-university-of-amsterdam/DCE_NIK
wandb: Synced 5 W&B file(s), 0 media file(s), 0 artifact file(s) and 0 other file(s)
wandb: Find logs at: results/tofts_vs_patlak/p14/aif_feat/sub16_sl21_s0/wandb_runs/wandb/run-20261009_011153-heb459m8/logs
slice 21  nik (256, 256, 431)  (5788s)  vs CS: corr 0.961  nrmse 0.187
done 5789s -> results/tofts_vs_patlak/p14/aif_feat/sub16_sl21_s0
[W1009 02:48:19.741610347 AllocatorConfig.cpp:28] Warning: PYTORCH_CUDA_ALLOC_CONF is deprecated, use PYTORCH_ALLOC_CONF instead (function operator())
2026-10-09 02:48:19 TRAIN_DONE patlak13 p14 sl21 exit 0
