== results/tofts_vs_patlak/basis_sl21_r8.log
aif aif_slice21.npz sha 48b34346c4f46eca | dict 4000 | test 2000 | svd kept 26 | mode linear-signal-proxy
rank extras    total    first     wash  energy
   8      5   0.0131   0.0285   0.0069  0.9984
SELECTED rank 8 (NONE meets first<=0.01 wash<=0.01; fallback=max)
SAVED results/tofts_vs_patlak/basis_sl21_r8_tmp.npz atoms (342, 8)
BASIS_DONE
[W909 22:55:35.772412560 AllocatorConfig.cpp:28] Warning: PYTORCH_CUDA_ALLOC_CONF is deprecated, use PYTORCH_ALLOC_CONF instead (function operator())

== restored best per run (old array logs: i = slice_idx*6 + model_idx*3 + seed; slices 18,19,21; patlak,tofts)
invivo_3103545_0.log                     restored best (heldout 5.873e-01)  best_step 1000
invivo_3103545_1.log                     restored best (heldout 5.950e-01)  best_step 1000
invivo_3103545_10.log                    restored best (heldout 5.358e-01)  best_step 2000
invivo_3103545_11.log                    restored best (heldout 5.329e-01)  best_step 2000
invivo_3103545_12.log                    restored best (heldout 6.206e-01)  best_step 1000
invivo_3103545_13.log                    restored best (heldout 6.313e-01)  best_step 1000
invivo_3103545_14.log                    restored best (heldout 6.299e-01)  best_step 1000
invivo_3103545_15.log                    restored best (heldout 5.616e-01)  best_step 2000
invivo_3103545_16.log                    restored best (heldout 5.698e-01)  best_step 1000
invivo_3103545_17.log                    restored best (heldout 5.647e-01)  best_step 2000
invivo_3103545_2.log                     restored best (heldout 5.889e-01)  best_step 1000
invivo_3103545_3.log                     restored best (heldout 5.896e-01)  best_step 2000
invivo_3103545_4.log                     restored best (heldout 5.945e-01)  best_step 2000
invivo_3103545_5.log                     restored best (heldout 5.895e-01)  best_step 2000
invivo_3103545_6.log                     restored best (heldout 5.127e-01)  best_step 1000
invivo_3103545_7.log                     restored best (heldout 5.155e-01)  best_step 2000
invivo_3103545_8.log                     restored best (heldout 5.096e-01)  best_step 2000
invivo_3103545_9.log                     restored best (heldout 5.353e-01)  best_step 2000
invivo_early.log                           best_step 
invivo_final.log                           best_step 

== heldout trajectory, slice 21 runs (i=12..17), every 8th eval
-- invivo_3103545_12.log
step   1000  train 6.875e-01  heldout 6.001e-01
step   2000  train 5.758e-01  heldout 6.206e-01
step   8000  train 4.088e-01  heldout 6.996e-01
step  16000  train 3.448e-01  heldout 7.543e-01
step  24000  train 3.213e-01  heldout 7.863e-01
step  32000  train 2.959e-01  heldout 8.021e-01
step  40000  train 2.142e-01  heldout 8.753e-01
-- invivo_3103545_13.log
step   1000  train 6.869e-01  heldout 6.060e-01
step   2000  train 5.674e-01  heldout 6.313e-01
step   8000  train 4.032e-01  heldout 7.210e-01
step  16000  train 3.301e-01  heldout 7.746e-01
step  24000  train 3.069e-01  heldout 8.008e-01
step  32000  train 2.884e-01  heldout 8.201e-01
step  40000  train 2.038e-01  heldout 8.814e-01
-- invivo_3103545_14.log
step   1000  train 6.864e-01  heldout 6.049e-01
step   2000  train 5.719e-01  heldout 6.299e-01
step   8000  train 4.064e-01  heldout 7.097e-01
step  16000  train 3.430e-01  heldout 7.669e-01
step  24000  train 3.145e-01  heldout 7.990e-01
step  32000  train 2.892e-01  heldout 8.209e-01
step  40000  train 2.132e-01  heldout 8.800e-01
-- invivo_3103545_15.log
step   1000  train 7.846e-01  heldout 5.685e-01
step   2000  train 5.768e-01  heldout 5.616e-01
step   8000  train 3.155e-01  heldout 6.683e-01
step  16000  train 2.507e-01  heldout 6.990e-01
step  24000  train 2.245e-01  heldout 7.088e-01
step  32000  train 2.135e-01  heldout 7.148e-01
step  40000  train 1.372e-01  heldout 7.477e-01
-- invivo_3103545_16.log
step   1000  train 7.660e-01  heldout 5.688e-01
step   2000  train 5.328e-01  heldout 5.698e-01
step   8000  train 2.901e-01  heldout 6.740e-01
step  16000  train 2.268e-01  heldout 7.013e-01
step  24000  train 2.043e-01  heldout 7.126e-01
step  32000  train 1.994e-01  heldout 7.190e-01
step  40000  train 1.291e-01  heldout 7.516e-01
-- invivo_3103545_17.log
step   1000  train 7.538e-01  heldout 5.675e-01
step   2000  train 5.430e-01  heldout 5.647e-01
step   8000  train 3.071e-01  heldout 6.661e-01
step  16000  train 2.358e-01  heldout 6.988e-01
step  24000  train 2.120e-01  heldout 7.101e-01
step  32000  train 1.908e-01  heldout 7.154e-01
step  40000  train 1.316e-01  heldout 7.479e-01
