16:07:15
       JOBID           NAME ST      TIME NODELIST(REASON)
     3471573   helios-agent PD      0:00 (Dependency)
     3467429   helios-agent  R   4:24:28 worker02
   3473216_0      k100_eval PD      0:00 (Dependency)
   3472661_1           k100 PD      0:00 (MaxGRESPerAccount)
   3472661_2           k100 PD      0:00 (MaxGRESPerAccount)
   3472661_3           k100 PD      0:00 (MaxGRESPerAccount)
   3472661_4           k100 PD      0:00 (MaxGRESPerAccount)
   3473114_0         freets PD      0:00 (MaxGRESPerAccount)
   3473114_1         freets PD      0:00 (MaxGRESPerAccount)
   3473114_2         freets PD      0:00 (MaxGRESPerAccount)
   3471852_0  dlyprior_eval PD      0:00 (Dependency)
   3472661_0           k100  R      1:28 gpu02
   3471850_2       dlyprior  R     49:11 gpu03
== jobs/log/119_k100_3473215.out
2026-10-06 16:05:48 host gpu02.cluster job 3473215 task 0 stage train
task 0: tofts8 k100 -> results/tofts_vs_patlak/invivo_k100/tofts8_sl21_s0
== jobs/log/118_delay_prior_3471850.out
    step   7000  train 6.334e-01  heldout 5.732e-01
    step   8000  train 5.950e-01  heldout 5.770e-01
== jobs/log/118_delay_prior_3472482.out
    step  10000  train 5.512e-01  heldout 6.149e-01
2026-10-06 15:17:53 TRAIN_DONE dly1 exit 0
== jobs/log/118_delay_prior_3471851.out
    step  10000  train 5.491e-01  heldout 6.210e-01
2026-10-06 14:13:16 TRAIN_DONE dly0.1 exit 0
