22:32:05
       JOBID         NAME ST     TIME NODELIST(REASON)
   3426069_4       sub16t PD     0:00 (QOSMaxGRESPerUser)
   3426069_5       sub16t PD     0:00 (QOSMaxGRESPerUser)
   3426069_6       sub16t PD     0:00 (QOSMaxGRESPerUser)
   3426072_0  sub16t_eval PD     0:00 (Dependency)
   3426069_3       sub16t  R  1:01:17 gpu03
   3426069_2       sub16t  R  1:03:17 gpu03
== jobs/log/104_sub16_tests_3426170.out
    step   9000  train 1.760e-01  heldout 2.877e-01
    step  10000  train 1.861e-01  heldout 2.894e-01
== jobs/log/104_sub16_tests_3426169.out
    step   9000  train 1.723e-01  heldout 2.893e-01
    step  10000  train 1.763e-01  heldout 2.890e-01
== jobs/log/104_sub16_tests_3426070.out
    step  10000  train 2.367e-01  heldout 3.570e-01
2026-10-01 21:30:31 TRAIN_DONE sub16 nowarm exit 0
== jobs/log/104_sub16_tests_3426071.out
    step  10000  train 2.520e-01  heldout 3.650e-01
2026-10-01 21:28:41 TRAIN_DONE sub16 nocap exit 0
