3319010_24 RUNNING 12:35 worker06
3319010_26 RUNNING 12:35 worker06
3319010_27 RUNNING 12:12 worker05
3319010_28 RUNNING 12:12 worker09
3319010_29 RUNNING 12:05 worker09
3319010_30 RUNNING 11:35 worker06
3319010_31 RUNNING 11:35 worker08
3319010_32 RUNNING 11:05 worker08
3319010_33 RUNNING 10:35 worker03
3319010_34 RUNNING 10:05 worker07
3319010_35 RUNNING 10:05 worker04
3319010_36 RUNNING 9:05 worker02
3319010_37 RUNNING 8:35 worker03
3319010_38 RUNNING 8:35 worker02
3319010_39 RUNNING 8:05 worker05
3319010_40 RUNNING 8:05 worker04
3319010_41 RUNNING 8:05 worker05
3319010_42 RUNNING 7:35 worker03
3319010_43 RUNNING 7:12 worker04
3319010_44 RUNNING 6:05 worker07
3319010_45 RUNNING 5:35 worker07
3319010_46 RUNNING 5:35 worker01
3319010_47 RUNNING 5:25 worker08
3319010_[48-53%24] PENDING 0:00 
3319011 PENDING 0:00 
3319010_0     COMPLETED   00:12:06      0:0 
3319010_1     COMPLETED   00:18:44      0:0 
3319010_2     COMPLETED   00:15:53      0:0 
3319010_3     COMPLETED   00:16:45      0:0 
3319010_4     COMPLETED   00:13:38      0:0 
3319010_5     COMPLETED   00:16:35      0:0 
3319010_6     COMPLETED   00:15:36      0:0 
3319010_7     COMPLETED   00:12:38      0:0 
3319010_8     COMPLETED   00:16:39      0:0 
3319010_9     COMPLETED   00:13:12      0:0 
3319010_10    COMPLETED   00:18:51      0:0 
3319010_11    COMPLETED   00:16:48      0:0 
3319010_12    COMPLETED   00:14:36      0:0 
3319010_13    COMPLETED   00:12:55      0:0 
3319010_14    COMPLETED   00:15:55      0:0 
3319010_15    COMPLETED   00:12:12      0:0 
3319010_16    COMPLETED   00:12:47      0:0 
3319010_17    COMPLETED   00:12:37      0:0 
3319010_18    COMPLETED   00:11:54      0:0 
3319010_19    COMPLETED   00:14:27      0:0 
3319010_20    COMPLETED   00:14:00      0:0 
3319010_21    COMPLETED   00:17:34      0:0 
3319010_22    COMPLETED   00:19:08      0:0 
3319010_23    COMPLETED   00:18:49      0:0 
3319010_25    COMPLETED   00:12:32      0:0 
glam0.02: 39 slices
glam0.08: 25 slices
glam0.25: 54 slices
task 0 log 14:29:46 20 lines:   ite = 8, cost = 0.000015
task 5 log 14:29:46 19 lines:   ite = 4, cost = 0.000033
task 12 log 14:29:46 19 lines:   ite = 4, cost = 0.000061
task 23 log 14:29:46 13 lines:   ite = 1, cost = 0.000078
