== twixtools in torch29
twixtools ok
-- meas_p8_dce.dat
measurements 2
lRadialViews ['2302', '292', '64']
lPartitions ['32', '64']
dSliceResolution ['0.5', '1.0']
lImagesPerSlab ['54', '64']
alTR[0] ['2060', '4660']
adFlipAngleDegree[0] ['18.0', '25.0', '5.0']
alTE[0] ['1680', '710']
lBaseResolution ['192', '64']
dReadoutFOV ['400.0', '500.0']
dPhaseFOV ['400.0', '500.0']
dThickness ['100.0', '200.0', '216.0', '50.0']
lTotalScanTimeSec ['-1', '375', '49']
tSequenceFileName ['"%AdjustSeq%/AdjCoilSensSeq"', '"%SiemensSeq%\\fl3d_vibe"']
lRepetitions []
tPatientName []
FrameOfReference []
tPatientPosition []
-- meas_p3_dce.dat
measurements 2
lRadialViews ['2302', '292', '64']
lPartitions ['32', '64']
dSliceResolution ['0.5', '1.0']
lImagesPerSlab ['54', '64']
alTR[0] ['2060', '4660']
adFlipAngleDegree[0] ['18.0', '25.0', '5.0']
alTE[0] ['1680', '710']
lBaseResolution ['192', '64']
dReadoutFOV ['400.0', '500.0']
dPhaseFOV ['400.0', '500.0']
dThickness ['100.0', '200.0', '216.0', '50.0']
lTotalScanTimeSec ['-1', '375', '49']
tSequenceFileName ['"%AdjustSeq%/AdjCoilSensSeq"', '"%SiemensSeq%\\fl3d_vibe"']
lRepetitions []
tPatientName []
FrameOfReference []
tPatientPosition []
