preview (192, 192, 54)
z  median(body)   p99.5      rel_to_median_slice
 0  2.3551e-05  4.3448e-05  1.08
 1  2.5127e-05  4.7681e-05  1.15
 2  2.5164e-05  5.1234e-05  1.16
 3  2.4295e-05  5.4365e-05  1.12
 4  2.1800e-05  5.7274e-05  1.00
 5  2.0425e-05  5.9526e-05  0.94
 6  1.9920e-05  6.1621e-05  0.92
 7  1.9738e-05  6.2340e-05  0.91
 8  2.0585e-05  6.1268e-05  0.95
 9  2.1738e-05  5.8579e-05  1.00
10  2.2765e-05  5.5152e-05  1.05
11  2.3564e-05  5.4557e-05  1.08
12  2.4179e-05  5.8153e-05  1.11
13  2.4981e-05  6.2813e-05  1.15
14  2.5612e-05  6.7817e-05  1.18
15  2.6248e-05  7.1103e-05  1.21
16  2.6234e-05  7.4435e-05  1.21
17  2.5990e-05  7.7546e-05  1.19
18  2.6018e-05  8.1913e-05  1.20
19  2.6268e-05  8.8333e-05  1.21
20  2.6672e-05  9.3852e-05  1.23
21  2.6751e-05  9.4421e-05  1.23
22  2.6810e-05  9.1832e-05  1.23
23  2.6583e-05  8.7264e-05  1.22
24  2.6661e-05  8.0218e-05  1.22
25  2.6365e-05  7.3373e-05  1.21
26  2.5402e-05  6.9472e-05  1.17
27  2.4566e-05  6.5045e-05  1.13
28  2.3799e-05  6.0421e-05  1.09
29  2.2962e-05  5.4551e-05  1.05
30  2.2395e-05  5.0210e-05  1.03
31  2.1931e-05  4.6366e-05  1.01
32  2.1596e-05  4.6075e-05  0.99
33  2.1136e-05  4.6284e-05  0.97
34  2.0788e-05  4.4808e-05  0.95
35  2.0455e-05  4.2654e-05  0.94
36  1.9891e-05  4.0642e-05  0.91
37  1.9383e-05  3.7761e-05  0.89
38  1.8904e-05  3.5584e-05  0.87
39  1.8545e-05  3.4581e-05  0.85
40  1.8565e-05  3.4679e-05  0.85
41  1.8510e-05  3.4842e-05  0.85
42  1.8295e-05  3.5724e-05  0.84
43  1.8248e-05  3.5923e-05  0.84
44  1.7892e-05  3.5484e-05  0.82
45  1.7374e-05  3.5167e-05  0.80
46  1.7160e-05  3.5108e-05  0.79
47  1.7050e-05  3.5425e-05  0.78
48  1.7068e-05  3.4654e-05  0.78
49  1.6516e-05  3.3170e-05  0.76
50  1.6180e-05  3.1974e-05  0.74
51  1.6013e-05  3.0964e-05  0.74
52  1.5880e-05  3.0268e-05  0.73
53  1.5806e-05  2.8409e-05  0.73

median-of-body profile: min 1.581e-05 (z53), max 2.681e-05 (z22), ratio 1.70
p99.5 profile:          min 2.841e-05 (z53), max 9.442e-05 (z21), ratio 3.32
PROFILE 2.355075e-05,2.512741e-05,2.516360e-05,2.429483e-05,2.180045e-05,2.042498e-05,1.992045e-05,1.973819e-05,2.058464e-05,2.173803e-05,2.276455e-05,2.356438e-05,2.417850e-05,2.498144e-05,2.561162e-05,2.624768e-05,2.623433e-05,2.599022e-05,2.601833e-05,2.626758e-05,2.667169e-05,2.675112e-05,2.680970e-05,2.658316e-05,2.666082e-05,2.636479e-05,2.540210e-05,2.456583e-05,2.379892e-05,2.296195e-05,2.239533e-05,2.193102e-05,2.159587e-05,2.113575e-05,2.078829e-05,2.045547e-05,1.989100e-05,1.938342e-05,1.890427e-05,1.854495e-05,1.856496e-05,1.850982e-05,1.829535e-05,1.824769e-05,1.789152e-05,1.737439e-05,1.715969e-05,1.704982e-05,1.706785e-05,1.651561e-05,1.617987e-05,1.601316e-05,1.587996e-05,1.580631e-05
slice  2: |k| at readout centre 4.6628e-05, den 1.040-1.330, b1 max 1.000
slice 13: |k| at readout centre 8.3836e-05, den 0.837-1.135, b1 max 1.000
slice 27: |k| at readout centre 9.4788e-05, den 0.865-1.123, b1 max 1.000
slice 40: |k| at readout centre 4.2624e-05, den 0.961-1.234, b1 max 1.000
slice 52: |k| at readout centre 4.3435e-05, den 1.025-1.291, b1 max 1.000
